Component: ARM Compiler 5.06 update 7 (build 960) Tool: armlink [4d3601]

==============================================================================

Section Cross References

    main.o(.text) refers to _printf_percent.o(.ARM.Collect$$_printf_percent$$00000000) for _printf_percent
    main.o(.text) refers to _printf_d.o(.ARM.Collect$$_printf_percent$$00000009) for _printf_d
    main.o(.text) refers to _printf_f.o(.ARM.Collect$$_printf_percent$$00000003) for _printf_f
    main.o(.text) refers to _printf_dec.o(.text) for _printf_int_dec
    main.o(.text) refers to printf1.o(x$fpl$printf1) for _printf_fp_dec
    main.o(.text) refers to fmul.o(x$fpl$fmul) for __aeabi_fmul
    main.o(.text) refers to ffix.o(x$fpl$ffix) for __aeabi_f2iz
    main.o(.text) refers to delay.o(.text) for delay_init
    main.o(.text) refers to sys.o(.text) for NVIC_Configuration
    main.o(.text) refers to usart.o(.text) for uart_init
    main.o(.text) refers to adc.o(.text) for Adc1_Init
    main.o(.text) refers to led.o(.text) for LED_Config
    main.o(.text) refers to oled.o(.text) for OLED_Init
    main.o(.text) refers to fflt_clz.o(x$fpl$fflt) for __aeabi_i2f
    main.o(.text) refers to f2d.o(x$fpl$f2d) for __aeabi_f2d
    main.o(.text) refers to noretval__2printf.o(.text) for __2printf
    main.o(.text) refers to main.o(.bss) for V_disbuff
    system_stm32f10x.o(.text) refers to system_stm32f10x.o(.data) for SystemCoreClock
    common.o(.text) refers to stm32f10x_rcc.o(.text) for RCC_APB2PeriphClockCmd
    adc.o(.text) refers to stm32f10x_rcc.o(.text) for RCC_APB2PeriphClockCmd
    adc.o(.text) refers to stm32f10x_gpio.o(.text) for GPIO_Init
    adc.o(.text) refers to stm32f10x_adc.o(.text) for ADC_DeInit
    adc.o(.text) refers to delay.o(.text) for delay_ms
    adc.o(.text) refers to f2d.o(x$fpl$f2d) for __aeabi_f2d
    adc.o(.text) refers to fdiv.o(x$fpl$fdiv) for __aeabi_fdiv
    adc.o(.text) refers to dmul.o(x$fpl$dmul) for __aeabi_dmul
    adc.o(.text) refers to daddsub_clz.o(x$fpl$dsub) for __aeabi_dsub
    adc.o(.text) refers to ddiv.o(x$fpl$ddiv) for __aeabi_ddiv
    adc.o(.text) refers to d2f.o(x$fpl$d2f) for __aeabi_d2f
    oled.o(.text) refers to stm32f10x_gpio.o(.text) for GPIO_SetBits
    oled.o(.text) refers to oled.o(.bss) for OLED_GRAM
    oled.o(.text) refers to oled.o(.constdata) for asc2_0806
    oled.o(.text) refers to stm32f10x_rcc.o(.text) for RCC_APB2PeriphClockCmd
    oled.o(.text) refers to delay.o(.text) for delay_ms
    ht61666_lcd.o(.text) refers to stm32f10x_rcc.o(.text) for RCC_APB2PeriphClockCmd
    ht61666_lcd.o(.text) refers to stm32f10x_gpio.o(.text) for GPIO_Init
    ht61666_lcd.o(.text) refers to delay.o(.text) for delay_ms
    ht61666_lcd.o(.text) refers to ht61666_lcd.o(.bss) for CS0_Src
    ht61666_lcd.o(.text) refers to ht61666_lcd.o(.constdata) for CS0_DevId_Num
    ht61666_lcd.o(.text) refers to ht61666_lcd.o(.data) for Dvice_Init_Flag
    led.o(.text) refers to stm32f10x_rcc.o(.text) for RCC_APB2PeriphClockCmd
    led.o(.text) refers to stm32f10x_gpio.o(.text) for GPIO_Init
    buzzer.o(.text) refers to common.o(.text) for GPIO_Pin_Setting
    startup_stm32f10x_md.o(STACK) refers (Special) to heapauxi.o(.text) for __use_two_region_memory
    startup_stm32f10x_md.o(HEAP) refers (Special) to heapauxi.o(.text) for __use_two_region_memory
    startup_stm32f10x_md.o(RESET) refers (Special) to heapauxi.o(.text) for __use_two_region_memory
    startup_stm32f10x_md.o(RESET) refers to startup_stm32f10x_md.o(STACK) for __initial_sp
    startup_stm32f10x_md.o(RESET) refers to startup_stm32f10x_md.o(.text) for Reset_Handler
    startup_stm32f10x_md.o(RESET) refers to stm32f10x_it.o(.text) for NMI_Handler
    startup_stm32f10x_md.o(RESET) refers to usart.o(.text) for USART1_IRQHandler
    startup_stm32f10x_md.o(.text) refers (Special) to heapauxi.o(.text) for __use_two_region_memory
    startup_stm32f10x_md.o(.text) refers to system_stm32f10x.o(.text) for SystemInit
    startup_stm32f10x_md.o(.text) refers to __main.o(!!!main) for __main
    startup_stm32f10x_md.o(.text) refers to startup_stm32f10x_md.o(HEAP) for Heap_Mem
    startup_stm32f10x_md.o(.text) refers to startup_stm32f10x_md.o(STACK) for Stack_Mem
    stm32f10x_gpio.o(.text) refers to stm32f10x_rcc.o(.text) for RCC_APB2PeriphResetCmd
    stm32f10x_rcc.o(.text) refers to stm32f10x_rcc.o(.data) for APBAHBPrescTable
    stm32f10x_usart.o(.text) refers to stm32f10x_rcc.o(.text) for RCC_APB2PeriphResetCmd
    stm32f10x_adc.o(.text) refers to stm32f10x_rcc.o(.text) for RCC_APB2PeriphResetCmd
    stm32f10x_i2c.o(.text) refers to stm32f10x_rcc.o(.text) for RCC_APB1PeriphResetCmd
    stm32f10x_spi.o(.text) refers to stm32f10x_rcc.o(.text) for RCC_APB2PeriphResetCmd
    stm32f10x_tim.o(.text) refers to stm32f10x_rcc.o(.text) for RCC_APB2PeriphResetCmd
    delay.o(.text) refers to misc.o(.text) for SysTick_CLKSourceConfig
    delay.o(.text) refers to system_stm32f10x.o(.data) for SystemCoreClock
[...]
    rtexit2.o(.ARM.Collect$$rtexit$$00000004) refers to usart.o(.text) for _sys_exit
    rtexit2.o(.ARM.exidx) refers to rtexit2.o(.ARM.Collect$$rtexit$$00000001) for .ARM.Collect$$rtexit$$00000001
    rtexit2.o(.ARM.exidx) refers to rtexit2.o(.ARM.Collect$$rtexit$$00000003) for .ARM.Collect$$rtexit$$00000003
    rtexit2.o(.ARM.exidx) refers to rtexit2.o(.ARM.Collect$$rtexit$$00000004) for .ARM.Collect$$rtexit$$00000004
    _get_argv_nomalloc.o(.text) refers (Special) to hrguard.o(.text) for __heap_region$guard
    _get_argv_nomalloc.o(.text) refers to defsig_rtmem_outer.o(.text) for __rt_SIGRTMEM
    _get_argv_nomalloc.o(.text) refers to sys_command.o(.text) for _sys_command_string
    sys_command.o(.text) refers (Special) to use_no_semi.o(.text) for __I$use$semihosting
    sys_command.o(.text) refers (Special) to indicate_semi.o(.text) for __semihosting_library_function
    defsig_rtmem_outer.o(.text) refers to defsig_rtmem_inner.o(.text) for __rt_SIGRTMEM_inner
    defsig_rtmem_outer.o(.text) refers to defsig_exit.o(.text) for __sig_exit
    defsig_rtmem_formal.o(.text) refers to rt_raise.o(.text) for __rt_raise
    libshutdown.o(.ARM.Collect$$libshutdown$$00000000) refers (Special) to libshutdown2.o(.ARM.Collect$$libshutdown$$00000004) for __rt_lib_shutdown_cpp_1
    libshutdown.o(.ARM.Collect$$libshutdown$$00000000) refers (Special) to libshutdown2.o(.ARM.Collect$$libshutdown$$00000002) for __rt_lib_shutdown_fini_1
    libshutdown.o(.ARM.Collect$$libshutdown$$00000000) refers (Special) to libshutdown2.o(.ARM.Collect$$libshutdown$$00000009) for __rt_lib_shutdown_fp_trap_1
    libshutdown.o(.ARM.Collect$$libshutdown$$00000000) refers (Special) to libshutdown2.o(.ARM.Collect$$libshutdown$$00000011) for __rt_lib_shutdown_heap_1
    libshutdown.o(.ARM.Collect$$libshutdown$$00000000) refers (Special) to libshutdown2.o(.ARM.Collect$$libshutdown$$00000012) for __rt_lib_shutdown_return
    libshutdown.o(.ARM.Collect$$libshutdown$$00000000) refers (Special) to libshutdown2.o(.ARM.Collect$$libshutdown$$0000000C) for __rt_lib_shutdown_signal_1
    libshutdown.o(.ARM.Collect$$libshutdown$$00000000) refers (Special) to libshutdown2.o(.ARM.Collect$$libshutdown$$00000006) for __rt_lib_shutdown_stdio_1
    libshutdown.o(.ARM.Collect$$libshutdown$$00000000) refers (Special) to libshutdown2.o(.ARM.Collect$$libshutdown$$0000000E) for __rt_lib_shutdown_user_alloc_1
    rt_raise.o(.text) refers to __raise.o(.text) for __raise
    rt_raise.o(.text) refers to usart.o(.text) for _sys_exit
    defsig_exit.o(.text) refers to usart.o(.text) for _sys_exit
    defsig_rtmem_inner.o(.text) refers to defsig_general.o(.text) for __default_signal_display
    __raise.o(.text) refers to defsig.o(CL$$defsig) for __default_signal_handler
    defsig_general.o(.text) refers to sys_wrch.o(.text) for _ttywrch
    sys_wrch.o(.text) refers (Special) to use_no_semi.o(.text) for __I$use$semihosting
    sys_wrch.o(.text) refers (Special) to indicate_semi.o(.text) for __semihosting_library_function
    defsig.o(CL$$defsig) refers to defsig_rtmem_inner.o(.text) for __rt_SIGRTMEM_inner
    defsig_abrt_inner.o(.text) refers to defsig_general.o(.text) for __default_signal_display
    defsig_fpe_inner.o(.text) refers to defsig_general.o(.text) for __default_signal_display
    defsig_rtred_inner.o(.text) refers to defsig_general.o(.text) for __default_signal_display
    defsig_stak_inner.o(.text) refers to defsig_general.o(.text) for __default_signal_display
    defsig_pvfn_inner.o(.text) refers to defsig_general.o(.text) for __default_signal_display
    defsig_cppl_inner.o(.text) refers to defsig_general.o(.text) for __default_signal_display
    defsig_segv_inner.o(.text) refers to defsig_general.o(.text) for __default_signal_display
    defsig_other.o(.text) refers to defsig_general.o(.text) for __default_signal_display


==============================================================================

Removing Unused input sections from the image.

    Removing main.o(.data), (24 bytes).
    Removing common.o(.text), (242 bytes).
    Removing oled.o(.data), (256 bytes).
    Removing ht61666_lcd.o(.text), (612 bytes).
    Removing ht61666_lcd.o(.bss), (32 bytes).
    Removing ht61666_lcd.o(.constdata), (13 bytes).
    Removing ht61666_lcd.o(.data), (1 bytes).
    Removing buzzer.o(.text), (76 bytes).
    Removing core_cm3.o(.emb_text), (32 bytes).
    Removing stm32f10x_i2c.o(.text), (1028 bytes).
    Removing stm32f10x_dma.o(.text), (596 bytes).
    Removing stm32f10x_exti.o(.text), (284 bytes).
    Removing stm32f10x_flash.o(.text), (1468 bytes).
    Removing stm32f10x_rtc.o(.text), (328 bytes).
    Removing stm32f10x_spi.o(.text), (780 bytes).
    Removing stm32f10x_tim.o(.text), (3610 bytes).

16 unused section(s) (total 9382 bytes) removed from the image.

==============================================================================

Image Symbol Table

    Local Symbols

    Symbol Name                              Value     Ov Type        Size  Object(Section)

    ../clib/angel/boardlib.s                 0x00000000   Number         0  boardinit1.o ABSOLUTE
    ../clib/angel/boardlib.s                 0x00000000   Number         0  boardinit3.o ABSOLUTE
    ../clib/angel/boardlib.s                 0x00000000   Number         0  boardshut.o ABSOLUTE
    ../clib/angel/boardlib.s                 0x00000000   Number         0  boardinit2.o ABSOLUTE
    ../clib/angel/handlers.s                 0x00000000   Number         0  __scatter_zi.o ABSOLUTE
    ../clib/angel/handlers.s                 0x00000000   Number         0  __scatter_copy.o ABSOLUTE
    ../clib/angel/kernel.s                   0x00000000   Number         0  __rtentry4.o ABSOLUTE
    ../clib/angel/kernel.s                   0x00000000   Number         0  __rtentry2.o ABSOLUTE
    ../clib/angel/kernel.s                   0x00000000   Number         0  rtexit.o ABSOLUTE
    ../clib/angel/kernel.s                   0x00000000   Number         0  rtexit2.o ABSOLUTE
    ../clib/angel/kernel.s                   0x00000000   Number         0  __rtentry.o ABSOLUTE
    ../clib/angel/rt.s                       0x00000000   Number         0  rt_locale_intlibspace.o ABSOLUTE
    ../clib/angel/rt.s                       0x00000000   Number         0  rt_locale.o ABSOLUTE
    ../clib/angel/rt.s                       0x00000000   Number         0  rt_raise.o ABSOLUTE
    ../clib/angel/scatter.s                  0x00000000   Number         0  __scatter.o ABSOLUTE
    ../clib/angel/startup.s                  0x00000000   Number         0  __main.o ABSOLUTE
    ../clib/angel/sys.s                      0x00000000   Number         0  sys_stackheap_outer.o ABSOLUTE
    ../clib/angel/sys.s                      0x00000000   Number         0  use_no_semi_2.o ABSOLUTE
    ../clib/angel/sys.s                      0x00000000   Number         0  indicate_semi.o ABSOLUTE
    ../clib/angel/sys.s                      0x00000000   Number         0  use_no_semi.o ABSOLUTE
    ../clib/angel/sys.s                      0x00000000   Number         0  libspace.o ABSOLUTE
    ../clib/angel/sysapp.c                   0x00000000   Number         0  sys_wrch.o ABSOLUTE
    ../clib/angel/sysapp.c                   0x00000000   Number         0  sys_command.o ABSOLUTE
    ../clib/armsys.c                         0x00000000   Number         0  argv_veneer.o ABSOLUTE
    ../clib/armsys.c                         0x00000000   Number         0  argv_veneer.o ABSOLUTE
    ../clib/armsys.c                         0x00000000   Number         0  _get_argv_nomalloc.o ABSOLUTE
    ../clib/armsys.c                         0x00000000   Number         0  no_argv.o ABSOLUTE
    ../clib/bigflt.c                         0x00000000   Number         0  bigflt0.o ABSOLUTE
    ../clib/btod.s                           0x00000000   Number         0  btod.o ABSOLUTE
    ../clib/heapalloc.c                      0x00000000   Number         0  hrguard.o ABSOLUTE
    ../clib/heapaux.c                        0x00000000   Number         0  heapauxi.o ABSOLUTE
    ../clib/libinit.s                        0x00000000   Number         0  libinit.o ABSOLUTE
    ../clib/libinit.s                        0x00000000   Number         0  libinit2.o ABSOLUTE
    ../clib/libinit.s                        0x00000000   Number         0  libshutdown2.o ABSOLUTE
    ../clib/libinit.s                        0x00000000   Number         0  libshutdown.o ABSOLUTE
    ../clib/locale.s                         0x00000000   Number         0  lc_numeric_c.o ABSOLUTE
    ../clib/longlong.s                       0x00000000   Number         0  lludiv10.o ABSOLUTE
    ../clib/memcpset.s                       0x00000000   Number         0  strcmpv7m.o ABSOLUTE
    ../clib/printf.c                         0x00000000   Number         0  __printf_flags_wp.o ABSOLUTE
    ../clib/printf.c                         0x00000000   Number         0  __printf_ss_wp.o ABSOLUTE
    ../clib/printf.c                         0x00000000   Number         0  __printf_nopercent.o ABSOLUTE
    ../clib/printf.c                         0x00000000   Number         0  _printf_intcommon.o ABSOLUTE
    ../clib/printf.c                         0x00000000   Number         0  _printf_fp_dec.o ABSOLUTE
    ../clib/printf.c                         0x00000000   Number         0  _printf_fp_infnan.o ABSOLUTE
    ../clib/printf.c                         0x00000000   Number         0  _printf_char_file.o ABSOLUTE
    ../clib/printf.c                         0x00000000   Number         0  _printf_char_common.o ABSOLUTE
    ../clib/printf.c                         0x00000000   Number         0  __printf_flags_ss_wp.o ABSOLUTE
    ../clib/printf.c                         0x00000000   Number         0  __2printf.o ABSOLUTE
    ../clib/printf.c                         0x00000000   Number         0  __printf.o ABSOLUTE
    ../clib/printf.c                         0x00000000   Number         0  noretval__2printf.o ABSOLUTE
    ../clib/printf.c                         0x00000000   Number         0  _printf_dec.o ABSOLUTE
    ../clib/printf.c                         0x00000000   Number         0  __printf_flags.o ABSOLUTE
    ../clib/printf.c                         0x00000000   Number         0  __printf_ss.o ABSOLUTE
    ../clib/printf.c                         0x00000000   Number         0  __printf_flags_ss.o ABSOLUTE
    ../clib/printf.c                         0x00000000   Number         0  __printf_wp.o ABSOLUTE
    ../clib/printf_percent.s                 0x00000000   Number         0  _printf_f.o ABSOLUTE
    ../clib/printf_percent.s                 0x00000000   Number         0  _printf_percent.o ABSOLUTE
    ../clib/printf_percent.s                 0x00000000   Number         0  _printf_percent_end.o ABSOLUTE
    ../clib/printf_percent.s                 0x00000000   Number         0  _printf_d.o ABSOLUTE
    ../clib/signal.c                         0x00000000   Number         0  defsig_other.o ABSOLUTE
    ../clib/signal.c                         0x00000000   Number         0  __raise.o ABSOLUTE
    ../clib/signal.c                         0x00000000   Number         0  defsig_abrt_inner.o ABSOLUTE
    ../clib/signal.c                         0x00000000   Number         0  defsig_general.o ABSOLUTE
    ../clib/signal.c                         0x00000000   Number         0  defsig_rtmem_formal.o ABSOLUTE
    ../clib/signal.c                         0x00000000   Number         0  defsig_exit.o ABSOLUTE
    ../clib/signal.c                         0x00000000   Number         0  defsig_stak_inner.o ABSOLUTE
    ../clib/signal.c                         0x00000000   Number         0  defsig_rtmem_outer.o ABSOLUTE
    ../clib/signal.c                         0x00000000   Number         0  defsig_rtred_inner.o ABSOLUTE
    ../clib/signal.c                         0x00000000   Number         0  defsig_segv_inner.o ABSOLUTE
    ../clib/signal.c                         0x00000000   Number         0  defsig_cppl_inner.o ABSOLUTE
    ../clib/signal.c                         0x00000000   Number         0  defsig_pvfn_inner.o ABSOLUTE
    ../clib/signal.c                         0x00000000   Number         0  defsig_fpe_inner.o ABSOLUTE
    ../clib/signal.c                         0x00000000   Number         0  defsig_rtmem_inner.o ABSOLUTE
    ../clib/signal.s                         0x00000000   Number         0  defsig.o ABSOLUTE
    ../clib/stdio.c                          0x00000000   Number         0  ferror_locked.o ABSOLUTE
    ../clib/stdio.c                          0x00000000   Number         0  ferror.o ABSOLUTE
    ../clib/stdlib.c                         0x00000000   Number         0  exit.o ABSOLUTE
    ../fplib/d2f.s                           0x00000000   Number         0  d2f.o ABSOLUTE
    ../fplib/daddsub.s                       0x00000000   Number         0  daddsub_clz.o ABSOLUTE
    ../fplib/ddiv.s                          0x00000000   Number         0  ddiv.o ABSOLUTE
    ../fplib/dmul.s                          0x00000000   Number         0  dmul.o ABSOLUTE
    ../fplib/dnaninf.s                       0x00000000   Number         0  dnaninf.o ABSOLUTE
    ../fplib/dretinf.s                       0x00000000   Number         0  dretinf.o ABSOLUTE
    ../fplib/f2d.s                           0x00000000   Number         0  f2d.o ABSOLUTE
    ../fplib/fdiv.s                          0x00000000   Number         0  fdiv.o ABSOLUTE
    ../fplib/ffix.s                          0x00000000   Number         0  ffix.o ABSOLUTE
    ../fplib/fflt.s                          0x00000000   Number         0  fflt_clz.o ABSOLUTE
    ../fplib/fmul.s                          0x00000000   Number         0  fmul.o ABSOLUTE
    ../fplib/fnaninf.s                       0x00000000   Number         0  fnaninf.o ABSOLUTE
    ../fplib/fpinit.s                        0x00000000   Number         0  fpinit.o ABSOLUTE
    ../fplib/fretinf.s                       0x00000000   Number         0  fretinf.o ABSOLUTE
    ../fplib/istatus.s                       0x00000000   Number         0  istatus.o ABSOLUTE
    ../fplib/printf1.s                       0x00000000   Number         0  printf1.o ABSOLUTE
    ../fplib/usenofp.s                       0x00000000   Number         0  usenofp.o ABSOLUTE
    ../mathlib/fpclassify.c                  0x00000000   Number         0  fpclassify.o ABSOLUTE
    ..\CORE\core_cm3.c                       0x00000000   Number         0  core_cm3.o ABSOLUTE
    ..\CORE\startup_stm32f10x_md.s           0x00000000   Number         0  startup_stm32f10x_md.o ABSOLUTE
    ..\MyCode\ADC\adc.c                      0x00000000   Number         0  adc.o ABSOLUTE
    ..\MyCode\BUZ\buzzer.c                   0x00000000   Number         0  buzzer.o ABSOLUTE
    ..\MyCode\LCD\HT61666_LCD.c              0x00000000   Number         0  ht61666_lcd.o ABSOLUTE
    ..\MyCode\led\LED.c                      0x00000000   Number         0  led.o ABSOLUTE
    ..\MyCode\oled.c                         0x00000000   Number         0  oled.o ABSOLUTE
    ..\STM32_FWLIB\src\misc.c                0x00000000   Number         0  misc.o ABSOLUTE
    ..\STM32_FWLIB\src\stm32f10x_adc.c       0x00000000   Number         0  stm32f10x_adc.o ABSOLUTE
    ..\STM32_FWLIB\src\stm32f10x_dma.c       0x00000000   Number         0  stm32f10x_dma.o ABSOLUTE
    ..\STM32_FWLIB\src\stm32f10x_exti.c      0x00000000   Number         0  stm32f10x_exti.o ABSOLUTE
    ..\STM32_FWLIB\src\stm32f10x_flash.c     0x00000000   Number         0  stm32f10x_flash.o ABSOLUTE
    ..\STM32_FWLIB\src\stm32f10x_gpio.c      0x00000000   Number         0  stm32f10x_gpio.o ABSOLUTE
    ..\STM32_FWLIB\src\stm32f10x_i2c.c       0x00000000   Number         0  stm32f10x_i2c.o ABSOLUTE
    ..\STM32_FWLIB\src\stm32f10x_rcc.c       0x00000000   Number         0  stm32f10x_rcc.o ABSOLUTE
    ..\STM32_FWLIB\src\stm32f10x_rtc.c       0x00000000   Number         0  stm32f10x_rtc.o ABSOLUTE
    ..\STM32_FWLIB\src\stm32f10x_spi.c       0x00000000   Number         0  stm32f10x_spi.o ABSOLUTE
    ..\STM32_FWLIB\src\stm32f10x_tim.c       0x00000000   Number         0  stm32f10x_tim.o ABSOLUTE
    ..\STM32_FWLIB\src\stm32f10x_usart.c     0x00000000   Number         0  stm32f10x_usart.o ABSOLUTE
    ..\SYSTEM\delay\delay.c                  0x00000000   Number         0  delay.o ABSOLUTE
    ..\SYSTEM\sys\sys.c                      0x00000000   Number         0  sys.o ABSOLUTE
    ..\SYSTEM\usart\usart.c                  0x00000000   Number         0  usart.o ABSOLUTE
    ..\\CORE\\core_cm3.c                     0x00000000   Number         0  core_cm3.o ABSOLUTE
    common.c                                 0x00000000   Number         0  common.o ABSOLUTE
    dc.s                                     0x00000000   Number         0  dc.o ABSOLUTE
    main.c                                   0x00000000   Number         0  main.o ABSOLUTE
    stm32f10x_it.c                           0x00000000   Number         0  stm32f10x_it.o ABSOLUTE
    system_stm32f10x.c                       0x00000000   Number         0  system_stm32f10x.o ABSOLUTE
    RESET                                    0x08010000   Section      236  startup_stm32f10x_md.o(RESET)
    !!!main                                  0x080100ec   Section        8  __main.o(!!!main)
    !!!scatter                               0x080100f4   Section       52  __scatter.o(!!!scatter)
    !!handler_copy                           0x08010128   Section       26  __scatter_copy.o(!!handler_copy)
    !!handler_zi                             0x08010144   Section       28  __scatter_zi.o(!!handler_zi)
    .ARM.Collect$$_printf_percent$$00000000  0x08010160   Section        0  _printf_percent.o(.ARM.Collect$$_printf_percent$$00000000)
    .ARM.Collect$$_printf_percent$$00000003  0x08010160   Section        6  _printf_f.o(.ARM.Collect$$_printf_percent$$00000003)
    .ARM.Collect$$_printf_percent$$00000009  0x08010166   Section        6  _printf_d.o(.ARM.Collect$$_printf_percent$$00000009)
    .ARM.Collect$$_printf_percent$$00000017  0x0801016c   Section        4  _printf_percent_end.o(.ARM.Collect$$_printf_percent$$00000017)
    .ARM.Collect$$libinit$$00000000          0x08010170   Section        2  libinit.o(.ARM.Collect$$libinit$$00000000)
    .ARM.Collect$$libinit$$00000002          0x08010172   Section        0  libinit2.o(.ARM.Collect$$libinit$$00000002)
    .ARM.Collect$$libinit$$00000004          0x08010172   Section        0  libinit2.o(.ARM.Collect$$libinit$$00000004)
    .ARM.Collect$$libinit$$0000000A          0x08010172   Section        0  libinit2.o(.ARM.Collect$$libinit$$0000000A)
    .ARM.Collect$$libinit$$0000000C          0x08010172   Section        0  libinit2.o(.ARM.Collect$$libinit$$0000000C)
    .ARM.Collect$$libinit$$0000000E          0x08010172   Section        0  libinit2.o(.ARM.Collect$$libinit$$0000000E)
    .ARM.Collect$$libinit$$0000000F          0x08010172   Section        6  libinit2.o(.ARM.Collect$$libinit$$0000000F)
    .ARM.Collect$$libinit$$00000011          0x08010178   Section        0  libinit2.o(.ARM.Collect$$libinit$$00000011)
    .ARM.Collect$$libinit$$00000013          0x08010178   Section        0  libinit2.o(.ARM.Collect$$libinit$$00000013)
    .ARM.Collect$$libinit$$00000015          0x08010178   Section        0  libinit2.o(.ARM.Collect$$libinit$$00000015)
    .ARM.Collect$$libinit$$00000016          0x08010178   Section       10  libinit2.o(.ARM.Collect$$libinit$$00000016)
    .ARM.Collect$$libinit$$00000017          0x08010182   Section        0  libinit2.o(.ARM.Collect$$libinit$$00000017)
    .ARM.Collect$$libinit$$00000019          0x08010182   Section        0  libinit2.o(.ARM.Collect$$libinit$$00000019)
    .ARM.Collect$$libinit$$0000001B          0x08010182   Section        0  libinit2.o(.ARM.Collect$$libinit$$0000001B)
    .ARM.Collect$$libinit$$0000001D          0x08010182   Section        0  libinit2.o(.ARM.Collect$$libinit$$0000001D)
    .ARM.Collect$$libinit$$0000001F          0x08010182   Section        0  libinit2.o(.ARM.Collect$$libinit$$0000001F)
    .ARM.Collect$$libinit$$00000021          0x08010182   Section        0  libinit2.o(.ARM.Collect$$libinit$$00000021)
    .ARM.Collect$$libinit$$00000023          0x08010182   Section        0  libinit2.o(.ARM.Collect$$libinit$$00000023)
    .ARM.Collect$$libinit$$00000025          0x08010182   Section        0  libinit2.o(.ARM.Collect$$libinit$$00000025)
    .ARM.Collect$$libinit$$0000002C          0x08010182   Section        0  libinit2.o(.ARM.Collect$$libinit$$0000002C)
    .ARM.Collect$$libinit$$0000002E          0x08010182   Section        0  libinit2.o(.ARM.Collect$$libinit$$0000002E)
    .ARM.Collect$$libinit$$00000030          0x08010182   Section        0  libinit2.o(.ARM.Collect$$libinit$$00000030)
    .ARM.Collect$$libinit$$00000032          0x08010182   Section        0  libinit2.o(.ARM.Collect$$libinit$$00000032)
    .ARM.Collect$$libinit$$00000033          0x08010182   Section        2  libinit2.o(.ARM.Collect$$libinit$$00000033)
    .ARM.Collect$$libshutdown$$00000000      0x08010184   Section        2  libshutdown.o(.ARM.Collect$$libshutdown$$00000000)
    .ARM.Collect$$libshutdown$$00000002      0x08010186   Section        0  libshutdown2.o(.ARM.Collect$$libshutdown$$00000002)
    .ARM.Collect$$libshutdown$$00000004      0x08010186   Section        0  libshutdown2.o(.ARM.Collect$$libshutdown$$00000004)
    .ARM.Collect$$libshutdown$$00000006      0x08010186   Section        0  libshutdown2.o(.ARM.Collect$$libshutdown$$00000006)
    .ARM.Collect$$libshutdown$$00000009      0x08010186   Section        0  libshutdown2.o(.ARM.Collect$$libshutdown$$00000009)
    .ARM.Collect$$libshutdown$$0000000C      0x08010186   Section        0  libshutdown2.o(.ARM.Collect$$libshutdown$$0000000C)
    .ARM.Collect$$libshutdown$$0000000E      0x08010186   Section        0  libshutdown2.o(.ARM.Collect$$libshutdown$$0000000E)
    .ARM.Collect$$libshutdown$$00000011      0x08010186   Section        0  libshutdown2.o(.ARM.Collect$$libshutdown$$00000011)
    .ARM.Collect$$libshutdown$$00000012      0x08010186   Section        2  libshutdown2.o(.ARM.Collect$$libshutdown$$00000012)
    .ARM.Collect$$rtentry$$00000000          0x08010188   Section        0  __rtentry.o(.ARM.Collect$$rtentry$$00000000)
    .ARM.Collect$$rtentry$$00000002          0x08010188   Section        0  __rtentry2.o(.ARM.Collect$$rtentry$$00000002)
    .ARM.Collect$$rtentry$$00000004          0x08010188   Section        6  __rtentry4.o(.ARM.Collect$$rtentry$$00000004)
    .ARM.Collect$$rtentry$$00000009          0x0801018e   Section        0  __rtentry2.o(.ARM.Collect$$rtentry$$00000009)
    .ARM.Collect$$rtentry$$0000000A          0x0801018e   Section        4  __rtentry2.o(.ARM.Collect$$rtentry$$0000000A)
    .ARM.Collect$$rtentry$$0000000C          0x08010192   Section        0  __rtentry2.o(.ARM.Collect$$rtentry$$0000000C)
    .ARM.Collect$$rtentry$$0000000D          0x08010192   Section        8  __rtentry2.o(.ARM.Collect$$rtentry$$0000000D)
    .ARM.Collect$$rtexit$$00000000           0x0801019a   Section        2  rtexit.o(.ARM.Collect$$rtexit$$00000000)
    .ARM.Collect$$rtexit$$00000002           0x0801019c   Section        0  rtexit2.o(.ARM.Collect$$rtexit$$00000002)
    .ARM.Collect$$rtexit$$00000003           0x0801019c   Section        4  rtexit2.o(.ARM.Collect$$rtexit$$00000003)
    .ARM.Collect$$rtexit$$00000004           0x080101a0   Section        6  rtexit2.o(.ARM.Collect$$rtexit$$00000004)
    .text                                    0x080101a8   Section        0  main.o(.text)
    .text                                    0x08010448   Section        0  stm32f10x_it.o(.text)
    .text                                    0x08010460   Section        0  system_stm32f10x.o(.text)
    SetSysClockTo72                          0x08010461   Thumb Code   214  system_stm32f10x.o(.text)
    SetSysClock                              0x08010537   Thumb Code     8  system_stm32f10x.o(.text)
    .text                                    0x08010640   Section        0  adc.o(.text)
    .text                                    0x080107a0   Section        0  oled.o(.text)
    .text                                    0x080110c4   Section        0  led.o(.text)
    .text                                    0x08011118   Section       64  startup_stm32f10x_md.o(.text)
    .text                                    0x08011158   Section        0  misc.o(.text)
    .text                                    0x08011234   Section        0  stm32f10x_gpio.o(.text)
    .text                                    0x08011590   Section        0  stm32f10x_rcc.o(.text)
    .text                                    0x08011934   Section        0  stm32f10x_usart.o(.text)
    .text                                    0x08011d3c   Section        0  stm32f10x_adc.o(.text)
    .text                                    0x0801218c   Section        0  delay.o(.text)
    .text                                    0x08012260   Section        0  sys.o(.text)
    .text                                    0x0801226c   Section        0  usart.o(.text)
    .text                                    0x080123ac   Section        2  use_no_semi_2.o(.text)
    .text                                    0x080123b0   Section        0  noretval__2printf.o(.text)
    .text                                    0x080123c8   Section        0  __printf.o(.text)
    .text                                    0x08012430   Section        0  _printf_dec.o(.text)
    .text                                    0x080124a8   Section        0  heapauxi.o(.text)
    .text                                    0x080124ae   Section        2  use_no_semi.o(.text)
    .text                                    0x080124b0   Section        0  _printf_intcommon.o(.text)
    .text                                    0x08012562   Section        0  _printf_fp_dec.o(.text)
    _fp_digits                               0x08012565   Thumb Code   432  _printf_fp_dec.o(.text)
    .text                                    0x08012980   Section        0  _printf_char_file.o(.text)
    .text                                    0x080129a4   Section        8  rt_locale_intlibspace.o(.text)
    .text                                    0x080129ac   Section      138  lludiv10.o(.text)
    .text                                    0x08012a38   Section        0  _printf_char_common.o(.text)
    _printf_input_char                       0x08012a39   Thumb Code    10  _printf_char_common.o(.text)
    .text                                    0x08012a68   Section        0  _printf_fp_infnan.o(.text)
    .text                                    0x08012ae8   Section        0  bigflt0.o(.text)
    .text                                    0x08012bcc   Section        0  ferror.o(.text)
    .text                                    0x08012bd4   Section        8  libspace.o(.text)
    .text                                    0x08012bdc   Section       74  sys_stackheap_outer.o(.text)
    .text                                    0x08012c26   Section        0  exit.o(.text)
    .text                                    0x08012c38   Section      128  strcmpv7m.o(.text)
    CL$$btod_d2e                             0x08012cb8   Section       62  btod.o(CL$$btod_d2e)
    CL$$btod_d2e_denorm_low                  0x08012cf6   Section       70  btod.o(CL$$btod_d2e_denorm_low)
    CL$$btod_d2e_norm_op1                    0x08012d3c   Section       96  btod.o(CL$$btod_d2e_norm_op1)
    CL$$btod_div_common                      0x08012d9c   Section      824  btod.o(CL$$btod_div_common)
    CL$$btod_e2e                             0x080130d4   Section      220  btod.o(CL$$btod_e2e)
    CL$$btod_ediv                            0x080131b0   Section       42  btod.o(CL$$btod_ediv)
    CL$$btod_emul                            0x080131da   Section       42  btod.o(CL$$btod_emul)
    CL$$btod_mult_common                     0x08013204   Section      580  btod.o(CL$$btod_mult_common)
    i.__ARM_fpclassify                       0x08013448   Section        0  fpclassify.o(i.__ARM_fpclassify)
    locale$$code                             0x08013470   Section       44  lc_numeric_c.o(locale$$code)
    x$fpl$d2f                                0x0801349c   Section       98  d2f.o(x$fpl$d2f)
    x$fpl$dadd                               0x08013500   Section      336  daddsub_clz.o(x$fpl$dadd)
    _dadd1                                   0x08013511   Thumb Code     0  daddsub_clz.o(x$fpl$dadd)
    x$fpl$ddiv                               0x08013650   Section      688  ddiv.o(x$fpl$ddiv)
    ddiv_entry                               0x08013657   Thumb Code     0  ddiv.o(x$fpl$ddiv)
    x$fpl$dmul                               0x08013900   Section      340  dmul.o(x$fpl$dmul)
    x$fpl$dnaninf                            0x08013a54   Section      156  dnaninf.o(x$fpl$dnaninf)
    x$fpl$dretinf                            0x08013af0   Section       12  dretinf.o(x$fpl$dretinf)
    x$fpl$dsub                               0x08013afc   Section      468  daddsub_clz.o(x$fpl$dsub)
    _dsub1                                   0x08013b0d   Thumb Code     0  daddsub_clz.o(x$fpl$dsub)
    x$fpl$f2d                                0x08013cd0   Section       86  f2d.o(x$fpl$f2d)
    x$fpl$fdiv                               0x08013d28   Section      388  fdiv.o(x$fpl$fdiv)
    _fdiv1                                   0x08013d29   Thumb Code     0  fdiv.o(x$fpl$fdiv)
    x$fpl$ffix                               0x08013eac   Section       54  ffix.o(x$fpl$ffix)
    x$fpl$fflt                               0x08013ee4   Section       48  fflt_clz.o(x$fpl$fflt)
    x$fpl$fmul                               0x08013f14   Section      258  fmul.o(x$fpl$fmul)
    x$fpl$fnaninf                            0x08014016   Section      140  fnaninf.o(x$fpl$fnaninf)
    x$fpl$fretinf                            0x080140a2   Section       10  fretinf.o(x$fpl$fretinf)
    x$fpl$printf1                            0x080140ac   Section        4  printf1.o(x$fpl$printf1)
    .constdata                               0x080140b0   Section     7824  oled.o(.constdata)
    x$fpl$usenofp                            0x080140b0   Section        0  usenofp.o(x$fpl$usenofp)
    .constdata                               0x08015f40   Section      148  bigflt0.o(.constdata)
    tenpwrs_x                                0x08015f40   Data          60  bigflt0.o(.constdata)
    tenpwrs_i                                0x08015f7c   Data          64  bigflt0.o(.constdata)
    locale$$data                             0x08015ff4   Section       28  lc_numeric_c.o(locale$$data)
    __lcnum_c_name                           0x08015ff8   Data           2  lc_numeric_c.o(locale$$data)
    __lcnum_c_start                          0x08016000   Data           0  lc_numeric_c.o(locale$$data)
    __lcnum_c_point                          0x0801600c   Data           0  lc_numeric_c.o(locale$$data)
    __lcnum_c_thousands                      0x0801600e   Data           0  lc_numeric_c.o(locale$$data)
    __lcnum_c_grouping                       0x0801600f   Data           0  lc_numeric_c.o(locale$$data)
    __lcnum_c_end                            0x08016010   Data           0  lc_numeric_c.o(locale$$data)
    .data                                    0x20000000   Section       20  system_stm32f10x.o(.data)
    .data                                    0x20000014   Section       20  stm32f10x_rcc.o(.data)
    APBAHBPrescTable                         0x20000014   Data          16  stm32f10x_rcc.o(.data)
    ADCPrescTable                            0x20000024   Data           4  stm32f10x_rcc.o(.data)
    .data                                    0x20000028   Section        4  delay.o(.data)
    fac_us                                   0x20000028   Data           1  delay.o(.data)
    fac_ms                                   0x2000002a   Data           2  delay.o(.data)
    .data                                    0x2000002c   Section        6  usart.o(.data)
    .bss                                     0x20000034   Section       22  main.o(.bss)
    .bss                                     0x2000004a   Section     1152  oled.o(.bss)
    .bss                                     0x200004ca   Section      200  usart.o(.bss)
    .bss                                     0x20000594   Section       96  libspace.o(.bss)
    HEAP                                     0x200005f8   Section      512  startup_stm32f10x_md.o(HEAP)
    Heap_Mem                                 0x200005f8   Data         512  startup_stm32f10x_md.o(HEAP)
    STACK                                    0x200007f8   Section     1024  startup_stm32f10x_md.o(STACK)
    Stack_Mem                                0x200007f8   Data        1024  startup_stm32f10x_md.o(STACK)
    __initial_sp                             0x20000bf8   Data           0  startup_stm32f10x_md.o(STACK)

    Global Symbols

    Symbol Name                              Value     Ov Type        Size  Object(Section)

    BuildAttributes$$THM_ISAv4$P$D$K$B$S$PE$A:L22UL41UL21$X:L11$S22US41US21$IEEE1$IW$USESV6$~STKCKD$USESV7$~SHL$OTIME$ROPI$IEEEJ$EBA8$UX$STANDARDLIB$REQ8$PRES8$EABIv2 0x00000000   Number         0  anon$$obj.o ABSOLUTE
    __ARM_use_no_argv                        0x00000000   Number         0  main.o ABSOLUTE
    __ARM_exceptions_init                     - Undefined Weak Reference
    __alloca_initialize                       - Undefined Weak Reference
    __arm_fini_                               - Undefined Weak Reference
    __arm_preinit_                            - Undefined Weak Reference
    __cpp_initialize__aeabi_                  - Undefined Weak Reference
    __cxa_finalize                            - Undefined Weak Reference
    __sigvec_lookup                           - Undefined Weak Reference
    _atexit_init                              - Undefined Weak Reference
    _call_atexit_fns                          - Undefined Weak Reference
    _clock_init                               - Undefined Weak Reference
    _fp_trap_init                             - Undefined Weak Reference
    _fp_trap_shutdown                         - Undefined Weak Reference
    _get_lc_collate                           - Undefined Weak Reference
    _get_lc_ctype                             - Undefined Weak Reference
    _get_lc_monetary                          - Undefined Weak Reference
    _get_lc_time                              - Undefined Weak Reference
    _getenv_init                              - Undefined Weak Reference
    _handle_redirection                       - Undefined Weak Reference
    _init_alloc                               - Undefined Weak Reference
    _init_user_alloc                          - Undefined Weak Reference
    _initio                                   - Undefined Weak Reference
    _mutex_acquire                            - Undefined Weak Reference
    _mutex_release                            - Undefined Weak Reference
    _printf_post_padding                      - Undefined Weak Reference
    _printf_pre_padding                       - Undefined Weak Reference
    _printf_truncate_signed                   - Undefined Weak Reference
    _printf_truncate_unsigned                 - Undefined Weak Reference
    _rand_init                                - Undefined Weak Reference
    _signal_finish                            - Undefined Weak Reference
    _signal_init                              - Undefined Weak Reference
    _terminate_alloc                          - Undefined Weak Reference
    _terminate_user_alloc                     - Undefined Weak Reference
    _terminateio                              - Undefined Weak Reference
    __Vectors_Size                           0x000000ec   Number         0  startup_stm32f10x_md.o ABSOLUTE
    __Vectors                                0x08010000   Data           4  startup_stm32f10x_md.o(RESET)
    __Vectors_End                            0x080100ec   Data           0  startup_stm32f10x_md.o(RESET)
    __main                                   0x080100ed   Thumb Code     8  __main.o(!!!main)
    __scatterload                            0x080100f5   Thumb Code     0  __scatter.o(!!!scatter)
    __scatterload_rt2                        0x080100f5   Thumb Code    44  __scatter.o(!!!scatter)
    __scatterload_rt2_thumb_only             0x080100f5   Thumb Code     0  __scatter.o(!!!scatter)
    __scatterload_null                       0x08010103   Thumb Code     0  __scatter.o(!!!scatter)
    __scatterload_copy                       0x08010129   Thumb Code    26  __scatter_copy.o(!!handler_copy)
    __scatterload_zeroinit                   0x08010145   Thumb Code    28  __scatter_zi.o(!!handler_zi)
    _printf_f                                0x08010161   Thumb Code     0  _printf_f.o(.ARM.Collect$$_printf_percent$$00000003)
    _printf_percent                          0x08010161   Thumb Code     0  _printf_percent.o(.ARM.Collect$$_printf_percent$$00000000)
    _printf_d                                0x08010167   Thumb Code     0  _printf_d.o(.ARM.Collect$$_printf_percent$$00000009)
    _printf_percent_end                      0x0801016d   Thumb Code     0  _printf_percent_end.o(.ARM.Collect$$_printf_percent$$00000017)
    __rt_lib_init                            0x08010171   Thumb Code     0  libinit.o(.ARM.Collect$$libinit$$00000000)
    __rt_lib_init_fp_1                       0x08010173   Thumb Code     0  libinit2.o(.ARM.Collect$$libinit$$00000002)
    __rt_lib_init_heap_1                     0x08010173   Thumb Code     0  libinit2.o(.ARM.Collect$$libinit$$0000000A)
    __rt_lib_init_lc_common                  0x08010173   Thumb Code     0  libinit2.o(.ARM.Collect$$libinit$$0000000F)
    __rt_lib_init_preinit_1                  0x08010173   Thumb Code     0  libinit2.o(.ARM.Collect$$libinit$$00000004)
    __rt_lib_init_rand_1                     0x08010173   Thumb Code     0  libinit2.o(.ARM.Collect$$libinit$$0000000E)
    __rt_lib_init_user_alloc_1               0x08010173   Thumb Code     0  libinit2.o(.ARM.Collect$$libinit$$0000000C)
    __rt_lib_init_lc_collate_1               0x08010179   Thumb Code     0  libinit2.o(.ARM.Collect$$libinit$$00000011)
    __rt_lib_init_lc_ctype_1                 0x08010179   Thumb Code     0  libinit2.o(.ARM.Collect$$libinit$$00000013)
    __rt_lib_init_lc_monetary_1              0x08010179   Thumb Code     0  libinit2.o(.ARM.Collect$$libinit$$00000015)
    __rt_lib_init_lc_numeric_2               0x08010179   Thumb Code     0  libinit2.o(.ARM.Collect$$libinit$$00000016)
    __rt_lib_init_alloca_1                   0x08010183   Thumb Code     0  libinit2.o(.ARM.Collect$$libinit$$0000002E)
    __rt_lib_init_argv_1                     0x08010183   Thumb Code     0  libinit2.o(.ARM.Collect$$libinit$$0000002C)
    __rt_lib_init_atexit_1                   0x08010183   Thumb Code     0  libinit2.o(.ARM.Collect$$libinit$$0000001B)
    __rt_lib_init_clock_1                    0x08010183   Thumb Code     0  libinit2.o(.ARM.Collect$$libinit$$00000021)
    __rt_lib_init_cpp_1                      0x08010183   Thumb Code     0  libinit2.o(.ARM.Collect$$libinit$$00000032)
    __rt_lib_init_exceptions_1               0x08010183   Thumb Code     0  libinit2.o(.ARM.Collect$$libinit$$00000030)
    __rt_lib_init_fp_trap_1                  0x08010183   Thumb Code     0  libinit2.o(.ARM.Collect$$libinit$$0000001F)
    __rt_lib_init_getenv_1                   0x08010183   Thumb Code     0  libinit2.o(.ARM.Collect$$libinit$$00000023)
    __rt_lib_init_lc_numeric_1               0x08010183   Thumb Code     0  libinit2.o(.ARM.Collect$$libinit$$00000017)
    __rt_lib_init_lc_time_1                  0x08010183   Thumb Code     0  libinit2.o(.ARM.Collect$$libinit$$00000019)
    __rt_lib_init_return                     0x08010183   Thumb Code     0  libinit2.o(.ARM.Collect$$libinit$$00000033)
    __rt_lib_init_signal_1                   0x08010183   Thumb Code     0  libinit2.o(.ARM.Collect$$libinit$$0000001D)
    __rt_lib_init_stdio_1                    0x08010183   Thumb Code     0  libinit2.o(.ARM.Collect$$libinit$$00000025)
    __rt_lib_shutdown                        0x08010185   Thumb Code     0  libshutdown.o(.ARM.Collect$$libshutdown$$00000000)
    __rt_lib_shutdown_cpp_1                  0x08010187   Thumb Code     0  libshutdown2.o(.ARM.Collect$$libshutdown$$00000004)
    __rt_lib_shutdown_fini_1                 0x08010187   Thumb Code     0  libshutdown2.o(.ARM.Collect$$libshutdown$$00000002)
    __rt_lib_shutdown_fp_trap_1              0x08010187   Thumb Code     0  libshutdown2.o(.ARM.Collect$$libshutdown$$00000009)
    __rt_lib_shutdown_heap_1                 0x08010187   Thumb Code     0  libshutdown2.o(.ARM.Collect$$libshutdown$$00000011)
    __rt_lib_shutdown_return                 0x08010187   Thumb Code     0  libshutdown2.o(.ARM.Collect$$libshutdown$$00000012)
    __rt_lib_shutdown_signal_1               0x08010187   Thumb Code     0  libshutdown2.o(.ARM.Collect$$libshutdown$$0000000C)
    __rt_lib_shutdown_stdio_1                0x08010187   Thumb Code     0  libshutdown2.o(.ARM.Collect$$libshutdown$$00000006)
    __rt_lib_shutdown_user_alloc_1           0x08010187   Thumb Code     0  libshutdown2.o(.ARM.Collect$$libshutdown$$0000000E)
    __rt_entry                               0x08010189   Thumb Code     0  __rtentry.o(.ARM.Collect$$rtentry$$00000000)
    __rt_entry_presh_1                       0x08010189   Thumb Code     0  __rtentry2.o(.ARM.Collect$$rtentry$$00000002)
    __rt_entry_sh                            0x08010189   Thumb Code     0  __rtentry4.o(.ARM.Collect$$rtentry$$00000004)
    __rt_entry_li                            0x0801018f   Thumb Code     0  __rtentry2.o(.ARM.Collect$$rtentry$$0000000A)
    __rt_entry_postsh_1                      0x0801018f   Thumb Code     0  __rtentry2.o(.ARM.Collect$$rtentry$$00000009)
    __rt_entry_main                          0x08010193   Thumb Code     0  __rtentry2.o(.ARM.Collect$$rtentry$$0000000D)
    __rt_entry_postli_1                      0x08010193   Thumb Code     0  __rtentry2.o(.ARM.Collect$$rtentry$$0000000C)
    __rt_exit                                0x0801019b   Thumb Code     0  rtexit.o(.ARM.Collect$$rtexit$$00000000)
    __rt_exit_ls                             0x0801019d   Thumb Code     0  rtexit2.o(.ARM.Collect$$rtexit$$00000003)
    __rt_exit_prels_1                        0x0801019d   Thumb Code     0  rtexit2.o(.ARM.Collect$$rtexit$$00000002)
    __rt_exit_exit                           0x080101a1   Thumb Code     0  rtexit2.o(.ARM.Collect$$rtexit$$00000004)
    BEND_Value_Conversion                    0x080101a9   Thumb Code   256  main.o(.text)
    main                                     0x080102a9   Thumb Code   302  main.o(.text)
    NMI_Handler                              0x08010449   Thumb Code     2  stm32f10x_it.o(.text)
    HardFault_Handler                        0x0801044b   Thumb Code     4  stm32f10x_it.o(.text)
    MemManage_Handler                        0x0801044f   Thumb Code     4  stm32f10x_it.o(.text)
    BusFault_Handler                         0x08010453   Thumb Code     4  stm32f10x_it.o(.text)
    UsageFault_Handler                       0x08010457   Thumb Code     4  stm32f10x_it.o(.text)
    SVC_Handler                              0x0801045b   Thumb Code     2  stm32f10x_it.o(.text)
    DebugMon_Handler                         0x0801045d   Thumb Code     2  stm32f10x_it.o(.text)
    PendSV_Handler                           0x0801045f   Thumb Code     2  stm32f10x_it.o(.text)
    SystemInit                               0x0801053f   Thumb Code    78  system_stm32f10x.o(.text)
    SystemCoreClockUpdate                    0x0801058d   Thumb Code   142  system_stm32f10x.o(.text)
    Adc1_Init                                0x08010641   Thumb Code   154  adc.o(.text)
    ADC1_Mid_GetValue                        0x080106db   Thumb Code    46  adc.o(.text)
    ADC1_Mid_GetAverageValue                 0x08010709   Thumb Code    46  adc.o(.text)
    ADC1_Mid_MapValue                        0x08010737   Thumb Code    92  adc.o(.text)
    OLED_WR_Byte                             0x080107a1   Thumb Code   108  oled.o(.text)
    OLED_ColorTurn                           0x0801080d   Thumb Code    28  oled.o(.text)
    OLED_DisplayTurn                         0x08010829   Thumb Code    44  oled.o(.text)
    OLED_DisPlay_On                          0x08010855   Thumb Code    28  oled.o(.text)
    OLED_DisPlay_Off                         0x08010871   Thumb Code    28  oled.o(.text)
    OLED_Refresh                             0x0801088d   Thumb Code    70  oled.o(.text)
    OLED_Clear                               0x080108d3   Thumb Code    42  oled.o(.text)
    OLED_DrawPoint                           0x080108fd   Thumb Code   114  oled.o(.text)
    OLED_DrawLine                            0x0801096f   Thumb Code   172  oled.o(.text)
    OLED_DrawCircle                          0x08010a1b   Thumb Code   168  oled.o(.text)
    OLED_ShowChar                            0x08010ac3   Thumb Code   332  oled.o(.text)
    OLED_ShowString                          0x08010c0f   Thumb Code    74  oled.o(.text)
    OLED_Pow                                 0x08010c59   Thumb Code    22  oled.o(.text)
    OLED_ShowNum                             0x08010c6f   Thumb Code   140  oled.o(.text)
    OLED_ShowChinese                         0x08010cfb   Thumb Code   244  oled.o(.text)
    OLED_ScrollDisplay                       0x08010def   Thumb Code   168  oled.o(.text)
    OLED_ShowPicture                         0x08010e97   Thumb Code   214  oled.o(.text)
    OLED_Init                                0x08010f6d   Thumb Code   302  oled.o(.text)
    WriteDat                                 0x0801109b   Thumb Code    14  oled.o(.text)
    LED_Config                               0x080110c5   Thumb Code    50  led.o(.text)
    LEDR_OPEN                                0x080110f7   Thumb Code    14  led.o(.text)
    LEDR_CLOSE                               0x08011105   Thumb Code    14  led.o(.text)
    Reset_Handler                            0x08011119   Thumb Code     8  startup_stm32f10x_md.o(.text)
    SysTick_Handler                          0x08011131   Thumb Code     2  startup_stm32f10x_md.o(.text)
    ADC1_2_IRQHandler                        0x08011133   Thumb Code     0  startup_stm32f10x_md.o(.text)
    CAN1_RX1_IRQHandler                      0x08011133   Thumb Code     0  startup_stm32f10x_md.o(.text)
    CAN1_SCE_IRQHandler                      0x08011133   Thumb Code     0  startup_stm32f10x_md.o(.text)
    DMA1_Channel1_IRQHandler                 0x08011133   Thumb Code     0  startup_stm32f10x_md.o(.text)
    DMA1_Channel2_IRQHandler                 0x08011133   Thumb Code     0  startup_stm32f10x_md.o(.text)
    DMA1_Channel3_IRQHandler                 0x08011133   Thumb Code     0  startup_stm32f10x_md.o(.text)
    DMA1_Channel4_IRQHandler                 0x08011133   Thumb Code     0  startup_stm32f10x_md.o(.text)
    DMA1_Channel5_IRQHandler                 0x08011133   Thumb Code     0  startup_stm32f10x_md.o(.text)
    DMA1_Channel6_IRQHandler                 0x08011133   Thumb Code     0  startup_stm32f10x_md.o(.text)
    DMA1_Channel7_IRQHandler                 0x08011133   Thumb Code     0  startup_stm32f10x_md.o(.text)
    EXTI0_IRQHandler                         0x08011133   Thumb Code     0  startup_stm32f10x_md.o(.text)
    EXTI15_10_IRQHandler                     0x08011133   Thumb Code     0  startup_stm32f10x_md.o(.text)
    EXTI1_IRQHandler                         0x08011133   Thumb Code     0  startup_stm32f10x_md.o(.text)
    EXTI2_IRQHandler                         0x08011133   Thumb Code     0  startup_stm32f10x_md.o(.text)
    EXTI3_IRQHandler                         0x08011133   Thumb Code     0  startup_stm32f10x_md.o(.text)
    EXTI4_IRQHandler                         0x08011133   Thumb Code     0  startup_stm32f10x_md.o(.text)
    EXTI9_5_IRQHandler                       0x08011133   Thumb Code     0  startup_stm32f10x_md.o(.text)
    FLASH_IRQHandler                         0x08011133   Thumb Code     0  startup_stm32f10x_md.o(.text)
    I2C1_ER_IRQHandler                       0x08011133   Thumb Code     0  startup_stm32f10x_md.o(.text)
    I2C1_EV_IRQHandler                       0x08011133   Thumb Code     0  startup_stm32f10x_md.o(.text)
    I2C2_ER_IRQHandler                       0x08011133   Thumb Code     0  startup_stm32f10x_md.o(.text)
    I2C2_EV_IRQHandler                       0x08011133   Thumb Code     0  startup_stm32f10x_md.o(.text)
    PVD_IRQHandler                           0x08011133   Thumb Code     0  startup_stm32f10x_md.o(.text)
    RCC_IRQHandler                           0x08011133   Thumb Code     0  startup_stm32f10x_md.o(.text)
    RTCAlarm_IRQHandler                      0x08011133   Thumb Code     0  startup_stm32f10x_md.o(.text)
    RTC_IRQHandler                           0x08011133   Thumb Code     0  startup_stm32f10x_md.o(.text)
    SPI1_IRQHandler                          0x08011133   Thumb Code     0  startup_stm32f10x_md.o(.text)
    SPI2_IRQHandler                          0x08011133   Thumb Code     0  startup_stm32f10x_md.o(.text)
    TAMPER_IRQHandler                        0x08011133   Thumb Code     0  startup_stm32f10x_md.o(.text)
    TIM1_BRK_IRQHandler                      0x08011133   Thumb Code     0  startup_stm32f10x_md.o(.text)
    TIM1_CC_IRQHandler                       0x08011133   Thumb Code     0  startup_stm32f10x_md.o(.text)
    TIM1_TRG_COM_IRQHandler                  0x08011133   Thumb Code     0  startup_stm32f10x_md.o(.text)
    TIM1_UP_IRQHandler                       0x08011133   Thumb Code     0  startup_stm32f10x_md.o(.text)
    TIM2_IRQHandler                          0x08011133   Thumb Code     0  startup_stm32f10x_md.o(.text)
    TIM3_IRQHandler                          0x08011133   Thumb Code     0  startup_stm32f10x_md.o(.text)
    TIM4_IRQHandler                          0x08011133   Thumb Code     0  startup_stm32f10x_md.o(.text)
    USART2_IRQHandler                        0x08011133   Thumb Code     0  startup_stm32f10x_md.o(.text)
    USART3_IRQHandler                        0x08011133   Thumb Code     0  startup_stm32f10x_md.o(.text)
    USBWakeUp_IRQHandler                     0x08011133   Thumb Code     0  startup_stm32f10x_md.o(.text)
    USB_HP_CAN1_TX_IRQHandler                0x08011133   Thumb Code     0  startup_stm32f10x_md.o(.text)
    USB_LP_CAN1_RX0_IRQHandler               0x08011133   Thumb Code     0  startup_stm32f10x_md.o(.text)
    WWDG_IRQHandler                          0x08011133   Thumb Code     0  startup_stm32f10x_md.o(.text)
    __user_initial_stackheap                 0x08011135   Thumb Code     0  startup_stm32f10x_md.o(.text)
    NVIC_PriorityGroupConfig                 0x08011159   Thumb Code    10  misc.o(.text)
    NVIC_Init                                0x08011163   Thumb Code   100  misc.o(.text)
    NVIC_SetVectorTable                      0x080111c7   Thumb Code    14  misc.o(.text)
    NVIC_SystemLPConfig                      0x080111d5   Thumb Code    34  misc.o(.text)
    SysTick_CLKSourceConfig                  0x080111f7   Thumb Code    40  misc.o(.text)
    GPIO_DeInit                              0x08011235   Thumb Code   172  stm32f10x_gpio.o(.text)
    GPIO_AFIODeInit                          0x080112e1   Thumb Code    20  stm32f10x_gpio.o(.text)
    GPIO_Init                                0x080112f5   Thumb Code   278  stm32f10x_gpio.o(.text)
    GPIO_StructInit                          0x0801140b   Thumb Code    16  stm32f10x_gpio.o(.text)
    GPIO_ReadInputDataBit                    0x0801141b   Thumb Code    18  stm32f10x_gpio.o(.text)
    GPIO_ReadInputData                       0x0801142d   Thumb Code     8  stm32f10x_gpio.o(.text)
    GPIO_ReadOutputDataBit                   0x08011435   Thumb Code    18  stm32f10x_gpio.o(.text)
    GPIO_ReadOutputData                      0x08011447   Thumb Code     8  stm32f10x_gpio.o(.text)
    GPIO_SetBits                             0x0801144f   Thumb Code     4  stm32f10x_gpio.o(.text)
    GPIO_ResetBits                           0x08011453   Thumb Code     4  stm32f10x_gpio.o(.text)
    GPIO_WriteBit                            0x08011457   Thumb Code    10  stm32f10x_gpio.o(.text)
    GPIO_Write                               0x08011461   Thumb Code     4  stm32f10x_gpio.o(.text)
    GPIO_PinLockConfig                       0x08011465   Thumb Code    18  stm32f10x_gpio.o(.text)
    GPIO_EventOutputConfig                   0x08011477   Thumb Code    26  stm32f10x_gpio.o(.text)
    GPIO_EventOutputCmd                      0x08011491   Thumb Code     6  stm32f10x_gpio.o(.text)
    GPIO_PinRemapConfig                      0x08011497   Thumb Code   138  stm32f10x_gpio.o(.text)
    GPIO_EXTILineConfig                      0x08011521   Thumb Code    66  stm32f10x_gpio.o(.text)
    GPIO_ETH_MediaInterfaceConfig            0x08011563   Thumb Code     8  stm32f10x_gpio.o(.text)
    RCC_DeInit                               0x08011591   Thumb Code    64  stm32f10x_rcc.o(.text)
    RCC_HSEConfig                            0x080115d1   Thumb Code    70  stm32f10x_rcc.o(.text)
    RCC_GetFlagStatus                        0x08011617   Thumb Code    56  stm32f10x_rcc.o(.text)
    RCC_WaitForHSEStartUp                    0x0801164f   Thumb Code    56  stm32f10x_rcc.o(.text)
    RCC_AdjustHSICalibrationValue            0x08011687   Thumb Code    20  stm32f10x_rcc.o(.text)
    RCC_HSICmd                               0x0801169b   Thumb Code     6  stm32f10x_rcc.o(.text)
    RCC_PLLConfig                            0x080116a1   Thumb Code    24  stm32f10x_rcc.o(.text)
    RCC_PLLCmd                               0x080116b9   Thumb Code     6  stm32f10x_rcc.o(.text)
    RCC_SYSCLKConfig                         0x080116bf   Thumb Code    18  stm32f10x_rcc.o(.text)
    RCC_GetSYSCLKSource                      0x080116d1   Thumb Code    10  stm32f10x_rcc.o(.text)
    RCC_HCLKConfig                           0x080116db   Thumb Code    18  stm32f10x_rcc.o(.text)
    RCC_PCLK1Config                          0x080116ed   Thumb Code    18  stm32f10x_rcc.o(.text)
    RCC_PCLK2Config                          0x080116ff   Thumb Code    20  stm32f10x_rcc.o(.text)
    RCC_ITConfig                             0x08011713   Thumb Code    26  stm32f10x_rcc.o(.text)
    RCC_USBCLKConfig                         0x0801172d   Thumb Code     8  stm32f10x_rcc.o(.text)
    RCC_ADCCLKConfig                         0x08011735   Thumb Code    18  stm32f10x_rcc.o(.text)
    RCC_LSEConfig                            0x08011747   Thumb Code    50  stm32f10x_rcc.o(.text)
    RCC_LSICmd                               0x08011779   Thumb Code     6  stm32f10x_rcc.o(.text)
    RCC_RTCCLKConfig                         0x0801177f   Thumb Code    12  stm32f10x_rcc.o(.text)
    RCC_RTCCLKCmd                            0x0801178b   Thumb Code     8  stm32f10x_rcc.o(.text)
    RCC_GetClocksFreq                        0x08011793   Thumb Code   192  stm32f10x_rcc.o(.text)
    RCC_AHBPeriphClockCmd                    0x08011853   Thumb Code    26  stm32f10x_rcc.o(.text)
    RCC_APB2PeriphClockCmd                   0x0801186d   Thumb Code    26  stm32f10x_rcc.o(.text)
    RCC_APB1PeriphClockCmd                   0x08011887   Thumb Code    26  stm32f10x_rcc.o(.text)
    RCC_APB2PeriphResetCmd                   0x080118a1   Thumb Code    26  stm32f10x_rcc.o(.text)
    RCC_APB1PeriphResetCmd                   0x080118bb   Thumb Code    26  stm32f10x_rcc.o(.text)
    RCC_BackupResetCmd                       0x080118d5   Thumb Code     8  stm32f10x_rcc.o(.text)
    RCC_ClockSecuritySystemCmd               0x080118dd   Thumb Code     6  stm32f10x_rcc.o(.text)
    RCC_MCOConfig                            0x080118e3   Thumb Code     6  stm32f10x_rcc.o(.text)
    RCC_ClearFlag                            0x080118e9   Thumb Code    14  stm32f10x_rcc.o(.text)
    RCC_GetITStatus                          0x080118f7   Thumb Code    20  stm32f10x_rcc.o(.text)
    RCC_ClearITPendingBit                    0x0801190b   Thumb Code     6  stm32f10x_rcc.o(.text)
    USART_DeInit                             0x08011935   Thumb Code   134  stm32f10x_usart.o(.text)
    USART_Init                               0x080119bb   Thumb Code   210  stm32f10x_usart.o(.text)
    USART_StructInit                         0x08011a8d   Thumb Code    24  stm32f10x_usart.o(.text)
    USART_ClockInit                          0x08011aa5   Thumb Code    34  stm32f10x_usart.o(.text)
    USART_ClockStructInit                    0x08011ac7   Thumb Code    12  stm32f10x_usart.o(.text)
    USART_Cmd                                0x08011ad3   Thumb Code    24  stm32f10x_usart.o(.text)
    USART_ITConfig                           0x08011aeb   Thumb Code    74  stm32f10x_usart.o(.text)
    USART_DMACmd                             0x08011b35   Thumb Code    18  stm32f10x_usart.o(.text)
    USART_SetAddress                         0x08011b47   Thumb Code    18  stm32f10x_usart.o(.text)
    USART_WakeUpConfig                       0x08011b59   Thumb Code    18  stm32f10x_usart.o(.text)
    USART_ReceiverWakeUpCmd                  0x08011b6b   Thumb Code    24  stm32f10x_usart.o(.text)
    USART_LINBreakDetectLengthConfig         0x08011b83   Thumb Code    18  stm32f10x_usart.o(.text)
    USART_LINCmd                             0x08011b95   Thumb Code    24  stm32f10x_usart.o(.text)
    USART_SendData                           0x08011bad   Thumb Code     8  stm32f10x_usart.o(.text)
    USART_ReceiveData                        0x08011bb5   Thumb Code    10  stm32f10x_usart.o(.text)
    USART_SendBreak                          0x08011bbf   Thumb Code    10  stm32f10x_usart.o(.text)
    USART_SetGuardTime                       0x08011bc9   Thumb Code    16  stm32f10x_usart.o(.text)
    USART_SetPrescaler                       0x08011bd9   Thumb Code    16  stm32f10x_usart.o(.text)
    USART_SmartCardCmd                       0x08011be9   Thumb Code    24  stm32f10x_usart.o(.text)
    USART_SmartCardNACKCmd                   0x08011c01   Thumb Code    24  stm32f10x_usart.o(.text)
    USART_HalfDuplexCmd                      0x08011c19   Thumb Code    24  stm32f10x_usart.o(.text)
    USART_OverSampling8Cmd                   0x08011c31   Thumb Code    22  stm32f10x_usart.o(.text)
    USART_OneBitMethodCmd                    0x08011c47   Thumb Code    24  stm32f10x_usart.o(.text)
    USART_IrDAConfig                         0x08011c5f   Thumb Code    18  stm32f10x_usart.o(.text)
    USART_IrDACmd                            0x08011c71   Thumb Code    24  stm32f10x_usart.o(.text)
    USART_GetFlagStatus                      0x08011c89   Thumb Code    26  stm32f10x_usart.o(.text)
    USART_ClearFlag                          0x08011ca3   Thumb Code    18  stm32f10x_usart.o(.text)
    USART_GetITStatus                        0x08011cb5   Thumb Code    84  stm32f10x_usart.o(.text)
    USART_ClearITPendingBit                  0x08011d09   Thumb Code    52  stm32f10x_usart.o(.text)
    ADC_DeInit                               0x08011d3d   Thumb Code    78  stm32f10x_adc.o(.text)
    ADC_Init                                 0x08011d8b   Thumb Code    70  stm32f10x_adc.o(.text)
    ADC_StructInit                           0x08011dd1   Thumb Code    18  stm32f10x_adc.o(.text)
    ADC_Cmd                                  0x08011de3   Thumb Code    22  stm32f10x_adc.o(.text)
    ADC_DMACmd                               0x08011df9   Thumb Code    22  stm32f10x_adc.o(.text)
    ADC_ITConfig                             0x08011e0f   Thumb Code    24  stm32f10x_adc.o(.text)
    ADC_ResetCalibration                     0x08011e27   Thumb Code    10  stm32f10x_adc.o(.text)
    ADC_GetResetCalibrationStatus            0x08011e31   Thumb Code    20  stm32f10x_adc.o(.text)
    ADC_StartCalibration                     0x08011e45   Thumb Code    10  stm32f10x_adc.o(.text)
    ADC_GetCalibrationStatus                 0x08011e4f   Thumb Code    20  stm32f10x_adc.o(.text)
    ADC_SoftwareStartConvCmd                 0x08011e63   Thumb Code    22  stm32f10x_adc.o(.text)
    ADC_GetSoftwareStartConvStatus           0x08011e79   Thumb Code    20  stm32f10x_adc.o(.text)
    ADC_DiscModeChannelCountConfig           0x08011e8d   Thumb Code    24  stm32f10x_adc.o(.text)
    ADC_DiscModeCmd                          0x08011ea5   Thumb Code    22  stm32f10x_adc.o(.text)
    ADC_RegularChannelConfig                 0x08011ebb   Thumb Code   184  stm32f10x_adc.o(.text)
    ADC_ExternalTrigConvCmd                  0x08011f73   Thumb Code    22  stm32f10x_adc.o(.text)
    ADC_GetConversionValue                   0x08011f89   Thumb Code     8  stm32f10x_adc.o(.text)
    ADC_GetDualModeConversionValue           0x08011f91   Thumb Code     8  stm32f10x_adc.o(.text)
    ADC_AutoInjectedConvCmd                  0x08011f99   Thumb Code    22  stm32f10x_adc.o(.text)
    ADC_InjectedDiscModeCmd                  0x08011faf   Thumb Code    22  stm32f10x_adc.o(.text)
    ADC_ExternalTrigInjectedConvConfig       0x08011fc5   Thumb Code    16  stm32f10x_adc.o(.text)
    ADC_ExternalTrigInjectedConvCmd          0x08011fd5   Thumb Code    22  stm32f10x_adc.o(.text)
    ADC_SoftwareStartInjectedConvCmd         0x08011feb   Thumb Code    22  stm32f10x_adc.o(.text)
    ADC_GetSoftwareStartInjectedConvCmdStatus 0x08012001   Thumb Code    20  stm32f10x_adc.o(.text)
    ADC_InjectedChannelConfig                0x08012015   Thumb Code   130  stm32f10x_adc.o(.text)
    ADC_InjectedSequencerLengthConfig        0x08012097   Thumb Code    24  stm32f10x_adc.o(.text)
    ADC_SetInjectedOffset                    0x080120af   Thumb Code    20  stm32f10x_adc.o(.text)
    ADC_GetInjectedConversionValue           0x080120c3   Thumb Code    28  stm32f10x_adc.o(.text)
    ADC_AnalogWatchdogCmd                    0x080120df   Thumb Code    16  stm32f10x_adc.o(.text)
    ADC_AnalogWatchdogThresholdsConfig       0x080120ef   Thumb Code     6  stm32f10x_adc.o(.text)
    ADC_AnalogWatchdogSingleChannelConfig    0x080120f5   Thumb Code    16  stm32f10x_adc.o(.text)
    ADC_TempSensorVrefintCmd                 0x08012105   Thumb Code    64  stm32f10x_adc.o(.text)
    ADC_GetFlagStatus                        0x08012145   Thumb Code    18  stm32f10x_adc.o(.text)
    ADC_ClearFlag                            0x08012157   Thumb Code     6  stm32f10x_adc.o(.text)
    ADC_GetITStatus                          0x0801215d   Thumb Code    36  stm32f10x_adc.o(.text)
    ADC_ClearITPendingBit                    0x08012181   Thumb Code    10  stm32f10x_adc.o(.text)
    delay_init                               0x0801218d   Thumb Code    50  delay.o(.text)
    delay_us                                 0x080121bf   Thumb Code    72  delay.o(.text)
    delay_ms                                 0x08012207   Thumb Code    72  delay.o(.text)
    NVIC_Configuration                       0x08012261   Thumb Code    12  sys.o(.text)
    _sys_exit                                0x0801226d   Thumb Code     4  usart.o(.text)
    fputc                                    0x08012271   Thumb Code    24  usart.o(.text)
    uart_init                                0x08012289   Thumb Code   152  usart.o(.text)
    USART1_IRQHandler                        0x08012321   Thumb Code   122  usart.o(.text)
    __use_no_semihosting                     0x080123ad   Thumb Code     2  use_no_semi_2.o(.text)
    __2printf                                0x080123b1   Thumb Code    20  noretval__2printf.o(.text)
    __printf                                 0x080123c9   Thumb Code   104  __printf.o(.text)
    _printf_int_dec                          0x08012431   Thumb Code   104  _printf_dec.o(.text)
    __use_two_region_memory                  0x080124a9   Thumb Code     2  heapauxi.o(.text)
    __rt_heap_escrow$2region                 0x080124ab   Thumb Code     2  heapauxi.o(.text)
    __rt_heap_expand$2region                 0x080124ad   Thumb Code     2  heapauxi.o(.text)
    __I$use$semihosting                      0x080124af   Thumb Code     0  use_no_semi.o(.text)
    __use_no_semihosting_swi                 0x080124af   Thumb Code     2  use_no_semi.o(.text)
    _printf_int_common                       0x080124b1   Thumb Code   178  _printf_intcommon.o(.text)
    __lib_sel_fp_printf                      0x08012563   Thumb Code     2  _printf_fp_dec.o(.text)
    _printf_fp_dec_real                      0x08012715   Thumb Code   620  _printf_fp_dec.o(.text)
    _printf_char_file                        0x08012981   Thumb Code    32  _printf_char_file.o(.text)
    __rt_locale                              0x080129a5   Thumb Code     8  rt_locale_intlibspace.o(.text)
    _ll_udiv10                               0x080129ad   Thumb Code   138  lludiv10.o(.text)
    _printf_char_common                      0x08012a43   Thumb Code    32  _printf_char_common.o(.text)
    _printf_fp_infnan                        0x08012a69   Thumb Code   112  _printf_fp_infnan.o(.text)
    _btod_etento                             0x08012ae9   Thumb Code   224  bigflt0.o(.text)
    ferror                                   0x08012bcd   Thumb Code     8  ferror.o(.text)
    __user_libspace                          0x08012bd5   Thumb Code     8  libspace.o(.text)
    __user_perproc_libspace                  0x08012bd5   Thumb Code     0  libspace.o(.text)
    __user_perthread_libspace                0x08012bd5   Thumb Code     0  libspace.o(.text)
    __user_setup_stackheap                   0x08012bdd   Thumb Code    74  sys_stackheap_outer.o(.text)
    exit                                     0x08012c27   Thumb Code    18  exit.o(.text)
    strcmp                                   0x08012c39   Thumb Code   128  strcmpv7m.o(.text)
    _btod_d2e                                0x08012cb9   Thumb Code    62  btod.o(CL$$btod_d2e)
    _d2e_denorm_low                          0x08012cf7   Thumb Code    70  btod.o(CL$$btod_d2e_denorm_low)
    _d2e_norm_op1                            0x08012d3d   Thumb Code    96  btod.o(CL$$btod_d2e_norm_op1)
    __btod_div_common                        0x08012d9d   Thumb Code   696  btod.o(CL$$btod_div_common)
    _e2e                                     0x080130d5   Thumb Code   220  btod.o(CL$$btod_e2e)
    _btod_ediv                               0x080131b1   Thumb Code    42  btod.o(CL$$btod_ediv)
    _btod_emul                               0x080131db   Thumb Code    42  btod.o(CL$$btod_emul)
    __btod_mult_common                       0x08013205   Thumb Code   580  btod.o(CL$$btod_mult_common)
    __ARM_fpclassify                         0x08013449   Thumb Code    40  fpclassify.o(i.__ARM_fpclassify)
    _get_lc_numeric                          0x08013471   Thumb Code    44  lc_numeric_c.o(locale$$code)
    __aeabi_d2f                              0x0801349d   Thumb Code     0  d2f.o(x$fpl$d2f)
    _d2f                                     0x0801349d   Thumb Code    98  d2f.o(x$fpl$d2f)
    __aeabi_dadd                             0x08013501   Thumb Code     0  daddsub_clz.o(x$fpl$dadd)
    _dadd                                    0x08013501   Thumb Code   332  daddsub_clz.o(x$fpl$dadd)
    __aeabi_ddiv                             0x08013651   Thumb Code     0  ddiv.o(x$fpl$ddiv)
    _ddiv                                    0x08013651   Thumb Code   552  ddiv.o(x$fpl$ddiv)
    __aeabi_dmul                             0x08013901   Thumb Code     0  dmul.o(x$fpl$dmul)
    _dmul                                    0x08013901   Thumb Code   332  dmul.o(x$fpl$dmul)
    __fpl_dnaninf                            0x08013a55   Thumb Code   156  dnaninf.o(x$fpl$dnaninf)
    __fpl_dretinf                            0x08013af1   Thumb Code    12  dretinf.o(x$fpl$dretinf)
    __aeabi_dsub                             0x08013afd   Thumb Code     0  daddsub_clz.o(x$fpl$dsub)
    _dsub                                    0x08013afd   Thumb Code   464  daddsub_clz.o(x$fpl$dsub)
    __aeabi_f2d                              0x08013cd1   Thumb Code     0  f2d.o(x$fpl$f2d)
    _f2d                                     0x08013cd1   Thumb Code    86  f2d.o(x$fpl$f2d)
    __aeabi_fdiv                             0x08013d29   Thumb Code     0  fdiv.o(x$fpl$fdiv)
    _fdiv                                    0x08013d29   Thumb Code   384  fdiv.o(x$fpl$fdiv)
    __aeabi_f2iz                             0x08013ead   Thumb Code     0  ffix.o(x$fpl$ffix)
    _ffix                                    0x08013ead   Thumb Code    54  ffix.o(x$fpl$ffix)
    __aeabi_i2f                              0x08013ee5   Thumb Code     0  fflt_clz.o(x$fpl$fflt)
    _fflt                                    0x08013ee5   Thumb Code    48  fflt_clz.o(x$fpl$fflt)
    __aeabi_fmul                             0x08013f15   Thumb Code     0  fmul.o(x$fpl$fmul)
    _fmul                                    0x08013f15   Thumb Code   258  fmul.o(x$fpl$fmul)
    __fpl_fnaninf                            0x08014017   Thumb Code   140  fnaninf.o(x$fpl$fnaninf)
    __fpl_fretinf                            0x080140a3   Thumb Code    10  fretinf.o(x$fpl$fretinf)
    _printf_fp_dec                           0x080140ad   Thumb Code     4  printf1.o(x$fpl$printf1)
    __I$use$fp                               0x080140b0   Number         0  usenofp.o(x$fpl$usenofp)
    asc2_0806                                0x080140b0   Data         552  oled.o(.constdata)
    asc2_1206                                0x080142d8   Data        1140  oled.o(.constdata)
    asc2_1608                                0x0801474c   Data        1520  oled.o(.constdata)
    asc2_2412                                0x08014d3c   Data        3420  oled.o(.constdata)
    Hzk1                                     0x08015a98   Data         480  oled.o(.constdata)
    Hzk2                                     0x08015c78   Data          72  oled.o(.constdata)
    Hzk3                                     0x08015cc0   Data         128  oled.o(.constdata)
    Hzk4                                     0x08015d40   Data         512  oled.o(.constdata)
    Region$$Table$$Base                      0x08015fd4   Number         0  anon$$obj.o(Region$$Table)
    Region$$Table$$Limit                     0x08015ff4   Number         0  anon$$obj.o(Region$$Table)
    SystemCoreClock                          0x20000000   Data           4  system_stm32f10x.o(.data)
    AHBPrescTable                            0x20000004   Data          16  system_stm32f10x.o(.data)
    __stdout                                 0x2000002c   Data           4  usart.o(.data)
    USART_RX_STA                             0x20000030   Data           2  usart.o(.data)
    V_disbuff                                0x20000034   Data          10  main.o(.bss)
    P_disbuff                                0x2000003e   Data          12  main.o(.bss)
    OLED_GRAM                                0x2000004a   Data        1152  oled.o(.bss)
    USART_RX_BUF                             0x200004ca   Data         200  usart.o(.bss)
    __libspace_start                         0x20000594   Data          96  libspace.o(.bss)
    __temporary_stack_top$libspace           0x200005f4   Data           0  libspace.o(.bss)



==============================================================================

Memory Map of the image

  Image Entry point : 0x080100ed

  Load Region LR_IROM1 (Base: 0x08010000, Size: 0x00006044, Max: 0x00030000, ABSOLUTE)

    Execution Region ER_IROM1 (Exec base: 0x08010000, Load base: 0x08010000, Size: 0x00006010, Max: 0x00030000, ABSOLUTE)

    Exec Addr    Load Addr    Size         Type   Attr      Idx    E Section Name        Object

    0x08010000   0x08010000   0x000000ec   Data   RO          270    RESET               startup_stm32f10x_md.o
    0x080100ec   0x080100ec   0x00000008   Code   RO          522  * !!!main             c_w.l(__main.o)
    0x080100f4   0x080100f4   0x00000034   Code   RO          780    !!!scatter          c_w.l(__scatter.o)
    0x08010128   0x08010128   0x0000001a   Code   RO          782    !!handler_copy      c_w.l(__scatter_copy.o)
    0x08010142   0x08010142   0x00000002   PAD
    0x08010144   0x08010144   0x0000001c   Code   RO          784    !!handler_zi        c_w.l(__scatter_zi.o)
    0x08010160   0x08010160   0x00000000   Code   RO          519    .ARM.Collect$$_printf_percent$$00000000  c_w.l(_printf_percent.o)
    0x08010160   0x08010160   0x00000006   Code   RO          518    .ARM.Collect$$_printf_percent$$00000003  c_w.l(_printf_f.o)
    0x08010166   0x08010166   0x00000006   Code   RO          517    .ARM.Collect$$_printf_percent$$00000009  c_w.l(_printf_d.o)
    0x0801016c   0x0801016c   0x00000004   Code   RO          567    .ARM.Collect$$_printf_percent$$00000017  c_w.l(_printf_percent_end.o)
    0x08010170   0x08010170   0x00000002   Code   RO          655    .ARM.Collect$$libinit$$00000000  c_w.l(libinit.o)
    0x08010172   0x08010172   0x00000000   Code   RO          657    .ARM.Collect$$libinit$$00000002  c_w.l(libinit2.o)
    0x08010172   0x08010172   0x00000000   Code   RO          659    .ARM.Collect$$libinit$$00000004  c_w.l(libinit2.o)
    0x08010172   0x08010172   0x00000000   Code   RO          662    .ARM.Collect$$libinit$$0000000A  c_w.l(libinit2.o)
    0x08010172   0x08010172   0x00000000   Code   RO          664    .ARM.Collect$$libinit$$0000000C  c_w.l(libinit2.o)
    0x08010172   0x08010172   0x00000000   Code   RO          666    .ARM.Collect$$libinit$$0000000E  c_w.l(libinit2.o)
    0x08010172   0x08010172   0x00000006   Code   RO          667    .ARM.Collect$$libinit$$0000000F  c_w.l(libinit2.o)
    0x08010178   0x08010178   0x00000000   Code   RO          669    .ARM.Collect$$libinit$$00000011  c_w.l(libinit2.o)
    0x08010178   0x08010178   0x00000000   Code   RO          671    .ARM.Collect$$libinit$$00000013  c_w.l(libinit2.o)
    0x08010178   0x08010178   0x00000000   Code   RO          673    .ARM.Collect$$libinit$$00000015  c_w.l(libinit2.o)
    0x08010178   0x08010178   0x0000000a   Code   RO          674    .ARM.Collect$$libinit$$00000016  c_w.l(libinit2.o)
    0x08010182   0x08010182   0x00000000   Code   RO          675    .ARM.Collect$$libinit$$00000017  c_w.l(libinit2.o)
    0x08010182   0x08010182   0x00000000   Code   RO          677    .ARM.Collect$$libinit$$00000019  c_w.l(libinit2.o)
    0x08010182   0x08010182   0x00000000   Code   RO          679    .ARM.Collect$$libinit$$0000001B  c_w.l(libinit2.o)
    0x08010182   0x08010182   0x00000000   Code   RO          681    .ARM.Collect$$libinit$$0000001D  c_w.l(libinit2.o)
    0x08010182   0x08010182   0x00000000   Code   RO          683    .ARM.Collect$$libinit$$0000001F  c_w.l(libinit2.o)
    0x08010182   0x08010182   0x00000000   Code   RO          685    .ARM.Collect$$libinit$$00000021  c_w.l(libinit2.o)
    0x08010182   0x08010182   0x00000000   Code   RO          687    .ARM.Collect$$libinit$$00000023  c_w.l(libinit2.o)
    0x08010182   0x08010182   0x00000000   Code   RO          689    .ARM.Collect$$libinit$$00000025  c_w.l(libinit2.o)
    0x08010182   0x08010182   0x00000000   Code   RO          693    .ARM.Collect$$libinit$$0000002C  c_w.l(libinit2.o)
    0x08010182   0x08010182   0x00000000   Code   RO          695    .ARM.Collect$$libinit$$0000002E  c_w.l(libinit2.o)
    0x08010182   0x08010182   0x00000000   Code   RO          697    .ARM.Collect$$libinit$$00000030  c_w.l(libinit2.o)
    0x08010182   0x08010182   0x00000000   Code   RO          699    .ARM.Collect$$libinit$$00000032  c_w.l(libinit2.o)
    0x08010182   0x08010182   0x00000002   Code   RO          700    .ARM.Collect$$libinit$$00000033  c_w.l(libinit2.o)
    0x08010184   0x08010184   0x00000002   Code   RO          728    .ARM.Collect$$libshutdown$$00000000  c_w.l(libshutdown.o)
    0x08010186   0x08010186   0x00000000   Code   RO          737    .ARM.Collect$$libshutdown$$00000002  c_w.l(libshutdown2.o)
    0x08010186   0x08010186   0x00000000   Code   RO          739    .ARM.Collect$$libshutdown$$00000004  c_w.l(libshutdown2.o)
    0x08010186   0x08010186   0x00000000   Code   RO          741    .ARM.Collect$$libshutdown$$00000006  c_w.l(libshutdown2.o)
    0x08010186   0x08010186   0x00000000   Code   RO          744    .ARM.Collect$$libshutdown$$00000009  c_w.l(libshutdown2.o)
    0x08010186   0x08010186   0x00000000   Code   RO          747    .ARM.Collect$$libshutdown$$0000000C  c_w.l(libshutdown2.o)
    0x08010186   0x08010186   0x00000000   Code   RO          749    .ARM.Collect$$libshutdown$$0000000E  c_w.l(libshutdown2.o)
    0x08010186   0x08010186   0x00000000   Code   RO          752    .ARM.Collect$$libshutdown$$00000011  c_w.l(libshutdown2.o)
    0x08010186   0x08010186   0x00000002   Code   RO          753    .ARM.Collect$$libshutdown$$00000012  c_w.l(libshutdown2.o)
    0x08010188   0x08010188   0x00000000   Code   RO          560    .ARM.Collect$$rtentry$$00000000  c_w.l(__rtentry.o)
    0x08010188   0x08010188   0x00000000   Code   RO          578    .ARM.Collect$$rtentry$$00000002  c_w.l(__rtentry2.o)
    0x08010188   0x08010188   0x00000006   Code   RO          590    .ARM.Collect$$rtentry$$00000004  c_w.l(__rtentry4.o)
    0x0801018e   0x0801018e   0x00000000   Code   RO          580    .ARM.Collect$$rtentry$$00000009  c_w.l(__rtentry2.o)
    0x0801018e   0x0801018e   0x00000004   Code   RO          581    .ARM.Collect$$rtentry$$0000000A  c_w.l(__rtentry2.o)
    0x08010192   0x08010192   0x00000000   Code   RO          583    .ARM.Collect$$rtentry$$0000000C  c_w.l(__rtentry2.o)
    0x08010192   0x08010192   0x00000008   Code   RO          584    .ARM.Collect$$rtentry$$0000000D  c_w.l(__rtentry2.o)
    0x0801019a   0x0801019a   0x00000002   Code   RO          701    .ARM.Collect$$rtexit$$00000000  c_w.l(rtexit.o)
    0x0801019c   0x0801019c   0x00000000   Code   RO          708    .ARM.Collect$$rtexit$$00000002  c_w.l(rtexit2.o)
    0x0801019c   0x0801019c   0x00000004   Code   RO          709    .ARM.Collect$$rtexit$$00000003  c_w.l(rtexit2.o)
    0x080101a0   0x080101a0   0x00000006   Code   RO          710    .ARM.Collect$$rtexit$$00000004  c_w.l(rtexit2.o)
    0x080101a6   0x080101a6   0x00000002   PAD
    0x080101a8   0x080101a8   0x000002a0   Code   RO            1    .text               main.o
    0x08010448   0x08010448   0x00000018   Code   RO           90    .text               stm32f10x_it.o
    0x08010460   0x08010460   0x000001e0   Code   RO          105    .text               system_stm32f10x.o
    0x08010640   0x08010640   0x00000160   Code   RO          147    .text               adc.o
    0x080107a0   0x080107a0   0x00000924   Code   RO          179    .text               oled.o
    0x080110c4   0x080110c4   0x00000054   Code   RO          221    .text               led.o
    0x08011118   0x08011118   0x00000040   Code   RO          271    .text               startup_stm32f10x_md.o
    0x08011158   0x08011158   0x000000dc   Code   RO          275    .text               misc.o
    0x08011234   0x08011234   0x0000035c   Code   RO          287    .text               stm32f10x_gpio.o
    0x08011590   0x08011590   0x000003a4   Code   RO          299    .text               stm32f10x_rcc.o
    0x08011934   0x08011934   0x00000408   Code   RO          313    .text               stm32f10x_usart.o
    0x08011d3c   0x08011d3c   0x0000044e   Code   RO          325    .text               stm32f10x_adc.o
    0x0801218a   0x0801218a   0x00000002   PAD
    0x0801218c   0x0801218c   0x000000d4   Code   RO          436    .text               delay.o
    0x08012260   0x08012260   0x0000000c   Code   RO          450    .text               sys.o
    0x0801226c   0x0801226c   0x00000140   Code   RO          462    .text               usart.o
    0x080123ac   0x080123ac   0x00000002   Code   RO          487    .text               c_w.l(use_no_semi_2.o)
    0x080123ae   0x080123ae   0x00000002   PAD
    0x080123b0   0x080123b0   0x00000018   Code   RO          491    .text               c_w.l(noretval__2printf.o)
    0x080123c8   0x080123c8   0x00000068   Code   RO          493    .text               c_w.l(__printf.o)
    0x08012430   0x08012430   0x00000078   Code   RO          495    .text               c_w.l(_printf_dec.o)
    0x080124a8   0x080124a8   0x00000006   Code   RO          520    .text               c_w.l(heapauxi.o)
    0x080124ae   0x080124ae   0x00000002   Code   RO          558    .text               c_w.l(use_no_semi.o)
    0x080124b0   0x080124b0   0x000000b2   Code   RO          561    .text               c_w.l(_printf_intcommon.o)
    0x08012562   0x08012562   0x0000041e   Code   RO          563    .text               c_w.l(_printf_fp_dec.o)
    0x08012980   0x08012980   0x00000024   Code   RO          565    .text               c_w.l(_printf_char_file.o)
    0x080129a4   0x080129a4   0x00000008   Code   RO          595    .text               c_w.l(rt_locale_intlibspace.o)
    0x080129ac   0x080129ac   0x0000008a   Code   RO          597    .text               c_w.l(lludiv10.o)
    0x08012a36   0x08012a36   0x00000002   PAD
    0x08012a38   0x08012a38   0x00000030   Code   RO          599    .text               c_w.l(_printf_char_common.o)
    0x08012a68   0x08012a68   0x00000080   Code   RO          601    .text               c_w.l(_printf_fp_infnan.o)
    0x08012ae8   0x08012ae8   0x000000e4   Code   RO          603    .text               c_w.l(bigflt0.o)
    0x08012bcc   0x08012bcc   0x00000008   Code   RO          628    .text               c_w.l(ferror.o)
    0x08012bd4   0x08012bd4   0x00000008   Code   RO          639    .text               c_w.l(libspace.o)
    0x08012bdc   0x08012bdc   0x0000004a   Code   RO          642    .text               c_w.l(sys_stackheap_outer.o)
    0x08012c26   0x08012c26   0x00000012   Code   RO          646    .text               c_w.l(exit.o)
    0x08012c38   0x08012c38   0x00000080   Code   RO          648    .text               c_w.l(strcmpv7m.o)
    0x08012cb8   0x08012cb8   0x0000003e   Code   RO          606    CL$$btod_d2e        c_w.l(btod.o)
    0x08012cf6   0x08012cf6   0x00000046   Code   RO          608    CL$$btod_d2e_denorm_low  c_w.l(btod.o)
    0x08012d3c   0x08012d3c   0x00000060   Code   RO          607    CL$$btod_d2e_norm_op1  c_w.l(btod.o)
    0x08012d9c   0x08012d9c   0x00000338   Code   RO          616    CL$$btod_div_common  c_w.l(btod.o)
    0x080130d4   0x080130d4   0x000000dc   Code   RO          613    CL$$btod_e2e        c_w.l(btod.o)
    0x080131b0   0x080131b0   0x0000002a   Code   RO          610    CL$$btod_ediv       c_w.l(btod.o)
    0x080131da   0x080131da   0x0000002a   Code   RO          609    CL$$btod_emul       c_w.l(btod.o)
    0x08013204   0x08013204   0x00000244   Code   RO          615    CL$$btod_mult_common  c_w.l(btod.o)
    0x08013448   0x08013448   0x00000028   Code   RO          637    i.__ARM_fpclassify  m_ws.l(fpclassify.o)
    0x08013470   0x08013470   0x0000002c   Code   RO          633    locale$$code        c_w.l(lc_numeric_c.o)
    0x0801349c   0x0801349c   0x00000062   Code   RO          524    x$fpl$d2f           fz_ws.l(d2f.o)
    0x080134fe   0x080134fe   0x00000002   PAD
    0x08013500   0x08013500   0x00000150   Code   RO          526    x$fpl$dadd          fz_ws.l(daddsub_clz.o)
    0x08013650   0x08013650   0x000002b0   Code   RO          533    x$fpl$ddiv          fz_ws.l(ddiv.o)
    0x08013900   0x08013900   0x00000154   Code   RO          536    x$fpl$dmul          fz_ws.l(dmul.o)
    0x08013a54   0x08013a54   0x0000009c   Code   RO          568    x$fpl$dnaninf       fz_ws.l(dnaninf.o)
    0x08013af0   0x08013af0   0x0000000c   Code   RO          570    x$fpl$dretinf       fz_ws.l(dretinf.o)
    0x08013afc   0x08013afc   0x000001d4   Code   RO          528    x$fpl$dsub          fz_ws.l(daddsub_clz.o)
    0x08013cd0   0x08013cd0   0x00000056   Code   RO          538    x$fpl$f2d           fz_ws.l(f2d.o)
    0x08013d26   0x08013d26   0x00000002   PAD
    0x08013d28   0x08013d28   0x00000184   Code   RO          541    x$fpl$fdiv          fz_ws.l(fdiv.o)
    0x08013eac   0x08013eac   0x00000036   Code   RO          544    x$fpl$ffix          fz_ws.l(ffix.o)
    0x08013ee2   0x08013ee2   0x00000002   PAD
    0x08013ee4   0x08013ee4   0x00000030   Code   RO          549    x$fpl$fflt          fz_ws.l(fflt_clz.o)
    0x08013f14   0x08013f14   0x00000102   Code   RO          554    x$fpl$fmul          fz_ws.l(fmul.o)
    0x08014016   0x08014016   0x0000008c   Code   RO          572    x$fpl$fnaninf       fz_ws.l(fnaninf.o)
    0x080140a2   0x080140a2   0x0000000a   Code   RO          574    x$fpl$fretinf       fz_ws.l(fretinf.o)
    0x080140ac   0x080140ac   0x00000004   Code   RO          556    x$fpl$printf1       fz_ws.l(printf1.o)
    0x080140b0   0x080140b0   0x00000000   Code   RO          576    x$fpl$usenofp       fz_ws.l(usenofp.o)
    0x080140b0   0x080140b0   0x00001e90   Data   RO          181    .constdata          oled.o
    0x08015f40   0x08015f40   0x00000094   Data   RO          604    .constdata          c_w.l(bigflt0.o)
    0x08015fd4   0x08015fd4   0x00000020   Data   RO          778    Region$$Table       anon$$obj.o
    0x08015ff4   0x08015ff4   0x0000001c   Data   RO          632    locale$$data        c_w.l(lc_numeric_c.o)


    Execution Region RW_IRAM1 (Exec base: 0x20000000, Load base: 0x08016010, Size: 0x00000bf8, Max: 0x00005000, ABSOLUTE)

    Exec Addr    Load Addr    Size         Type   Attr      Idx    E Section Name        Object

    0x20000000   0x08016010   0x00000014   Data   RW          106    .data               system_stm32f10x.o
    0x20000014   0x08016024   0x00000014   Data   RW          300    .data               stm32f10x_rcc.o
    0x20000028   0x08016038   0x00000004   Data   RW          437    .data               delay.o
    0x2000002c   0x0801603c   0x00000006   Data   RW          464    .data               usart.o
    0x20000032   0x08016042   0x00000002   PAD
    0x20000034        -       0x00000016   Zero   RW            2    .bss                main.o
    0x2000004a        -       0x00000480   Zero   RW          180    .bss                oled.o
    0x200004ca        -       0x000000c8   Zero   RW          463    .bss                usart.o
    0x20000592   0x08016042   0x00000002   PAD
    0x20000594        -       0x00000060   Zero   RW          640    .bss                c_w.l(libspace.o)
    0x200005f4   0x08016042   0x00000004   PAD
    0x200005f8        -       0x00000200   Zero   RW          269    HEAP                startup_stm32f10x_md.o
    0x200007f8        -       0x00000400   Zero   RW          268    STACK               startup_stm32f10x_md.o


==============================================================================

Image component sizes


      Code (inc. data)   RO Data    RW Data    ZI Data      Debug   Object Name

       352         14          0          0          0     214057   adc.o
         0          0          0          0          0         32   core_cm3.o
       212         18          0          4          0       1103   delay.o
        84          6          0          0          0        734   led.o
       672        114          0          0         22      29985   main.o
       220         22          0          0          0       1845   misc.o
      2340         60       7824          0       1152       8780   oled.o
        64         26        236          0       1536        824   startup_stm32f10x_md.o
      1102         26          0          0          0      11089   stm32f10x_adc.o
       860         38          0          0          0       5781   stm32f10x_gpio.o
        24          0          0          0          0       1126   stm32f10x_it.o
       932         36          0         20          0       8992   stm32f10x_rcc.o
      1032         22          0          0          0       8504   stm32f10x_usart.o
        12          0          0          0          0        485   sys.o
       480         38          0         20          0       1839   system_stm32f10x.o
       320         18          0          6        200       3234   usart.o

    ----------------------------------------------------------------------
      8708        438       8092         52       2912     298410   Object Totals
         0          0         32          0          0          0   (incl. Generated)
         2          0          0          2          2          0   (incl. Padding)

    ----------------------------------------------------------------------

      Code (inc. data)   RO Data    RW Data    ZI Data      Debug   Library Member Name

         8          0          0          0          0         68   __main.o
       104          0          0          0          0         84   __printf.o
         0          0          0          0          0          0   __rtentry.o
        12          0          0          0          0          0   __rtentry2.o
         6          0          0          0          0          0   __rtentry4.o
        52          8          0          0          0          0   __scatter.o
        26          0          0          0          0          0   __scatter_copy.o
        28          0          0          0          0          0   __scatter_zi.o
        48          6          0          0          0         96   _printf_char_common.o
        36          4          0          0          0         80   _printf_char_file.o
         6          0          0          0          0          0   _printf_d.o
       120         16          0          0          0         92   _printf_dec.o
         6          0          0          0          0          0   _printf_f.o
      1054          0          0          0          0        216   _printf_fp_dec.o
       128         16          0          0          0         84   _printf_fp_infnan.o
       178          0          0          0          0         88   _printf_intcommon.o
         0          0          0          0          0          0   _printf_percent.o
         4          0          0          0          0          0   _printf_percent_end.o
       228          4        148          0          0         96   bigflt0.o
      1936        128          0          0          0        672   btod.o
        18          0          0          0          0         80   exit.o
         8          0          0          0          0         68   ferror.o
         6          0          0          0          0        152   heapauxi.o
        44         10         28          0          0         76   lc_numeric_c.o
         2          0          0          0          0          0   libinit.o
        18          0          0          0          0          0   libinit2.o
         2          0          0          0          0          0   libshutdown.o
         2          0          0          0          0          0   libshutdown2.o
         8          4          0          0         96         68   libspace.o
       138          0          0          0          0         80   lludiv10.o
        24          4          0          0          0         84   noretval__2printf.o
         8          4          0          0          0         68   rt_locale_intlibspace.o
         2          0          0          0          0          0   rtexit.o
        10          0          0          0          0          0   rtexit2.o
       128          0          0          0          0         68   strcmpv7m.o
        74          0          0          0          0         80   sys_stackheap_outer.o
         2          0          0          0          0         68   use_no_semi.o
         2          0          0          0          0         68   use_no_semi_2.o
        98          4          0          0          0         92   d2f.o
       804         16          0          0          0        272   daddsub_clz.o
       688        140          0          0          0        208   ddiv.o
       340         12          0          0          0        104   dmul.o
       156          4          0          0          0         92   dnaninf.o
        12          0          0          0          0         68   dretinf.o
        86          4          0          0          0         84   f2d.o
       388         76          0          0          0         96   fdiv.o
        54          4          0          0          0         84   ffix.o
        48          0          0          0          0         68   fflt_clz.o
       258          4          0          0          0         84   fmul.o
       140          4          0          0          0         84   fnaninf.o
        10          0          0          0          0         68   fretinf.o
         4          0          0          0          0         68   printf1.o
         0          0          0          0          0          0   usenofp.o
        40          0          0          0          0         68   fpclassify.o

    ----------------------------------------------------------------------
      7616        472        176          0        100       4076   Library Totals
        14          0          0          0          4          0   (incl. Padding)

    ----------------------------------------------------------------------

      Code (inc. data)   RO Data    RW Data    ZI Data      Debug   Library Name

      4476        204        176          0         96       2536   c_w.l
      3086        268          0          0          0       1472   fz_ws.l
        40          0          0          0          0         68   m_ws.l

    ----------------------------------------------------------------------
      7616        472        176          0        100       4076   Library Totals

    ----------------------------------------------------------------------

==============================================================================


      Code (inc. data)   RO Data    RW Data    ZI Data      Debug   

     16324        910       8268         52       3012     299206   Grand Totals
     16324        910       8268         52       3012     299206   ELF Image Totals
     16324        910       8268         52          0          0   ROM Totals

==============================================================================

    Total RO  Size (Code + RO Data)                24592 (  24.02kB)
    Total RW  Size (RW Data + ZI Data)              3064 (   2.99kB)
    Total ROM Size (Code + RO Data + RW Data)      24644 (  24.07kB)

==============================================================================

