<html>
<body>
<pre>
<h1>礦ision Build Log</h1>
<h2>Tool Versions:</h2>
IDE-Version: μVision V5.33.0.0
Copyright (C) 2020 ARM Ltd and ARM Germany GmbH. All rights reserved.
License Information: hfsdk dfd, fdsf, LIC=PE7DL-0K51V-WF0I7-E3IHK-PT153-9P3M4
 
Tool Versions:
Toolchain:       MDK-ARM Plus  Version: 5.33.0.0
Toolchain Path:  C:\Keil_v5\ARM\ARMCC\Bin
C Compiler:      Armcc.exe V5.06 update 7 (build 960)
Assembler:       Armasm.exe V5.06 update 7 (build 960)
Linker/Locator:  ArmLink.exe V5.06 update 7 (build 960)
Library Manager: ArmAr.exe V5.06 update 7 (build 960)
Hex Converter:   FromElf.exe V5.06 update 7 (build 960)
CPU DLL:         SARMCM3.DLL V5.33.0.0
Dialog DLL:      DARMSTM.DLL V1.68.0.0
Target DLL:      Segger\JL2CM3.dll V2.99.38.0
Dialog DLL:      TARMSTM.DLL V1.66.0.0
 
<h2>Project:</h2>
C:\Users\IBM\Desktop\PT50_APP_A1.0\Project\PT50_STM32F103RC.uvprojx
Project File Date:  08/05/2024

<h2>Output:</h2>
*** Using Compiler 'V5.06 update 7 (build 960)', folder: 'C:\Keil_v5\ARM\ARMCC\Bin'
Build target 'PT50_STM32F103RC'
compiling digit.c...
..\MyCode\Middleware\key_handler.h(28): warning:  #1295-D: Deprecated declaration InitializeSettings - give arg types
  void InitializeSettings();
..\MyCode\LCD\digit.c(580): warning:  #68-D: integer conversion resulted in a change of sign
      Second =0-1;Minute=0;Hour=0;//0-1这样才能归0
..\MyCode\LCD\digit.c: 2 warnings, 0 errors
linking...
Program Size: Code=32172 RO-data=544 RW-data=552 ZI-data=5048  
FromELF: creating hex file...
After Build - User command #1: C:\Keil_v5\ARM\ARMCC\bin\fromelf.exe    --bin -o  ..\Project\Objects\PT50APP.bin ..\Project\Objects\PT50APP.axf
".\Objects\PT50APP.axf" - 0 Error(s), 2 Warning(s).

<h2>Software Packages used:</h2>

Package Vendor: Keil
                http://www.keil.com/pack/Keil.STM32F1xx_DFP.2.3.0.pack
                Keil.STM32F1xx_DFP.2.3.0
                STMicroelectronics STM32F1 Series Device Support, Drivers and Examples

<h2>Collection of Component include folders:</h2>
  C:\Users\IBM\AppData\Local\Arm\Packs\Keil\STM32F1xx_DFP\2.3.0\Device\Include

<h2>Collection of Component Files used:</h2>
Build Time Elapsed:  00:00:02
</pre>
</body>
</html>
