<html>
<body>
<pre>
<h1>礦ision Build Log</h1>
<h2>Tool Versions:</h2>
IDE-Version: μVision V5.33.0.0
Copyright (C) 2020 ARM Ltd and ARM Germany GmbH. All rights reserved.
License Information: hfsdk dfd, fdsf, LIC=PE7DL-0K51V-WF0I7-E3IHK-PT153-9P3M4
 
Tool Versions:
Toolchain:       MDK-ARM Plus  Version: 5.33.0.0
Toolchain Path:  C:\Keil_v5\ARM\ARMCC\Bin
C Compiler:      Armcc.exe V5.06 update 7 (build 960)
Assembler:       Armasm.exe V5.06 update 7 (build 960)
Linker/Locator:  ArmLink.exe V5.06 update 7 (build 960)
Library Manager: ArmAr.exe V5.06 update 7 (build 960)
Hex Converter:   FromElf.exe V5.06 update 7 (build 960)
CPU DLL:         SARMCM3.DLL V5.33.0.0
Dialog DLL:      DARMSTM.DLL V1.68.0.0
Target DLL:      Segger\JL2CM3.dll V2.99.38.0
Dialog DLL:      TARMSTM.DLL V1.66.0.0
 
<h2>Project:</h2>
C:\Users\IBM\Desktop\pT50备用\PT50_stmf103_V20历史记录数据完成70 - 副本\Project\PT50_STM32F103RC.uvprojx
Project File Date:  07/12/2024

<h2>Output:</h2>
*** Using Compiler 'V5.06 update 7 (build 960)', folder: 'C:\Keil_v5\ARM\ARMCC\Bin'
Rebuild target 'PT50_STM32F103RC'
compiling key.c...
compiling battery.c...
..\MyCode\ADC\adc.h(14): warning:  #1295-D: Deprecated declaration ADC_GetValue - give arg types
  void ADC_GetValue();
..\MyCode\BATTERY\battery.c(22): warning:  #550-D: variable "Screen_RF_Data2"  was set but never used
  static uint8_t Screen_RF_Data2 = 0;
..\MyCode\BATTERY\battery.c(23): warning:  #550-D: variable "Screen_RF_Data3"  was set but never used
  static uint8_t Screen_RF_Data3 = 0;
..\MyCode\BATTERY\battery.c(24): warning:  #550-D: variable "Screen_RF_Data4"  was set but never used
  static uint8_t Screen_RF_Data4 = 0; 
..\MyCode\BATTERY\battery.c: 4 warnings, 0 errors
compiling buzzer.c...
compiling adc.c...
..\MyCode\ADC\adc.h(14): warning:  #1295-D: Deprecated declaration ADC_GetValue - give arg types
  void ADC_GetValue();
..\MyCode\ADC\adc.c: 1 warning, 0 errors
compiling stm32f10x_it.c...
compiling main.c...
..\MyCode\ADC\adc.h(14): warning:  #1295-D: Deprecated declaration ADC_GetValue - give arg types
  void ADC_GetValue();
..\MyCode\Middleware\key_handler.h(18): warning:  #1295-D: Deprecated declaration InitializeSettings - give arg types
  void InitializeSettings();
..\App\main.c: 2 warnings, 0 errors
compiling LCD_HT1623.c...
..\MyCode\Middleware\key_handler.h(18): warning:  #1295-D: Deprecated declaration InitializeSettings - give arg types
  void InitializeSettings();
..\MyCode\LCD\LCD_HT1623.c: 1 warning, 0 errors
compiling timer.c...
..\MyCode\ADC\adc.h(14): warning:  #1295-D: Deprecated declaration ADC_GetValue - give arg types
  void ADC_GetValue();
..\MyCode\Middleware\key_handler.h(18): warning:  #1295-D: Deprecated declaration InitializeSettings - give arg types
  void InitializeSettings();
..\MyCode\TIMER\timer.c: 2 warnings, 0 errors
compiling digit.c...
..\MyCode\ADC\adc.h(14): warning:  #1295-D: Deprecated declaration ADC_GetValue - give arg types
  void ADC_GetValue();
..\MyCode\Middleware\key_handler.h(18): warning:  #1295-D: Deprecated declaration InitializeSettings - give arg types
  void InitializeSettings();
..\MyCode\LCD\digit.c(565): warning:  #1-D: last line of file ends without a newline
  /*----------------------------------P=0-------------------------------------*/
..\MyCode\LCD\digit.c: 3 warnings, 0 errors
compiling display.c...
compiling stmflash.c...
compiling misc.c...
compiling stm32f10x_bkp.c...
compiling key_handler.c...
..\MyCode\Middleware\key_handler.h(18): warning:  #1295-D: Deprecated declaration InitializeSettings - give arg types
  void InitializeSettings();
..\MyCode\Middleware\key_handler.c: 1 warning, 0 errors
compiling stm32f10x_adc.c...
compiling stm32f10x_can.c...
compiling stm32f10x_cec.c...
compiling stm32f10x_crc.c...
compiling stm32f10x_dac.c...
compiling stm32f10x_exti.c...
compiling stm32f10x_dbgmcu.c...
compiling stm32f10x_dma.c...
compiling stm32f10x_gpio.c...
compiling stm32f10x_fsmc.c...
compiling stm32f10x_flash.c...
compiling stm32f10x_i2c.c...
compiling stm32f10x_iwdg.c...
compiling stm32f10x_rcc.c...
compiling stm32f10x_pwr.c...
compiling stm32f10x_spi.c...
compiling stm32f10x_rtc.c...
compiling stm32f10x_sdio.c...
compiling stm32f10x_usart.c...
compiling stm32f10x_tim.c...
compiling stm32f10x_wwdg.c...
assembling startup_stm32f10x_hd.s...
compiling delay.c...
compiling sys.c...
compiling usart.c...
compiling system_stm32f10x.c...
compiling usb_init.c...
compiling usb_int.c...
compiling usb_core.c...
compiling usb_mem.c...
compiling usb_sil.c...
compiling usb_regs.c...
compiling usb_endp.c...
compiling usb_desc.c...
compiling usb_prop.c...
compiling hw_config.c...
compiling usb_pwr.c...
compiling usb_istr.c...
linking...
Program Size: Code=25132 RO-data=536 RW-data=516 ZI-data=4916  
FromELF: creating hex file...
After Build - User command #1: C:\Keil_v5\ARM\ARMCC\bin\fromelf.exe    --bin -o  ..\Project\Objects\PT50APP.bin ..\Project\Objects\PT50APP.axf
".\Objects\PT50APP.axf" - 0 Error(s), 14 Warning(s).

<h2>Software Packages used:</h2>

Package Vendor: Keil
                http://www.keil.com/pack/Keil.STM32F1xx_DFP.2.3.0.pack
                Keil.STM32F1xx_DFP.2.3.0
                STMicroelectronics STM32F1 Series Device Support, Drivers and Examples

<h2>Collection of Component include folders:</h2>
  C:\Users\IBM\AppData\Local\Arm\Packs\Keil\STM32F1xx_DFP\2.3.0\Device\Include

<h2>Collection of Component Files used:</h2>
Build Time Elapsed:  00:00:10
</pre>
</body>
</html>
