Component: ARM Compiler 5.06 update 7 (build 960) Tool: armlink [4d3601]

==============================================================================

Section Cross References

    startup_stm32f10x_hd.o(STACK) refers (Special) to heapauxi.o(.text) for __use_two_region_memory
    startup_stm32f10x_hd.o(HEAP) refers (Special) to heapauxi.o(.text) for __use_two_region_memory
    startup_stm32f10x_hd.o(RESET) refers (Special) to heapauxi.o(.text) for __use_two_region_memory
    startup_stm32f10x_hd.o(RESET) refers to startup_stm32f10x_hd.o(STACK) for __initial_sp
    startup_stm32f10x_hd.o(RESET) refers to startup_stm32f10x_hd.o(.text) for Reset_Handler
    startup_stm32f10x_hd.o(RESET) refers to stm32f10x_it.o(i.NMI_Handler) for NMI_Handler
    startup_stm32f10x_hd.o(RESET) refers to stm32f10x_it.o(i.HardFault_Handler) for HardFault_Handler
    startup_stm32f10x_hd.o(RESET) refers to stm32f10x_it.o(i.MemManage_Handler) for MemManage_Handler
    startup_stm32f10x_hd.o(RESET) refers to stm32f10x_it.o(i.BusFault_Handler) for BusFault_Handler
    startup_stm32f10x_hd.o(RESET) refers to stm32f10x_it.o(i.UsageFault_Handler) for UsageFault_Handler
    startup_stm32f10x_hd.o(RESET) refers to port.o(.emb_text) for vPortSVCHandler
    startup_stm32f10x_hd.o(RESET) refers to stm32f10x_it.o(i.DebugMon_Handler) for DebugMon_Handler
    startup_stm32f10x_hd.o(RESET) refers to stm32f10x_it.o(i.SysTick_Handler) for SysTick_Handler
    startup_stm32f10x_hd.o(RESET) refers to usart.o(i.USART1_IRQHandler) for USART1_IRQHandler
    startup_stm32f10x_hd.o(.text) refers (Special) to heapauxi.o(.text) for __use_two_region_memory
    startup_stm32f10x_hd.o(.text) refers to system_stm32f10x.o(i.SystemInit) for SystemInit
    startup_stm32f10x_hd.o(.text) refers to __main.o(!!!main) for __main
    startup_stm32f10x_hd.o(.text) refers to startup_stm32f10x_hd.o(HEAP) for Heap_Mem
    startup_stm32f10x_hd.o(.text) refers to startup_stm32f10x_hd.o(STACK) for Stack_Mem
    event_groups.o(i.vEventGroupClearBitsCallback) refers to event_groups.o(i.xEventGroupClearBits) for xEventGroupClearBits
    event_groups.o(i.vEventGroupDelete) refers to tasks.o(i.vTaskSuspendAll) for vTaskSuspendAll
    event_groups.o(i.vEventGroupDelete) refers to tasks.o(i.xTaskRemoveFromUnorderedEventList) for xTaskRemoveFromUnorderedEventList
    event_groups.o(i.vEventGroupDelete) refers to heap_4.o(i.vPortFree) for vPortFree
    event_groups.o(i.vEventGroupDelete) refers to tasks.o(i.xTaskResumeAll) for xTaskResumeAll
    event_groups.o(i.vEventGroupSetBitsCallback) refers to event_groups.o(i.xEventGroupSetBits) for xEventGroupSetBits
    event_groups.o(i.xEventGroupClearBits) refers to port.o(i.vPortEnterCritical) for vPortEnterCritical
    event_groups.o(i.xEventGroupClearBits) refers to port.o(i.vPortExitCritical) for vPortExitCritical
    event_groups.o(i.xEventGroupCreate) refers to heap_4.o(i.pvPortMalloc) for pvPortMalloc
    event_groups.o(i.xEventGroupCreate) refers to list.o(i.vListInitialise) for vListInitialise
    event_groups.o(i.xEventGroupSetBits) refers to tasks.o(i.vTaskSuspendAll) for vTaskSuspendAll
    event_groups.o(i.xEventGroupSetBits) refers to tasks.o(i.xTaskRemoveFromUnorderedEventList) for xTaskRemoveFromUnorderedEventList
    event_groups.o(i.xEventGroupSetBits) refers to tasks.o(i.xTaskResumeAll) for xTaskResumeAll
    event_groups.o(i.xEventGroupSync) refers to tasks.o(i.vTaskSuspendAll) for vTaskSuspendAll
    event_groups.o(i.xEventGroupSync) refers to event_groups.o(i.xEventGroupSetBits) for xEventGroupSetBits
    event_groups.o(i.xEventGroupSync) refers to tasks.o(i.vTaskPlaceOnUnorderedEventList) for vTaskPlaceOnUnorderedEventList
    event_groups.o(i.xEventGroupSync) refers to tasks.o(i.xTaskResumeAll) for xTaskResumeAll
    event_groups.o(i.xEventGroupSync) refers to tasks.o(i.uxTaskResetEventItemValue) for uxTaskResetEventItemValue
    event_groups.o(i.xEventGroupSync) refers to port.o(i.vPortEnterCritical) for vPortEnterCritical
    event_groups.o(i.xEventGroupSync) refers to port.o(i.vPortExitCritical) for vPortExitCritical
    event_groups.o(i.xEventGroupWaitBits) refers to tasks.o(i.vTaskSuspendAll) for vTaskSuspendAll
    event_groups.o(i.xEventGroupWaitBits) refers to event_groups.o(i.prvTestWaitCondition) for prvTestWaitCondition
    event_groups.o(i.xEventGroupWaitBits) refers to tasks.o(i.vTaskPlaceOnUnorderedEventList) for vTaskPlaceOnUnorderedEventList
    event_groups.o(i.xEventGroupWaitBits) refers to tasks.o(i.xTaskResumeAll) for xTaskResumeAll
    event_groups.o(i.xEventGroupWaitBits) refers to tasks.o(i.uxTaskResetEventItemValue) for uxTaskResetEventItemValue
    event_groups.o(i.xEventGroupWaitBits) refers to port.o(i.vPortEnterCritical) for vPortEnterCritical
    event_groups.o(i.xEventGroupWaitBits) refers to port.o(i.vPortExitCritical) for vPortExitCritical
    heap_4.o(i.prvHeapInit) refers to heap_4.o(.bss) for ucHeap
    heap_4.o(i.prvHeapInit) refers to heap_4.o(.data) for xStart
[...]
    ../clib/armsys.c                         0x00000000   Number         0  no_argv.o ABSOLUTE
    ../clib/armsys.c                         0x00000000   Number         0  _get_argv_nomalloc.o ABSOLUTE
    ../clib/armsys.c                         0x00000000   Number         0  argv_veneer.o ABSOLUTE
    ../clib/armsys.c                         0x00000000   Number         0  argv_veneer.o ABSOLUTE
    ../clib/bigflt.c                         0x00000000   Number         0  bigflt0.o ABSOLUTE
    ../clib/btod.s                           0x00000000   Number         0  btod.o ABSOLUTE
    ../clib/heapalloc.c                      0x00000000   Number         0  hrguard.o ABSOLUTE
    ../clib/heapaux.c                        0x00000000   Number         0  heapauxi.o ABSOLUTE
    ../clib/libinit.s                        0x00000000   Number         0  libinit.o ABSOLUTE
    ../clib/libinit.s                        0x00000000   Number         0  libshutdown.o ABSOLUTE
    ../clib/libinit.s                        0x00000000   Number         0  libinit2.o ABSOLUTE
    ../clib/libinit.s                        0x00000000   Number         0  libshutdown2.o ABSOLUTE
    ../clib/locale.s                         0x00000000   Number         0  lc_numeric_c.o ABSOLUTE
    ../clib/longlong.s                       0x00000000   Number         0  lludiv10.o ABSOLUTE
    ../clib/memcpset.s                       0x00000000   Number         0  rt_memcpy_w.o ABSOLUTE
    ../clib/memcpset.s                       0x00000000   Number         0  strcmpv7m.o ABSOLUTE
    ../clib/memcpset.s                       0x00000000   Number         0  rt_memcpy_v6.o ABSOLUTE
    ../clib/printf.c                         0x00000000   Number         0  __printf_flags.o ABSOLUTE
    ../clib/printf.c                         0x00000000   Number         0  _printf_char_file.o ABSOLUTE
    ../clib/printf.c                         0x00000000   Number         0  _printf_fp_dec.o ABSOLUTE
    ../clib/printf.c                         0x00000000   Number         0  _printf_fp_infnan.o ABSOLUTE
    ../clib/printf.c                         0x00000000   Number         0  __printf_wp.o ABSOLUTE
    ../clib/printf.c                         0x00000000   Number         0  __printf_nopercent.o ABSOLUTE
    ../clib/printf.c                         0x00000000   Number         0  _printf_intcommon.o ABSOLUTE
    ../clib/printf.c                         0x00000000   Number         0  __2printf.o ABSOLUTE
    ../clib/printf.c                         0x00000000   Number         0  _printf_char_common.o ABSOLUTE
    ../clib/printf.c                         0x00000000   Number         0  _printf_dec.o ABSOLUTE
    ../clib/printf.c                         0x00000000   Number         0  __printf.o ABSOLUTE
    ../clib/printf.c                         0x00000000   Number         0  __printf_flags_ss_wp.o ABSOLUTE
    ../clib/printf.c                         0x00000000   Number         0  __printf_ss_wp.o ABSOLUTE
    ../clib/printf.c                         0x00000000   Number         0  noretval__2printf.o ABSOLUTE
    ../clib/printf.c                         0x00000000   Number         0  __printf_flags_ss.o ABSOLUTE
    ../clib/printf.c                         0x00000000   Number         0  __printf_flags_wp.o ABSOLUTE
    ../clib/printf.c                         0x00000000   Number         0  __printf_ss.o ABSOLUTE
    ../clib/printf_percent.s                 0x00000000   Number         0  _printf_percent_end.o ABSOLUTE
    ../clib/printf_percent.s                 0x00000000   Number         0  _printf_percent.o ABSOLUTE
    ../clib/printf_percent.s                 0x00000000   Number         0  _printf_d.o ABSOLUTE
    ../clib/printf_percent.s                 0x00000000   Number         0  _printf_f.o ABSOLUTE
    ../clib/signal.c                         0x00000000   Number         0  defsig_rtmem_outer.o ABSOLUTE
    ../clib/signal.c                         0x00000000   Number         0  defsig_rtmem_formal.o ABSOLUTE
    ../clib/signal.c                         0x00000000   Number         0  defsig_fpe_inner.o ABSOLUTE
    ../clib/signal.c                         0x00000000   Number         0  defsig_general.o ABSOLUTE
    ../clib/signal.c                         0x00000000   Number         0  defsig_other.o ABSOLUTE
    ../clib/signal.c                         0x00000000   Number         0  defsig_segv_inner.o ABSOLUTE
    ../clib/signal.c                         0x00000000   Number         0  defsig_pvfn_inner.o ABSOLUTE
    ../clib/signal.c                         0x00000000   Number         0  defsig_rtmem_inner.o ABSOLUTE
    ../clib/signal.c                         0x00000000   Number         0  defsig_cppl_inner.o ABSOLUTE
    ../clib/signal.c                         0x00000000   Number         0  defsig_rtred_inner.o ABSOLUTE
    ../clib/signal.c                         0x00000000   Number         0  defsig_exit.o ABSOLUTE
    ../clib/signal.c                         0x00000000   Number         0  defsig_abrt_inner.o ABSOLUTE
    ../clib/signal.c                         0x00000000   Number         0  __raise.o ABSOLUTE
    ../clib/signal.c                         0x00000000   Number         0  defsig_stak_inner.o ABSOLUTE
    ../clib/signal.s                         0x00000000   Number         0  defsig.o ABSOLUTE
    ../clib/stdio.c                          0x00000000   Number         0  ferror_locked.o ABSOLUTE
    ../clib/stdio.c                          0x00000000   Number         0  ferror.o ABSOLUTE
    ../clib/stdlib.c                         0x00000000   Number         0  exit.o ABSOLUTE
    ../fplib/d2f.s                           0x00000000   Number         0  d2f.o ABSOLUTE
    ../fplib/daddsub.s                       0x00000000   Number         0  daddsub_clz.o ABSOLUTE
    ../fplib/dcmpi.s                         0x00000000   Number         0  dcmpi.o ABSOLUTE
    ../fplib/ddiv.s                          0x00000000   Number         0  ddiv.o ABSOLUTE
    ../fplib/dflt.s                          0x00000000   Number         0  dflt_clz.o ABSOLUTE
    ../fplib/dleqf.s                         0x00000000   Number         0  dleqf.o ABSOLUTE
    ../fplib/dmul.s                          0x00000000   Number         0  dmul.o ABSOLUTE
    ../fplib/dnaninf.s                       0x00000000   Number         0  dnaninf.o ABSOLUTE
    ../fplib/dretinf.s                       0x00000000   Number         0  dretinf.o ABSOLUTE
    ../fplib/f2d.s                           0x00000000   Number         0  f2d.o ABSOLUTE
    ../fplib/fdiv.s                          0x00000000   Number         0  fdiv.o ABSOLUTE
    ../fplib/ffix.s                          0x00000000   Number         0  ffix.o ABSOLUTE
    ../fplib/ffixu.s                         0x00000000   Number         0  ffixu.o ABSOLUTE
    ../fplib/fflt.s                          0x00000000   Number         0  fflt_clz.o ABSOLUTE
    ../fplib/fmul.s                          0x00000000   Number         0  fmul.o ABSOLUTE
    ../fplib/fnaninf.s                       0x00000000   Number         0  fnaninf.o ABSOLUTE
    ../fplib/fpinit.s                        0x00000000   Number         0  fpinit.o ABSOLUTE
    ../fplib/fretinf.s                       0x00000000   Number         0  fretinf.o ABSOLUTE
    ../fplib/istatus.s                       0x00000000   Number         0  istatus.o ABSOLUTE
    ../fplib/printf1.s                       0x00000000   Number         0  printf1.o ABSOLUTE
    ../fplib/usenofp.s                       0x00000000   Number         0  usenofp.o ABSOLUTE
    ../mathlib/fpclassify.c                  0x00000000   Number         0  fpclassify.o ABSOLUTE
    .\..\CORE\core_cm3.c                     0x00000000   Number         0  core_cm3.o ABSOLUTE
    .\..\CORE\startup_stm32f10x_hd.s         0x00000000   Number         0  startup_stm32f10x_hd.o ABSOLUTE
    .\..\FreeRTOS\croutine.c                 0x00000000   Number         0  croutine.o ABSOLUTE
    .\..\FreeRTOS\event_groups.c             0x00000000   Number         0  event_groups.o ABSOLUTE
    .\..\FreeRTOS\list.c                     0x00000000   Number         0  list.o ABSOLUTE
    .\..\FreeRTOS\portable\MemMang\heap_4.c  0x00000000   Number         0  heap_4.o ABSOLUTE
    .\..\FreeRTOS\portable\RVDS\ARM_CM3\port.c 0x00000000   Number         0  port.o ABSOLUTE
    .\..\FreeRTOS\queue.c                    0x00000000   Number         0  queue.o ABSOLUTE
    .\..\FreeRTOS\tasks.c                    0x00000000   Number         0  tasks.o ABSOLUTE
    .\..\FreeRTOS\timers.c                   0x00000000   Number         0  timers.o ABSOLUTE
    .\..\MyCode\ADC\adc.c                    0x00000000   Number         0  adc.o ABSOLUTE
    .\..\MyCode\BATTERY\battery.c            0x00000000   Number         0  battery.o ABSOLUTE
    .\..\MyCode\BUZ\buzzer.c                 0x00000000   Number         0  buzzer.o ABSOLUTE
    .\..\MyCode\LCD\HT61666_LCD.c            0x00000000   Number         0  HT61666_LCD.o ABSOLUTE
    .\..\MyCode\led\LED.c                    0x00000000   Number         0  LED.o ABSOLUTE
    .\..\MyCode\oled.c                       0x00000000   Number         0  oled.o ABSOLUTE
    .\..\STM32_FWLIB\src\misc.c              0x00000000   Number         0  misc.o ABSOLUTE
    .\..\STM32_FWLIB\src\stm32f10x_adc.c     0x00000000   Number         0  stm32f10x_adc.o ABSOLUTE
    .\..\STM32_FWLIB\src\stm32f10x_dma.c     0x00000000   Number         0  stm32f10x_dma.o ABSOLUTE
    .\..\STM32_FWLIB\src\stm32f10x_exti.c    0x00000000   Number         0  stm32f10x_exti.o ABSOLUTE
    .\..\STM32_FWLIB\src\stm32f10x_flash.c   0x00000000   Number         0  stm32f10x_flash.o ABSOLUTE
    .\..\STM32_FWLIB\src\stm32f10x_gpio.c    0x00000000   Number         0  stm32f10x_gpio.o ABSOLUTE
    .\..\STM32_FWLIB\src\stm32f10x_i2c.c     0x00000000   Number         0  stm32f10x_i2c.o ABSOLUTE
    .\..\STM32_FWLIB\src\stm32f10x_rcc.c     0x00000000   Number         0  stm32f10x_rcc.o ABSOLUTE
    .\..\STM32_FWLIB\src\stm32f10x_rtc.c     0x00000000   Number         0  stm32f10x_rtc.o ABSOLUTE
    .\..\STM32_FWLIB\src\stm32f10x_spi.c     0x00000000   Number         0  stm32f10x_spi.o ABSOLUTE
    .\..\STM32_FWLIB\src\stm32f10x_tim.c     0x00000000   Number         0  stm32f10x_tim.o ABSOLUTE
    .\..\STM32_FWLIB\src\stm32f10x_usart.c   0x00000000   Number         0  stm32f10x_usart.o ABSOLUTE
    .\..\SYSTEM\delay\delay.c                0x00000000   Number         0  delay.o ABSOLUTE
    .\..\SYSTEM\sys\sys.c                    0x00000000   Number         0  sys.o ABSOLUTE
    .\..\SYSTEM\usart\usart.c                0x00000000   Number         0  usart.o ABSOLUTE
    .\\..\\CORE\\core_cm3.c                  0x00000000   Number         0  core_cm3.o ABSOLUTE
    .\\..\\FreeRTOS\\portable\\RVDS\\ARM_CM3\\port.c 0x00000000   Number         0  port.o ABSOLUTE
    .\common.c                               0x00000000   Number         0  common.o ABSOLUTE
    .\main.c                                 0x00000000   Number         0  main.o ABSOLUTE
    .\stm32f10x_it.c                         0x00000000   Number         0  stm32f10x_it.o ABSOLUTE
    .\system_stm32f10x.c                     0x00000000   Number         0  system_stm32f10x.o ABSOLUTE
    dc.s                                     0x00000000   Number         0  dc.o ABSOLUTE
    RESET                                    0x08000000   Section      304  startup_stm32f10x_hd.o(RESET)
    !!!main                                  0x08000130   Section        8  __main.o(!!!main)
    !!!scatter                               0x08000138   Section       52  __scatter.o(!!!scatter)
    !!handler_copy                           0x0800016c   Section       26  __scatter_copy.o(!!handler_copy)
    !!handler_zi                             0x08000188   Section       28  __scatter_zi.o(!!handler_zi)
    .ARM.Collect$$_printf_percent$$00000000  0x080001a4   Section        0  _printf_percent.o(.ARM.Collect$$_printf_percent$$00000000)
    .ARM.Collect$$_printf_percent$$00000003  0x080001a4   Section        6  _printf_f.o(.ARM.Collect$$_printf_percent$$00000003)
    .ARM.Collect$$_printf_percent$$00000009  0x080001aa   Section        6  _printf_d.o(.ARM.Collect$$_printf_percent$$00000009)
    .ARM.Collect$$_printf_percent$$00000017  0x080001b0   Section        4  _printf_percent_end.o(.ARM.Collect$$_printf_percent$$00000017)
    .ARM.Collect$$libinit$$00000000          0x080001b4   Section        2  libinit.o(.ARM.Collect$$libinit$$00000000)
    .ARM.Collect$$libinit$$00000002          0x080001b6   Section        0  libinit2.o(.ARM.Collect$$libinit$$00000002)
    .ARM.Collect$$libinit$$00000004          0x080001b6   Section        0  libinit2.o(.ARM.Collect$$libinit$$00000004)
    .ARM.Collect$$libinit$$0000000A          0x080001b6   Section        0  libinit2.o(.ARM.Collect$$libinit$$0000000A)
    .ARM.Collect$$libinit$$0000000C          0x080001b6   Section        0  libinit2.o(.ARM.Collect$$libinit$$0000000C)
    .ARM.Collect$$libinit$$0000000E          0x080001b6   Section        0  libinit2.o(.ARM.Collect$$libinit$$0000000E)
    .ARM.Collect$$libinit$$0000000F          0x080001b6   Section        6  libinit2.o(.ARM.Collect$$libinit$$0000000F)
    .ARM.Collect$$libinit$$00000011          0x080001bc   Section        0  libinit2.o(.ARM.Collect$$libinit$$00000011)
    .ARM.Collect$$libinit$$00000013          0x080001bc   Section        0  libinit2.o(.ARM.Collect$$libinit$$00000013)
    .ARM.Collect$$libinit$$00000015          0x080001bc   Section        0  libinit2.o(.ARM.Collect$$libinit$$00000015)
    .ARM.Collect$$libinit$$00000016          0x080001bc   Section       10  libinit2.o(.ARM.Collect$$libinit$$00000016)
    .ARM.Collect$$libinit$$00000017          0x080001c6   Section        0  libinit2.o(.ARM.Collect$$libinit$$00000017)
    .ARM.Collect$$libinit$$00000019          0x080001c6   Section        0  libinit2.o(.ARM.Collect$$libinit$$00000019)
    .ARM.Collect$$libinit$$0000001B          0x080001c6   Section        0  libinit2.o(.ARM.Collect$$libinit$$0000001B)
    .ARM.Collect$$libinit$$0000001D          0x080001c6   Section        0  libinit2.o(.ARM.Collect$$libinit$$0000001D)
    .ARM.Collect$$libinit$$0000001F          0x080001c6   Section        0  libinit2.o(.ARM.Collect$$libinit$$0000001F)
    .ARM.Collect$$libinit$$00000021          0x080001c6   Section        0  libinit2.o(.ARM.Collect$$libinit$$00000021)
    .ARM.Collect$$libinit$$00000023          0x080001c6   Section        0  libinit2.o(.ARM.Collect$$libinit$$00000023)
    .ARM.Collect$$libinit$$00000025          0x080001c6   Section        0  libinit2.o(.ARM.Collect$$libinit$$00000025)
    .ARM.Collect$$libinit$$0000002C          0x080001c6   Section        0  libinit2.o(.ARM.Collect$$libinit$$0000002C)
    .ARM.Collect$$libinit$$0000002E          0x080001c6   Section        0  libinit2.o(.ARM.Collect$$libinit$$0000002E)
    .ARM.Collect$$libinit$$00000030          0x080001c6   Section        0  libinit2.o(.ARM.Collect$$libinit$$00000030)
    .ARM.Collect$$libinit$$00000032          0x080001c6   Section        0  libinit2.o(.ARM.Collect$$libinit$$00000032)
    .ARM.Collect$$libinit$$00000033          0x080001c6   Section        2  libinit2.o(.ARM.Collect$$libinit$$00000033)
    .ARM.Collect$$libshutdown$$00000000      0x080001c8   Section        2  libshutdown.o(.ARM.Collect$$libshutdown$$00000000)
    .ARM.Collect$$libshutdown$$00000002      0x080001ca   Section        0  libshutdown2.o(.ARM.Collect$$libshutdown$$00000002)
    .ARM.Collect$$libshutdown$$00000004      0x080001ca   Section        0  libshutdown2.o(.ARM.Collect$$libshutdown$$00000004)
    .ARM.Collect$$libshutdown$$00000006      0x080001ca   Section        0  libshutdown2.o(.ARM.Collect$$libshutdown$$00000006)
    .ARM.Collect$$libshutdown$$00000009      0x080001ca   Section        0  libshutdown2.o(.ARM.Collect$$libshutdown$$00000009)
    .ARM.Collect$$libshutdown$$0000000C      0x080001ca   Section        0  libshutdown2.o(.ARM.Collect$$libshutdown$$0000000C)
    .ARM.Collect$$libshutdown$$0000000E      0x080001ca   Section        0  libshutdown2.o(.ARM.Collect$$libshutdown$$0000000E)
    .ARM.Collect$$libshutdown$$00000011      0x080001ca   Section        0  libshutdown2.o(.ARM.Collect$$libshutdown$$00000011)
    .ARM.Collect$$libshutdown$$00000012      0x080001ca   Section        2  libshutdown2.o(.ARM.Collect$$libshutdown$$00000012)
    .ARM.Collect$$rtentry$$00000000          0x080001cc   Section        0  __rtentry.o(.ARM.Collect$$rtentry$$00000000)
    .ARM.Collect$$rtentry$$00000002          0x080001cc   Section        0  __rtentry2.o(.ARM.Collect$$rtentry$$00000002)
    .ARM.Collect$$rtentry$$00000004          0x080001cc   Section        6  __rtentry4.o(.ARM.Collect$$rtentry$$00000004)
    .ARM.Collect$$rtentry$$00000009          0x080001d2   Section        0  __rtentry2.o(.ARM.Collect$$rtentry$$00000009)
    .ARM.Collect$$rtentry$$0000000A          0x080001d2   Section        4  __rtentry2.o(.ARM.Collect$$rtentry$$0000000A)
    .ARM.Collect$$rtentry$$0000000C          0x080001d6   Section        0  __rtentry2.o(.ARM.Collect$$rtentry$$0000000C)
    .ARM.Collect$$rtentry$$0000000D          0x080001d6   Section        8  __rtentry2.o(.ARM.Collect$$rtentry$$0000000D)
    .ARM.Collect$$rtexit$$00000000           0x080001de   Section        2  rtexit.o(.ARM.Collect$$rtexit$$00000000)
    .ARM.Collect$$rtexit$$00000002           0x080001e0   Section        0  rtexit2.o(.ARM.Collect$$rtexit$$00000002)
    .ARM.Collect$$rtexit$$00000003           0x080001e0   Section        4  rtexit2.o(.ARM.Collect$$rtexit$$00000003)
    .ARM.Collect$$rtexit$$00000004           0x080001e4   Section        6  rtexit2.o(.ARM.Collect$$rtexit$$00000004)
    .emb_text                                0x080001ec   Section      150  port.o(.emb_text)
    .text                                    0x08000284   Section       64  startup_stm32f10x_hd.o(.text)
    .text                                    0x080002c4   Section        2  use_no_semi_2.o(.text)
    .text                                    0x080002c8   Section        0  noretval__2printf.o(.text)
    .text                                    0x080002e0   Section        0  __printf.o(.text)
    .text                                    0x08000348   Section        0  _printf_dec.o(.text)
    .text                                    0x080003c0   Section        0  heapauxi.o(.text)
    .text                                    0x080003c6   Section        2  use_no_semi.o(.text)
    .text                                    0x080003c8   Section        0  _printf_intcommon.o(.text)
    .text                                    0x0800047a   Section        0  _printf_fp_dec.o(.text)
    _fp_digits                               0x0800047d   Thumb Code   432  _printf_fp_dec.o(.text)
    .text                                    0x08000898   Section        0  _printf_char_file.o(.text)
    .text                                    0x080008bc   Section        8  rt_locale_intlibspace.o(.text)
    .text                                    0x080008c4   Section      138  lludiv10.o(.text)
    .text                                    0x08000950   Section        0  _printf_char_common.o(.text)
    _printf_input_char                       0x08000951   Thumb Code    10  _printf_char_common.o(.text)
    .text                                    0x08000980   Section        0  _printf_fp_infnan.o(.text)
    .text                                    0x08000a00   Section        0  bigflt0.o(.text)
    .text                                    0x08000ae4   Section        0  ferror.o(.text)
    .text                                    0x08000aec   Section        8  libspace.o(.text)
    .text                                    0x08000af4   Section       74  sys_stackheap_outer.o(.text)
    .text                                    0x08000b3e   Section        0  exit.o(.text)
    .text                                    0x08000b50   Section      128  strcmpv7m.o(.text)
    CL$$btod_d2e                             0x08000bd0   Section       62  btod.o(CL$$btod_d2e)
    CL$$btod_d2e_denorm_low                  0x08000c0e   Section       70  btod.o(CL$$btod_d2e_denorm_low)
    CL$$btod_d2e_norm_op1                    0x08000c54   Section       96  btod.o(CL$$btod_d2e_norm_op1)
    CL$$btod_div_common                      0x08000cb4   Section      824  btod.o(CL$$btod_div_common)
    CL$$btod_e2e                             0x08000fec   Section      220  btod.o(CL$$btod_e2e)
    CL$$btod_ediv                            0x080010c8   Section       42  btod.o(CL$$btod_ediv)
    CL$$btod_emul                            0x080010f2   Section       42  btod.o(CL$$btod_emul)
    CL$$btod_mult_common                     0x0800111c   Section      580  btod.o(CL$$btod_mult_common)
    i.ADC1_Mid_GetAverageValue               0x08001360   Section        0  adc.o(i.ADC1_Mid_GetAverageValue)
    i.ADC1_Mid_GetValue                      0x08001390   Section        0  adc.o(i.ADC1_Mid_GetValue)
    i.ADC1_Mid_MapValue                      0x080013c4   Section        0  adc.o(i.ADC1_Mid_MapValue)
    i.ADC_Cmd                                0x08001424   Section        0  stm32f10x_adc.o(i.ADC_Cmd)
    i.ADC_DeInit                             0x0800143c   Section        0  stm32f10x_adc.o(i.ADC_DeInit)
    i.ADC_GetCalibrationStatus               0x08001498   Section        0  stm32f10x_adc.o(i.ADC_GetCalibrationStatus)
    i.ADC_GetConversionValue                 0x080014ac   Section        0  stm32f10x_adc.o(i.ADC_GetConversionValue)
    i.ADC_GetFlagStatus                      0x080014b4   Section        0  stm32f10x_adc.o(i.ADC_GetFlagStatus)
    i.ADC_GetResetCalibrationStatus          0x080014c6   Section        0  stm32f10x_adc.o(i.ADC_GetResetCalibrationStatus)
    i.ADC_Init                               0x080014dc   Section        0  stm32f10x_adc.o(i.ADC_Init)
    i.ADC_RegularChannelConfig               0x0800152c   Section        0  stm32f10x_adc.o(i.ADC_RegularChannelConfig)
    i.ADC_ResetCalibration                   0x080015e4   Section        0  stm32f10x_adc.o(i.ADC_ResetCalibration)
    i.ADC_SoftwareStartConvCmd               0x080015ee   Section        0  stm32f10x_adc.o(i.ADC_SoftwareStartConvCmd)
    i.ADC_StartCalibration                   0x08001604   Section        0  stm32f10x_adc.o(i.ADC_StartCalibration)
    i.Adc1_Init                              0x08001610   Section        0  adc.o(i.Adc1_Init)
    i.BEND_Value_Conversion                  0x080016b4   Section        0  main.o(i.BEND_Value_Conversion)
    i.BusFault_Handler                       0x080017c4   Section        0  stm32f10x_it.o(i.BusFault_Handler)
    i.DebugMon_Handler                       0x080017c8   Section        0  stm32f10x_it.o(i.DebugMon_Handler)
    i.GPIO_Config                            0x080017ca   Section        0  common.o(i.GPIO_Config)
    i.GPIO_Init                              0x08001806   Section        0  stm32f10x_gpio.o(i.GPIO_Init)
    i.GPIO_ResetBits                         0x0800191c   Section        0  stm32f10x_gpio.o(i.GPIO_ResetBits)
    i.GPIO_SetBits                           0x08001920   Section        0  stm32f10x_gpio.o(i.GPIO_SetBits)
    i.HardFault_Handler                      0x08001924   Section        0  stm32f10x_it.o(i.HardFault_Handler)
    i.LEDR_CLOSE                             0x08001928   Section        0  LED.o(i.LEDR_CLOSE)
    i.LEDR_OPEN                              0x0800193c   Section        0  LED.o(i.LEDR_OPEN)
    i.LED_Config                             0x08001950   Section        0  LED.o(i.LED_Config)
    i.Mcu_Init                               0x08001988   Section        0  main.o(i.Mcu_Init)
    i.MemManage_Handler                      0x080019cc   Section        0  stm32f10x_it.o(i.MemManage_Handler)
    i.NMI_Handler                            0x080019d0   Section        0  stm32f10x_it.o(i.NMI_Handler)
    i.NVIC_Configuration                     0x080019d2   Section        0  sys.o(i.NVIC_Configuration)
    i.NVIC_Init                              0x080019e0   Section        0  misc.o(i.NVIC_Init)
    i.NVIC_PriorityGroupConfig               0x08001a50   Section        0  misc.o(i.NVIC_PriorityGroupConfig)
    i.OLED_Clear                             0x08001a64   Section        0  oled.o(i.OLED_Clear)
    i.OLED_ColorTurn                         0x08001a94   Section        0  oled.o(i.OLED_ColorTurn)
    i.OLED_DisplayTurn                       0x08001ab0   Section        0  oled.o(i.OLED_DisplayTurn)
    i.OLED_DrawPoint                         0x08001adc   Section        0  oled.o(i.OLED_DrawPoint)
    i.OLED_Init                              0x08001b54   Section        0  oled.o(i.OLED_Init)
    i.OLED_Refresh                           0x08001c8c   Section        0  oled.o(i.OLED_Refresh)
    i.OLED_ShowChar                          0x08001cd8   Section        0  oled.o(i.OLED_ShowChar)
    i.OLED_ShowString                        0x08001e14   Section        0  oled.o(i.OLED_ShowString)
    i.OLED_WR_Byte                           0x08001e60   Section        0  oled.o(i.OLED_WR_Byte)
    i.RCC_ADCCLKConfig                       0x08001ed8   Section        0  stm32f10x_rcc.o(i.RCC_ADCCLKConfig)
    i.RCC_APB1PeriphClockCmd                 0x08001ef0   Section        0  stm32f10x_rcc.o(i.RCC_APB1PeriphClockCmd)
    i.RCC_APB2PeriphClockCmd                 0x08001f10   Section        0  stm32f10x_rcc.o(i.RCC_APB2PeriphClockCmd)
    i.RCC_APB2PeriphResetCmd                 0x08001f30   Section        0  stm32f10x_rcc.o(i.RCC_APB2PeriphResetCmd)
    i.RCC_GetClocksFreq                      0x08001f50   Section        0  stm32f10x_rcc.o(i.RCC_GetClocksFreq)
    i.SetSysClock                            0x08002024   Section        0  system_stm32f10x.o(i.SetSysClock)
    SetSysClock                              0x08002025   Thumb Code     8  system_stm32f10x.o(i.SetSysClock)
    i.SetSysClockTo72                        0x0800202c   Section        0  system_stm32f10x.o(i.SetSysClockTo72)
    SetSysClockTo72                          0x0800202d   Thumb Code   214  system_stm32f10x.o(i.SetSysClockTo72)
    i.SysTick_CLKSourceConfig                0x0800210c   Section        0  misc.o(i.SysTick_CLKSourceConfig)
    i.SysTick_Handler                        0x08002134   Section        0  stm32f10x_it.o(i.SysTick_Handler)
    i.SystemInit                             0x0800213c   Section        0  system_stm32f10x.o(i.SystemInit)
    i.USART1_IRQHandler                      0x0800219c   Section        0  usart.o(i.USART1_IRQHandler)
    i.USART_Cmd                              0x08002224   Section        0  stm32f10x_usart.o(i.USART_Cmd)
    i.USART_GetITStatus                      0x0800223c   Section        0  stm32f10x_usart.o(i.USART_GetITStatus)
    i.USART_ITConfig                         0x08002290   Section        0  stm32f10x_usart.o(i.USART_ITConfig)
    i.USART_Init                             0x080022dc   Section        0  stm32f10x_usart.o(i.USART_Init)
    i.USART_ReceiveData                      0x080023b4   Section        0  stm32f10x_usart.o(i.USART_ReceiveData)
    i.UsageFault_Handler                     0x080023be   Section        0  stm32f10x_it.o(i.UsageFault_Handler)
    i.__ARM_fpclassify                       0x080023c2   Section        0  fpclassify.o(i.__ARM_fpclassify)
    i._sys_exit                              0x080023ea   Section        0  usart.o(i._sys_exit)
    i.delay_init                             0x080023f0   Section        0  delay.o(i.delay_init)
    i.delay_ms                               0x08002434   Section        0  delay.o(i.delay_ms)
    i.fputc                                  0x08002480   Section        0  usart.o(i.fputc)
    i.main                                   0x0800249c   Section        0  main.o(i.main)
    i.prvResetNextTaskUnblockTime            0x080025f0   Section        0  tasks.o(i.prvResetNextTaskUnblockTime)
    prvResetNextTaskUnblockTime              0x080025f1   Thumb Code    42  tasks.o(i.prvResetNextTaskUnblockTime)
    i.uart_init                              0x08002624   Section        0  usart.o(i.uart_init)
    i.uxListRemove                           0x080026c4   Section        0  list.o(i.uxListRemove)
    i.vListInsertEnd                         0x080026ec   Section        0  list.o(i.vListInsertEnd)
    i.vTaskSwitchContext                     0x08002704   Section        0  tasks.o(i.vTaskSwitchContext)
    i.xPortSysTickHandler                    0x08002764   Section        0  port.o(i.xPortSysTickHandler)
    i.xTaskIncrementTick                     0x08002798   Section        0  tasks.o(i.xTaskIncrementTick)
    locale$$code                             0x080028b4   Section       44  lc_numeric_c.o(locale$$code)
    x$fpl$d2f                                0x080028e0   Section       98  d2f.o(x$fpl$d2f)
    x$fpl$dadd                               0x08002944   Section      336  daddsub_clz.o(x$fpl$dadd)
    _dadd1                                   0x08002955   Thumb Code     0  daddsub_clz.o(x$fpl$dadd)
    x$fpl$ddiv                               0x08002a94   Section      688  ddiv.o(x$fpl$ddiv)
    ddiv_entry                               0x08002a9b   Thumb Code     0  ddiv.o(x$fpl$ddiv)
    x$fpl$dmul                               0x08002d44   Section      340  dmul.o(x$fpl$dmul)
    x$fpl$dnaninf                            0x08002e98   Section      156  dnaninf.o(x$fpl$dnaninf)
    x$fpl$dretinf                            0x08002f34   Section       12  dretinf.o(x$fpl$dretinf)
    x$fpl$dsub                               0x08002f40   Section      468  daddsub_clz.o(x$fpl$dsub)
    _dsub1                                   0x08002f51   Thumb Code     0  daddsub_clz.o(x$fpl$dsub)
    x$fpl$f2d                                0x08003114   Section       86  f2d.o(x$fpl$f2d)
    x$fpl$fdiv                               0x0800316c   Section      388  fdiv.o(x$fpl$fdiv)
    _fdiv1                                   0x0800316d   Thumb Code     0  fdiv.o(x$fpl$fdiv)
    x$fpl$ffix                               0x080032f0   Section       54  ffix.o(x$fpl$ffix)
    x$fpl$fflt                               0x08003328   Section       48  fflt_clz.o(x$fpl$fflt)
    x$fpl$fmul                               0x08003358   Section      258  fmul.o(x$fpl$fmul)
    x$fpl$fnaninf                            0x0800345a   Section      140  fnaninf.o(x$fpl$fnaninf)
    x$fpl$fretinf                            0x080034e6   Section       10  fretinf.o(x$fpl$fretinf)
    x$fpl$printf1                            0x080034f0   Section        4  printf1.o(x$fpl$printf1)
    .constdata                               0x080034f4   Section     7824  oled.o(.constdata)
    x$fpl$usenofp                            0x080034f4   Section        0  usenofp.o(x$fpl$usenofp)
    .constdata                               0x08005384   Section      148  bigflt0.o(.constdata)
    tenpwrs_x                                0x08005384   Data          60  bigflt0.o(.constdata)
    tenpwrs_i                                0x080053c0   Data          64  bigflt0.o(.constdata)
    locale$$data                             0x08005438   Section       28  lc_numeric_c.o(locale$$data)
    __lcnum_c_name                           0x0800543c   Data           2  lc_numeric_c.o(locale$$data)
    __lcnum_c_start                          0x08005444   Data           0  lc_numeric_c.o(locale$$data)
    __lcnum_c_point                          0x08005450   Data           0  lc_numeric_c.o(locale$$data)
    __lcnum_c_thousands                      0x08005452   Data           0  lc_numeric_c.o(locale$$data)
    __lcnum_c_grouping                       0x08005453   Data           0  lc_numeric_c.o(locale$$data)
    __lcnum_c_end                            0x08005454   Data           0  lc_numeric_c.o(locale$$data)
    .data                                    0x20000000   Section       60  tasks.o(.data)
    pxDelayedTaskList                        0x20000004   Data           4  tasks.o(.data)
    pxOverflowDelayedTaskList                0x20000008   Data           4  tasks.o(.data)
    uxDeletedTasksWaitingCleanUp             0x2000000c   Data           4  tasks.o(.data)
    uxCurrentNumberOfTasks                   0x20000010   Data           4  tasks.o(.data)
    xTickCount                               0x20000014   Data           4  tasks.o(.data)
    uxTopReadyPriority                       0x20000018   Data           4  tasks.o(.data)
    xSchedulerRunning                        0x2000001c   Data           4  tasks.o(.data)
    uxPendedTicks                            0x20000020   Data           4  tasks.o(.data)
    xYieldPending                            0x20000024   Data           4  tasks.o(.data)
    xNumOfOverflows                          0x20000028   Data           4  tasks.o(.data)
    uxTaskNumber                             0x2000002c   Data           4  tasks.o(.data)
    xNextTaskUnblockTime                     0x20000030   Data           4  tasks.o(.data)
    xIdleTaskHandle                          0x20000034   Data           4  tasks.o(.data)
    uxSchedulerSuspended                     0x20000038   Data           4  tasks.o(.data)
    .data                                    0x2000003c   Section       20  stm32f10x_rcc.o(.data)
    APBAHBPrescTable                         0x2000003c   Data          16  stm32f10x_rcc.o(.data)
    ADCPrescTable                            0x2000004c   Data           4  stm32f10x_rcc.o(.data)
    .data                                    0x20000050   Section        4  delay.o(.data)
    fac_us                                   0x20000050   Data           1  delay.o(.data)
    fac_ms                                   0x20000052   Data           2  delay.o(.data)
    .data                                    0x20000054   Section        6  usart.o(.data)
    .data                                    0x2000005c   Section       20  system_stm32f10x.o(.data)
    .bss                                     0x20000070   Section      200  tasks.o(.bss)
    pxReadyTasksLists                        0x20000070   Data         100  tasks.o(.bss)
    xDelayedTaskList1                        0x200000d4   Data          20  tasks.o(.bss)
    xDelayedTaskList2                        0x200000e8   Data          20  tasks.o(.bss)
    xPendingReadyList                        0x200000fc   Data          20  tasks.o(.bss)
    xTasksWaitingTermination                 0x20000110   Data          20  tasks.o(.bss)
    xSuspendedTaskList                       0x20000124   Data          20  tasks.o(.bss)
    .bss                                     0x20000138   Section     1152  oled.o(.bss)
    .bss                                     0x200005b8   Section      200  usart.o(.bss)
    .bss                                     0x20000680   Section       22  main.o(.bss)
    .bss                                     0x20000698   Section       96  libspace.o(.bss)
    HEAP                                     0x200006f8   Section      512  startup_stm32f10x_hd.o(HEAP)
    Heap_Mem                                 0x200006f8   Data         512  startup_stm32f10x_hd.o(HEAP)
    STACK                                    0x200008f8   Section     1024  startup_stm32f10x_hd.o(STACK)
    Stack_Mem                                0x200008f8   Data        1024  startup_stm32f10x_hd.o(STACK)
    __initial_sp                             0x20000cf8   Data           0  startup_stm32f10x_hd.o(STACK)

    Global Symbols

    Symbol Name                              Value     Ov Type        Size  Object(Section)

    BuildAttributes$$THM_ISAv4$P$D$K$B$S$PE$A:L22UL41UL21$X:L11$S22US41US21$IEEE1$IW$USESV6$~STKCKD$USESV7$~SHL$OTIME$ROPI$IEEEJ$EBA8$UX$STANDARDLIB$REQ8$PRES8$EABIv2 0x00000000   Number         0  anon$$obj.o ABSOLUTE
    __ARM_use_no_argv                        0x00000000   Number         0  main.o ABSOLUTE
    __ARM_exceptions_init                     - Undefined Weak Reference
    __alloca_initialize                       - Undefined Weak Reference
    __arm_fini_                               - Undefined Weak Reference
    __arm_preinit_                            - Undefined Weak Reference
    __cpp_initialize__aeabi_                  - Undefined Weak Reference
    __cxa_finalize                            - Undefined Weak Reference
    __sigvec_lookup                           - Undefined Weak Reference
    _atexit_init                              - Undefined Weak Reference
    _call_atexit_fns                          - Undefined Weak Reference
    _clock_init                               - Undefined Weak Reference
    _fp_trap_init                             - Undefined Weak Reference
    _fp_trap_shutdown                         - Undefined Weak Reference
    _get_lc_collate                           - Undefined Weak Reference
    _get_lc_ctype                             - Undefined Weak Reference
    _get_lc_monetary                          - Undefined Weak Reference
    _get_lc_time                              - Undefined Weak Reference
    _getenv_init                              - Undefined Weak Reference
    _handle_redirection                       - Undefined Weak Reference
    _init_alloc                               - Undefined Weak Reference
    _init_user_alloc                          - Undefined Weak Reference
    _initio                                   - Undefined Weak Reference
    _mutex_acquire                            - Undefined Weak Reference
    _mutex_release                            - Undefined Weak Reference
    _printf_post_padding                      - Undefined Weak Reference
    _printf_pre_padding                       - Undefined Weak Reference
    _printf_truncate_signed                   - Undefined Weak Reference
    _printf_truncate_unsigned                 - Undefined Weak Reference
    _rand_init                                - Undefined Weak Reference
    _signal_finish                            - Undefined Weak Reference
    _signal_init                              - Undefined Weak Reference
    _terminate_alloc                          - Undefined Weak Reference
    _terminate_user_alloc                     - Undefined Weak Reference
    _terminateio                              - Undefined Weak Reference
    __Vectors_Size                           0x00000130   Number         0  startup_stm32f10x_hd.o ABSOLUTE
    __Vectors                                0x08000000   Data           4  startup_stm32f10x_hd.o(RESET)
    __Vectors_End                            0x08000130   Data           0  startup_stm32f10x_hd.o(RESET)
    __main                                   0x08000131   Thumb Code     8  __main.o(!!!main)
    __scatterload                            0x08000139   Thumb Code     0  __scatter.o(!!!scatter)
    __scatterload_rt2                        0x08000139   Thumb Code    44  __scatter.o(!!!scatter)
    __scatterload_rt2_thumb_only             0x08000139   Thumb Code     0  __scatter.o(!!!scatter)
    __scatterload_null                       0x08000147   Thumb Code     0  __scatter.o(!!!scatter)
    __scatterload_copy                       0x0800016d   Thumb Code    26  __scatter_copy.o(!!handler_copy)
    __scatterload_zeroinit                   0x08000189   Thumb Code    28  __scatter_zi.o(!!handler_zi)
    _printf_f                                0x080001a5   Thumb Code     0  _printf_f.o(.ARM.Collect$$_printf_percent$$00000003)
    _printf_percent                          0x080001a5   Thumb Code     0  _printf_percent.o(.ARM.Collect$$_printf_percent$$00000000)
    _printf_d                                0x080001ab   Thumb Code     0  _printf_d.o(.ARM.Collect$$_printf_percent$$00000009)
    _printf_percent_end                      0x080001b1   Thumb Code     0  _printf_percent_end.o(.ARM.Collect$$_printf_percent$$00000017)
    __rt_lib_init                            0x080001b5   Thumb Code     0  libinit.o(.ARM.Collect$$libinit$$00000000)
    __rt_lib_init_fp_1                       0x080001b7   Thumb Code     0  libinit2.o(.ARM.Collect$$libinit$$00000002)
    __rt_lib_init_heap_1                     0x080001b7   Thumb Code     0  libinit2.o(.ARM.Collect$$libinit$$0000000A)
    __rt_lib_init_lc_common                  0x080001b7   Thumb Code     0  libinit2.o(.ARM.Collect$$libinit$$0000000F)
    __rt_lib_init_preinit_1                  0x080001b7   Thumb Code     0  libinit2.o(.ARM.Collect$$libinit$$00000004)
    __rt_lib_init_rand_1                     0x080001b7   Thumb Code     0  libinit2.o(.ARM.Collect$$libinit$$0000000E)
    __rt_lib_init_user_alloc_1               0x080001b7   Thumb Code     0  libinit2.o(.ARM.Collect$$libinit$$0000000C)
    __rt_lib_init_lc_collate_1               0x080001bd   Thumb Code     0  libinit2.o(.ARM.Collect$$libinit$$00000011)
    __rt_lib_init_lc_ctype_1                 0x080001bd   Thumb Code     0  libinit2.o(.ARM.Collect$$libinit$$00000013)
    __rt_lib_init_lc_monetary_1              0x080001bd   Thumb Code     0  libinit2.o(.ARM.Collect$$libinit$$00000015)
    __rt_lib_init_lc_numeric_2               0x080001bd   Thumb Code     0  libinit2.o(.ARM.Collect$$libinit$$00000016)
    __rt_lib_init_alloca_1                   0x080001c7   Thumb Code     0  libinit2.o(.ARM.Collect$$libinit$$0000002E)
    __rt_lib_init_argv_1                     0x080001c7   Thumb Code     0  libinit2.o(.ARM.Collect$$libinit$$0000002C)
    __rt_lib_init_atexit_1                   0x080001c7   Thumb Code     0  libinit2.o(.ARM.Collect$$libinit$$0000001B)
    __rt_lib_init_clock_1                    0x080001c7   Thumb Code     0  libinit2.o(.ARM.Collect$$libinit$$00000021)
    __rt_lib_init_cpp_1                      0x080001c7   Thumb Code     0  libinit2.o(.ARM.Collect$$libinit$$00000032)
    __rt_lib_init_exceptions_1               0x080001c7   Thumb Code     0  libinit2.o(.ARM.Collect$$libinit$$00000030)
    __rt_lib_init_fp_trap_1                  0x080001c7   Thumb Code     0  libinit2.o(.ARM.Collect$$libinit$$0000001F)
    __rt_lib_init_getenv_1                   0x080001c7   Thumb Code     0  libinit2.o(.ARM.Collect$$libinit$$00000023)
    __rt_lib_init_lc_numeric_1               0x080001c7   Thumb Code     0  libinit2.o(.ARM.Collect$$libinit$$00000017)
    __rt_lib_init_lc_time_1                  0x080001c7   Thumb Code     0  libinit2.o(.ARM.Collect$$libinit$$00000019)
    __rt_lib_init_return                     0x080001c7   Thumb Code     0  libinit2.o(.ARM.Collect$$libinit$$00000033)
    __rt_lib_init_signal_1                   0x080001c7   Thumb Code     0  libinit2.o(.ARM.Collect$$libinit$$0000001D)
    __rt_lib_init_stdio_1                    0x080001c7   Thumb Code     0  libinit2.o(.ARM.Collect$$libinit$$00000025)
    __rt_lib_shutdown                        0x080001c9   Thumb Code     0  libshutdown.o(.ARM.Collect$$libshutdown$$00000000)
    __rt_lib_shutdown_cpp_1                  0x080001cb   Thumb Code     0  libshutdown2.o(.ARM.Collect$$libshutdown$$00000004)
    __rt_lib_shutdown_fini_1                 0x080001cb   Thumb Code     0  libshutdown2.o(.ARM.Collect$$libshutdown$$00000002)
    __rt_lib_shutdown_fp_trap_1              0x080001cb   Thumb Code     0  libshutdown2.o(.ARM.Collect$$libshutdown$$00000009)
    __rt_lib_shutdown_heap_1                 0x080001cb   Thumb Code     0  libshutdown2.o(.ARM.Collect$$libshutdown$$00000011)
    __rt_lib_shutdown_return                 0x080001cb   Thumb Code     0  libshutdown2.o(.ARM.Collect$$libshutdown$$00000012)
    __rt_lib_shutdown_signal_1               0x080001cb   Thumb Code     0  libshutdown2.o(.ARM.Collect$$libshutdown$$0000000C)
    __rt_lib_shutdown_stdio_1                0x080001cb   Thumb Code     0  libshutdown2.o(.ARM.Collect$$libshutdown$$00000006)
    __rt_lib_shutdown_user_alloc_1           0x080001cb   Thumb Code     0  libshutdown2.o(.ARM.Collect$$libshutdown$$0000000E)
    __rt_entry                               0x080001cd   Thumb Code     0  __rtentry.o(.ARM.Collect$$rtentry$$00000000)
    __rt_entry_presh_1                       0x080001cd   Thumb Code     0  __rtentry2.o(.ARM.Collect$$rtentry$$00000002)
    __rt_entry_sh                            0x080001cd   Thumb Code     0  __rtentry4.o(.ARM.Collect$$rtentry$$00000004)
    __rt_entry_li                            0x080001d3   Thumb Code     0  __rtentry2.o(.ARM.Collect$$rtentry$$0000000A)
    __rt_entry_postsh_1                      0x080001d3   Thumb Code     0  __rtentry2.o(.ARM.Collect$$rtentry$$00000009)
    __rt_entry_main                          0x080001d7   Thumb Code     0  __rtentry2.o(.ARM.Collect$$rtentry$$0000000D)
    __rt_entry_postli_1                      0x080001d7   Thumb Code     0  __rtentry2.o(.ARM.Collect$$rtentry$$0000000C)
    __rt_exit                                0x080001df   Thumb Code     0  rtexit.o(.ARM.Collect$$rtexit$$00000000)
    __rt_exit_ls                             0x080001e1   Thumb Code     0  rtexit2.o(.ARM.Collect$$rtexit$$00000003)
    __rt_exit_prels_1                        0x080001e1   Thumb Code     0  rtexit2.o(.ARM.Collect$$rtexit$$00000002)
    __rt_exit_exit                           0x080001e5   Thumb Code     0  rtexit2.o(.ARM.Collect$$rtexit$$00000004)
    vPortSVCHandler                          0x080001ed   Thumb Code    32  port.o(.emb_text)
    __asm___6_port_c_39a90d8d__prvStartFirstTask 0x08000211   Thumb Code    28  port.o(.emb_text)
    xPortPendSVHandler                       0x08000231   Thumb Code    72  port.o(.emb_text)
    vPortGetIPSR                             0x0800027d   Thumb Code     6  port.o(.emb_text)
    Reset_Handler                            0x08000285   Thumb Code     8  startup_stm32f10x_hd.o(.text)
    SVC_Handler                              0x08000297   Thumb Code     2  startup_stm32f10x_hd.o(.text)
    PendSV_Handler                           0x0800029b   Thumb Code     2  startup_stm32f10x_hd.o(.text)
    ADC1_2_IRQHandler                        0x0800029f   Thumb Code     0  startup_stm32f10x_hd.o(.text)
    ADC3_IRQHandler                          0x0800029f   Thumb Code     0  startup_stm32f10x_hd.o(.text)
    CAN1_RX1_IRQHandler                      0x0800029f   Thumb Code     0  startup_stm32f10x_hd.o(.text)
    CAN1_SCE_IRQHandler                      0x0800029f   Thumb Code     0  startup_stm32f10x_hd.o(.text)
    DMA1_Channel1_IRQHandler                 0x0800029f   Thumb Code     0  startup_stm32f10x_hd.o(.text)
    DMA1_Channel2_IRQHandler                 0x0800029f   Thumb Code     0  startup_stm32f10x_hd.o(.text)
    DMA1_Channel3_IRQHandler                 0x0800029f   Thumb Code     0  startup_stm32f10x_hd.o(.text)
    DMA1_Channel4_IRQHandler                 0x0800029f   Thumb Code     0  startup_stm32f10x_hd.o(.text)
    DMA1_Channel5_IRQHandler                 0x0800029f   Thumb Code     0  startup_stm32f10x_hd.o(.text)
    DMA1_Channel6_IRQHandler                 0x0800029f   Thumb Code     0  startup_stm32f10x_hd.o(.text)
    DMA1_Channel7_IRQHandler                 0x0800029f   Thumb Code     0  startup_stm32f10x_hd.o(.text)
    DMA2_Channel1_IRQHandler                 0x0800029f   Thumb Code     0  startup_stm32f10x_hd.o(.text)
    DMA2_Channel2_IRQHandler                 0x0800029f   Thumb Code     0  startup_stm32f10x_hd.o(.text)
    DMA2_Channel3_IRQHandler                 0x0800029f   Thumb Code     0  startup_stm32f10x_hd.o(.text)
    DMA2_Channel4_5_IRQHandler               0x0800029f   Thumb Code     0  startup_stm32f10x_hd.o(.text)
    EXTI0_IRQHandler                         0x0800029f   Thumb Code     0  startup_stm32f10x_hd.o(.text)
    EXTI15_10_IRQHandler                     0x0800029f   Thumb Code     0  startup_stm32f10x_hd.o(.text)
    EXTI1_IRQHandler                         0x0800029f   Thumb Code     0  startup_stm32f10x_hd.o(.text)
    EXTI2_IRQHandler                         0x0800029f   Thumb Code     0  startup_stm32f10x_hd.o(.text)
    EXTI3_IRQHandler                         0x0800029f   Thumb Code     0  startup_stm32f10x_hd.o(.text)
    EXTI4_IRQHandler                         0x0800029f   Thumb Code     0  startup_stm32f10x_hd.o(.text)
    EXTI9_5_IRQHandler                       0x0800029f   Thumb Code     0  startup_stm32f10x_hd.o(.text)
    FLASH_IRQHandler                         0x0800029f   Thumb Code     0  startup_stm32f10x_hd.o(.text)
    FSMC_IRQHandler                          0x0800029f   Thumb Code     0  startup_stm32f10x_hd.o(.text)
    I2C1_ER_IRQHandler                       0x0800029f   Thumb Code     0  startup_stm32f10x_hd.o(.text)
    I2C1_EV_IRQHandler                       0x0800029f   Thumb Code     0  startup_stm32f10x_hd.o(.text)
    I2C2_ER_IRQHandler                       0x0800029f   Thumb Code     0  startup_stm32f10x_hd.o(.text)
    I2C2_EV_IRQHandler                       0x0800029f   Thumb Code     0  startup_stm32f10x_hd.o(.text)
    PVD_IRQHandler                           0x0800029f   Thumb Code     0  startup_stm32f10x_hd.o(.text)
    RCC_IRQHandler                           0x0800029f   Thumb Code     0  startup_stm32f10x_hd.o(.text)
    RTCAlarm_IRQHandler                      0x0800029f   Thumb Code     0  startup_stm32f10x_hd.o(.text)
    RTC_IRQHandler                           0x0800029f   Thumb Code     0  startup_stm32f10x_hd.o(.text)
    SDIO_IRQHandler                          0x0800029f   Thumb Code     0  startup_stm32f10x_hd.o(.text)
    SPI1_IRQHandler                          0x0800029f   Thumb Code     0  startup_stm32f10x_hd.o(.text)
    SPI2_IRQHandler                          0x0800029f   Thumb Code     0  startup_stm32f10x_hd.o(.text)
    SPI3_IRQHandler                          0x0800029f   Thumb Code     0  startup_stm32f10x_hd.o(.text)
    TAMPER_IRQHandler                        0x0800029f   Thumb Code     0  startup_stm32f10x_hd.o(.text)
    TIM1_BRK_IRQHandler                      0x0800029f   Thumb Code     0  startup_stm32f10x_hd.o(.text)
    TIM1_CC_IRQHandler                       0x0800029f   Thumb Code     0  startup_stm32f10x_hd.o(.text)
    TIM1_TRG_COM_IRQHandler                  0x0800029f   Thumb Code     0  startup_stm32f10x_hd.o(.text)
    TIM1_UP_IRQHandler                       0x0800029f   Thumb Code     0  startup_stm32f10x_hd.o(.text)
    TIM2_IRQHandler                          0x0800029f   Thumb Code     0  startup_stm32f10x_hd.o(.text)
    TIM3_IRQHandler                          0x0800029f   Thumb Code     0  startup_stm32f10x_hd.o(.text)
    TIM4_IRQHandler                          0x0800029f   Thumb Code     0  startup_stm32f10x_hd.o(.text)
    TIM5_IRQHandler                          0x0800029f   Thumb Code     0  startup_stm32f10x_hd.o(.text)
    TIM6_IRQHandler                          0x0800029f   Thumb Code     0  startup_stm32f10x_hd.o(.text)
    TIM7_IRQHandler                          0x0800029f   Thumb Code     0  startup_stm32f10x_hd.o(.text)
    TIM8_BRK_IRQHandler                      0x0800029f   Thumb Code     0  startup_stm32f10x_hd.o(.text)
    TIM8_CC_IRQHandler                       0x0800029f   Thumb Code     0  startup_stm32f10x_hd.o(.text)
    TIM8_TRG_COM_IRQHandler                  0x0800029f   Thumb Code     0  startup_stm32f10x_hd.o(.text)
    TIM8_UP_IRQHandler                       0x0800029f   Thumb Code     0  startup_stm32f10x_hd.o(.text)
    UART4_IRQHandler                         0x0800029f   Thumb Code     0  startup_stm32f10x_hd.o(.text)
    UART5_IRQHandler                         0x0800029f   Thumb Code     0  startup_stm32f10x_hd.o(.text)
    USART2_IRQHandler                        0x0800029f   Thumb Code     0  startup_stm32f10x_hd.o(.text)
    USART3_IRQHandler                        0x0800029f   Thumb Code     0  startup_stm32f10x_hd.o(.text)
    USBWakeUp_IRQHandler                     0x0800029f   Thumb Code     0  startup_stm32f10x_hd.o(.text)
    USB_HP_CAN1_TX_IRQHandler                0x0800029f   Thumb Code     0  startup_stm32f10x_hd.o(.text)
    USB_LP_CAN1_RX0_IRQHandler               0x0800029f   Thumb Code     0  startup_stm32f10x_hd.o(.text)
    WWDG_IRQHandler                          0x0800029f   Thumb Code     0  startup_stm32f10x_hd.o(.text)
    __user_initial_stackheap                 0x080002a1   Thumb Code     0  startup_stm32f10x_hd.o(.text)
    __use_no_semihosting                     0x080002c5   Thumb Code     2  use_no_semi_2.o(.text)
    __2printf                                0x080002c9   Thumb Code    20  noretval__2printf.o(.text)
    __printf                                 0x080002e1   Thumb Code   104  __printf.o(.text)
    _printf_int_dec                          0x08000349   Thumb Code   104  _printf_dec.o(.text)
    __use_two_region_memory                  0x080003c1   Thumb Code     2  heapauxi.o(.text)
    __rt_heap_escrow$2region                 0x080003c3   Thumb Code     2  heapauxi.o(.text)
    __rt_heap_expand$2region                 0x080003c5   Thumb Code     2  heapauxi.o(.text)
    __I$use$semihosting                      0x080003c7   Thumb Code     0  use_no_semi.o(.text)
    __use_no_semihosting_swi                 0x080003c7   Thumb Code     2  use_no_semi.o(.text)
    _printf_int_common                       0x080003c9   Thumb Code   178  _printf_intcommon.o(.text)
    __lib_sel_fp_printf                      0x0800047b   Thumb Code     2  _printf_fp_dec.o(.text)
    _printf_fp_dec_real                      0x0800062d   Thumb Code   620  _printf_fp_dec.o(.text)
    _printf_char_file                        0x08000899   Thumb Code    32  _printf_char_file.o(.text)
    __rt_locale                              0x080008bd   Thumb Code     8  rt_locale_intlibspace.o(.text)
    _ll_udiv10                               0x080008c5   Thumb Code   138  lludiv10.o(.text)
    _printf_char_common                      0x0800095b   Thumb Code    32  _printf_char_common.o(.text)
    _printf_fp_infnan                        0x08000981   Thumb Code   112  _printf_fp_infnan.o(.text)
    _btod_etento                             0x08000a01   Thumb Code   224  bigflt0.o(.text)
    ferror                                   0x08000ae5   Thumb Code     8  ferror.o(.text)
    __user_libspace                          0x08000aed   Thumb Code     8  libspace.o(.text)
    __user_perproc_libspace                  0x08000aed   Thumb Code     0  libspace.o(.text)
    __user_perthread_libspace                0x08000aed   Thumb Code     0  libspace.o(.text)
    __user_setup_stackheap                   0x08000af5   Thumb Code    74  sys_stackheap_outer.o(.text)
    exit                                     0x08000b3f   Thumb Code    18  exit.o(.text)
    strcmp                                   0x08000b51   Thumb Code   128  strcmpv7m.o(.text)
    _btod_d2e                                0x08000bd1   Thumb Code    62  btod.o(CL$$btod_d2e)
    _d2e_denorm_low                          0x08000c0f   Thumb Code    70  btod.o(CL$$btod_d2e_denorm_low)
    _d2e_norm_op1                            0x08000c55   Thumb Code    96  btod.o(CL$$btod_d2e_norm_op1)
    __btod_div_common                        0x08000cb5   Thumb Code   696  btod.o(CL$$btod_div_common)
    _e2e                                     0x08000fed   Thumb Code   220  btod.o(CL$$btod_e2e)
    _btod_ediv                               0x080010c9   Thumb Code    42  btod.o(CL$$btod_ediv)
    _btod_emul                               0x080010f3   Thumb Code    42  btod.o(CL$$btod_emul)
    __btod_mult_common                       0x0800111d   Thumb Code   580  btod.o(CL$$btod_mult_common)
    ADC1_Mid_GetAverageValue                 0x08001361   Thumb Code    46  adc.o(i.ADC1_Mid_GetAverageValue)
    ADC1_Mid_GetValue                        0x08001391   Thumb Code    46  adc.o(i.ADC1_Mid_GetValue)
    ADC1_Mid_MapValue                        0x080013c5   Thumb Code    92  adc.o(i.ADC1_Mid_MapValue)
    ADC_Cmd                                  0x08001425   Thumb Code    22  stm32f10x_adc.o(i.ADC_Cmd)
    ADC_DeInit                               0x0800143d   Thumb Code    78  stm32f10x_adc.o(i.ADC_DeInit)
    ADC_GetCalibrationStatus                 0x08001499   Thumb Code    20  stm32f10x_adc.o(i.ADC_GetCalibrationStatus)
    ADC_GetConversionValue                   0x080014ad   Thumb Code     8  stm32f10x_adc.o(i.ADC_GetConversionValue)
    ADC_GetFlagStatus                        0x080014b5   Thumb Code    18  stm32f10x_adc.o(i.ADC_GetFlagStatus)
    ADC_GetResetCalibrationStatus            0x080014c7   Thumb Code    20  stm32f10x_adc.o(i.ADC_GetResetCalibrationStatus)
    ADC_Init                                 0x080014dd   Thumb Code    70  stm32f10x_adc.o(i.ADC_Init)
    ADC_RegularChannelConfig                 0x0800152d   Thumb Code   184  stm32f10x_adc.o(i.ADC_RegularChannelConfig)
    ADC_ResetCalibration                     0x080015e5   Thumb Code    10  stm32f10x_adc.o(i.ADC_ResetCalibration)
    ADC_SoftwareStartConvCmd                 0x080015ef   Thumb Code    22  stm32f10x_adc.o(i.ADC_SoftwareStartConvCmd)
    ADC_StartCalibration                     0x08001605   Thumb Code    10  stm32f10x_adc.o(i.ADC_StartCalibration)
    Adc1_Init                                0x08001611   Thumb Code   154  adc.o(i.Adc1_Init)
    BEND_Value_Conversion                    0x080016b5   Thumb Code   256  main.o(i.BEND_Value_Conversion)
    BusFault_Handler                         0x080017c5   Thumb Code     4  stm32f10x_it.o(i.BusFault_Handler)
    DebugMon_Handler                         0x080017c9   Thumb Code     2  stm32f10x_it.o(i.DebugMon_Handler)
    GPIO_Config                              0x080017cb   Thumb Code    60  common.o(i.GPIO_Config)
    GPIO_Init                                0x08001807   Thumb Code   278  stm32f10x_gpio.o(i.GPIO_Init)
    GPIO_ResetBits                           0x0800191d   Thumb Code     4  stm32f10x_gpio.o(i.GPIO_ResetBits)
    GPIO_SetBits                             0x08001921   Thumb Code     4  stm32f10x_gpio.o(i.GPIO_SetBits)
    HardFault_Handler                        0x08001925   Thumb Code     4  stm32f10x_it.o(i.HardFault_Handler)
    LEDR_CLOSE                               0x08001929   Thumb Code    14  LED.o(i.LEDR_CLOSE)
    LEDR_OPEN                                0x0800193d   Thumb Code    14  LED.o(i.LEDR_OPEN)
    LED_Config                               0x08001951   Thumb Code    50  LED.o(i.LED_Config)
    Mcu_Init                                 0x08001989   Thumb Code    68  main.o(i.Mcu_Init)
    MemManage_Handler                        0x080019cd   Thumb Code     4  stm32f10x_it.o(i.MemManage_Handler)
    NMI_Handler                              0x080019d1   Thumb Code     2  stm32f10x_it.o(i.NMI_Handler)
    NVIC_Configuration                       0x080019d3   Thumb Code    12  sys.o(i.NVIC_Configuration)
    NVIC_Init                                0x080019e1   Thumb Code   100  misc.o(i.NVIC_Init)
    NVIC_PriorityGroupConfig                 0x08001a51   Thumb Code    10  misc.o(i.NVIC_PriorityGroupConfig)
    OLED_Clear                               0x08001a65   Thumb Code    42  oled.o(i.OLED_Clear)
    OLED_ColorTurn                           0x08001a95   Thumb Code    28  oled.o(i.OLED_ColorTurn)
    OLED_DisplayTurn                         0x08001ab1   Thumb Code    44  oled.o(i.OLED_DisplayTurn)
    OLED_DrawPoint                           0x08001add   Thumb Code   114  oled.o(i.OLED_DrawPoint)
    OLED_Init                                0x08001b55   Thumb Code   302  oled.o(i.OLED_Init)
    OLED_Refresh                             0x08001c8d   Thumb Code    70  oled.o(i.OLED_Refresh)
    OLED_ShowChar                            0x08001cd9   Thumb Code   300  oled.o(i.OLED_ShowChar)
    OLED_ShowString                          0x08001e15   Thumb Code    74  oled.o(i.OLED_ShowString)
    OLED_WR_Byte                             0x08001e61   Thumb Code   108  oled.o(i.OLED_WR_Byte)
    RCC_ADCCLKConfig                         0x08001ed9   Thumb Code    18  stm32f10x_rcc.o(i.RCC_ADCCLKConfig)
    RCC_APB1PeriphClockCmd                   0x08001ef1   Thumb Code    26  stm32f10x_rcc.o(i.RCC_APB1PeriphClockCmd)
    RCC_APB2PeriphClockCmd                   0x08001f11   Thumb Code    26  stm32f10x_rcc.o(i.RCC_APB2PeriphClockCmd)
    RCC_APB2PeriphResetCmd                   0x08001f31   Thumb Code    26  stm32f10x_rcc.o(i.RCC_APB2PeriphResetCmd)
    RCC_GetClocksFreq                        0x08001f51   Thumb Code   192  stm32f10x_rcc.o(i.RCC_GetClocksFreq)
    SysTick_CLKSourceConfig                  0x0800210d   Thumb Code    40  misc.o(i.SysTick_CLKSourceConfig)
    SysTick_Handler                          0x08002135   Thumb Code     8  stm32f10x_it.o(i.SysTick_Handler)
    SystemInit                               0x0800213d   Thumb Code    78  system_stm32f10x.o(i.SystemInit)
    USART1_IRQHandler                        0x0800219d   Thumb Code   122  usart.o(i.USART1_IRQHandler)
    USART_Cmd                                0x08002225   Thumb Code    24  stm32f10x_usart.o(i.USART_Cmd)
    USART_GetITStatus                        0x0800223d   Thumb Code    84  stm32f10x_usart.o(i.USART_GetITStatus)
    USART_ITConfig                           0x08002291   Thumb Code    74  stm32f10x_usart.o(i.USART_ITConfig)
    USART_Init                               0x080022dd   Thumb Code   210  stm32f10x_usart.o(i.USART_Init)
    USART_ReceiveData                        0x080023b5   Thumb Code    10  stm32f10x_usart.o(i.USART_ReceiveData)
    UsageFault_Handler                       0x080023bf   Thumb Code     4  stm32f10x_it.o(i.UsageFault_Handler)
    __ARM_fpclassify                         0x080023c3   Thumb Code    40  fpclassify.o(i.__ARM_fpclassify)
    _sys_exit                                0x080023eb   Thumb Code     4  usart.o(i._sys_exit)
    delay_init                               0x080023f1   Thumb Code    50  delay.o(i.delay_init)
    delay_ms                                 0x08002435   Thumb Code    72  delay.o(i.delay_ms)
    fputc                                    0x08002481   Thumb Code    24  usart.o(i.fputc)
    main                                     0x0800249d   Thumb Code   244  main.o(i.main)
    uart_init                                0x08002625   Thumb Code   152  usart.o(i.uart_init)
    uxListRemove                             0x080026c5   Thumb Code    40  list.o(i.uxListRemove)
    vListInsertEnd                           0x080026ed   Thumb Code    24  list.o(i.vListInsertEnd)
    vTaskSwitchContext                       0x08002705   Thumb Code    76  tasks.o(i.vTaskSwitchContext)
    xPortSysTickHandler                      0x08002765   Thumb Code    46  port.o(i.xPortSysTickHandler)
    xTaskIncrementTick                       0x08002799   Thumb Code   238  tasks.o(i.xTaskIncrementTick)
    _get_lc_numeric                          0x080028b5   Thumb Code    44  lc_numeric_c.o(locale$$code)
    __aeabi_d2f                              0x080028e1   Thumb Code     0  d2f.o(x$fpl$d2f)
    _d2f                                     0x080028e1   Thumb Code    98  d2f.o(x$fpl$d2f)
    __aeabi_dadd                             0x08002945   Thumb Code     0  daddsub_clz.o(x$fpl$dadd)
    _dadd                                    0x08002945   Thumb Code   332  daddsub_clz.o(x$fpl$dadd)
    __aeabi_ddiv                             0x08002a95   Thumb Code     0  ddiv.o(x$fpl$ddiv)
    _ddiv                                    0x08002a95   Thumb Code   552  ddiv.o(x$fpl$ddiv)
    __aeabi_dmul                             0x08002d45   Thumb Code     0  dmul.o(x$fpl$dmul)
    _dmul                                    0x08002d45   Thumb Code   332  dmul.o(x$fpl$dmul)
    __fpl_dnaninf                            0x08002e99   Thumb Code   156  dnaninf.o(x$fpl$dnaninf)
    __fpl_dretinf                            0x08002f35   Thumb Code    12  dretinf.o(x$fpl$dretinf)
    __aeabi_dsub                             0x08002f41   Thumb Code     0  daddsub_clz.o(x$fpl$dsub)
    _dsub                                    0x08002f41   Thumb Code   464  daddsub_clz.o(x$fpl$dsub)
    __aeabi_f2d                              0x08003115   Thumb Code     0  f2d.o(x$fpl$f2d)
    _f2d                                     0x08003115   Thumb Code    86  f2d.o(x$fpl$f2d)
    __aeabi_fdiv                             0x0800316d   Thumb Code     0  fdiv.o(x$fpl$fdiv)
    _fdiv                                    0x0800316d   Thumb Code   384  fdiv.o(x$fpl$fdiv)
    __aeabi_f2iz                             0x080032f1   Thumb Code     0  ffix.o(x$fpl$ffix)
    _ffix                                    0x080032f1   Thumb Code    54  ffix.o(x$fpl$ffix)
    __aeabi_i2f                              0x08003329   Thumb Code     0  fflt_clz.o(x$fpl$fflt)
    _fflt                                    0x08003329   Thumb Code    48  fflt_clz.o(x$fpl$fflt)
    __aeabi_fmul                             0x08003359   Thumb Code     0  fmul.o(x$fpl$fmul)
    _fmul                                    0x08003359   Thumb Code   258  fmul.o(x$fpl$fmul)
    __fpl_fnaninf                            0x0800345b   Thumb Code   140  fnaninf.o(x$fpl$fnaninf)
    __fpl_fretinf                            0x080034e7   Thumb Code    10  fretinf.o(x$fpl$fretinf)
    _printf_fp_dec                           0x080034f1   Thumb Code     4  printf1.o(x$fpl$printf1)
    __I$use$fp                               0x080034f4   Number         0  usenofp.o(x$fpl$usenofp)
    asc2_0806                                0x080034f4   Data         552  oled.o(.constdata)
    asc2_1206                                0x0800371c   Data        1140  oled.o(.constdata)
    asc2_1608                                0x08003b90   Data        1520  oled.o(.constdata)
    asc2_2412                                0x08004180   Data        3420  oled.o(.constdata)
    Hzk1                                     0x08004edc   Data         480  oled.o(.constdata)
    Hzk2                                     0x080050bc   Data          72  oled.o(.constdata)
    Hzk3                                     0x08005104   Data         128  oled.o(.constdata)
    Hzk4                                     0x08005184   Data         512  oled.o(.constdata)
    Region$$Table$$Base                      0x08005418   Number         0  anon$$obj.o(Region$$Table)
    Region$$Table$$Limit                     0x08005438   Number         0  anon$$obj.o(Region$$Table)
    pxCurrentTCB                             0x20000000   Data           4  tasks.o(.data)
    __stdout                                 0x20000054   Data           4  usart.o(.data)
    USART_RX_STA                             0x20000058   Data           2  usart.o(.data)
    SystemCoreClock                          0x2000005c   Data           4  system_stm32f10x.o(.data)
    AHBPrescTable                            0x20000060   Data          16  system_stm32f10x.o(.data)
    OLED_GRAM                                0x20000138   Data        1152  oled.o(.bss)
    USART_RX_BUF                             0x200005b8   Data         200  usart.o(.bss)
    V_disbuff                                0x20000680   Data          10  main.o(.bss)
    P_disbuff                                0x2000068a   Data          12  main.o(.bss)
    __libspace_start                         0x20000698   Data          96  libspace.o(.bss)
    __temporary_stack_top$libspace           0x200006f8   Data           0  libspace.o(.bss)



==============================================================================

Memory Map of the image

  Image Entry point : 0x08000131

  Load Region LR_IROM1 (Base: 0x08000000, Size: 0x000054c4, Max: 0x00040000, ABSOLUTE)

    Execution Region ER_IROM1 (Base: 0x08000000, Size: 0x00005454, Max: 0x00040000, ABSOLUTE)

    Base Addr    Size         Type   Attr      Idx    E Section Name        Object

    0x08000000   0x00000130   Data   RO           19    RESET               startup_stm32f10x_hd.o
    0x08000130   0x00000008   Code   RO         3514  * !!!main             c_w.l(__main.o)
    0x08000138   0x00000034   Code   RO         3788    !!!scatter          c_w.l(__scatter.o)
    0x0800016c   0x0000001a   Code   RO         3790    !!handler_copy      c_w.l(__scatter_copy.o)
    0x08000186   0x00000002   PAD
    0x08000188   0x0000001c   Code   RO         3792    !!handler_zi        c_w.l(__scatter_zi.o)
    0x080001a4   0x00000000   Code   RO         3509    .ARM.Collect$$_printf_percent$$00000000  c_w.l(_printf_percent.o)
    0x080001a4   0x00000006   Code   RO         3508    .ARM.Collect$$_printf_percent$$00000003  c_w.l(_printf_f.o)
    0x080001aa   0x00000006   Code   RO         3507    .ARM.Collect$$_printf_percent$$00000009  c_w.l(_printf_d.o)
    0x080001b0   0x00000004   Code   RO         3571    .ARM.Collect$$_printf_percent$$00000017  c_w.l(_printf_percent_end.o)
    0x080001b4   0x00000002   Code   RO         3663    .ARM.Collect$$libinit$$00000000  c_w.l(libinit.o)
    0x080001b6   0x00000000   Code   RO         3665    .ARM.Collect$$libinit$$00000002  c_w.l(libinit2.o)
    0x080001b6   0x00000000   Code   RO         3667    .ARM.Collect$$libinit$$00000004  c_w.l(libinit2.o)
    0x080001b6   0x00000000   Code   RO         3670    .ARM.Collect$$libinit$$0000000A  c_w.l(libinit2.o)
    0x080001b6   0x00000000   Code   RO         3672    .ARM.Collect$$libinit$$0000000C  c_w.l(libinit2.o)
    0x080001b6   0x00000000   Code   RO         3674    .ARM.Collect$$libinit$$0000000E  c_w.l(libinit2.o)
    0x080001b6   0x00000006   Code   RO         3675    .ARM.Collect$$libinit$$0000000F  c_w.l(libinit2.o)
    0x080001bc   0x00000000   Code   RO         3677    .ARM.Collect$$libinit$$00000011  c_w.l(libinit2.o)
    0x080001bc   0x00000000   Code   RO         3679    .ARM.Collect$$libinit$$00000013  c_w.l(libinit2.o)
    0x080001bc   0x00000000   Code   RO         3681    .ARM.Collect$$libinit$$00000015  c_w.l(libinit2.o)
    0x080001bc   0x0000000a   Code   RO         3682    .ARM.Collect$$libinit$$00000016  c_w.l(libinit2.o)
    0x080001c6   0x00000000   Code   RO         3683    .ARM.Collect$$libinit$$00000017  c_w.l(libinit2.o)
    0x080001c6   0x00000000   Code   RO         3685    .ARM.Collect$$libinit$$00000019  c_w.l(libinit2.o)
    0x080001c6   0x00000000   Code   RO         3687    .ARM.Collect$$libinit$$0000001B  c_w.l(libinit2.o)
    0x080001c6   0x00000000   Code   RO         3689    .ARM.Collect$$libinit$$0000001D  c_w.l(libinit2.o)
    0x080001c6   0x00000000   Code   RO         3691    .ARM.Collect$$libinit$$0000001F  c_w.l(libinit2.o)
    0x080001c6   0x00000000   Code   RO         3693    .ARM.Collect$$libinit$$00000021  c_w.l(libinit2.o)
    0x080001c6   0x00000000   Code   RO         3695    .ARM.Collect$$libinit$$00000023  c_w.l(libinit2.o)
    0x080001c6   0x00000000   Code   RO         3697    .ARM.Collect$$libinit$$00000025  c_w.l(libinit2.o)
    0x080001c6   0x00000000   Code   RO         3701    .ARM.Collect$$libinit$$0000002C  c_w.l(libinit2.o)
    0x080001c6   0x00000000   Code   RO         3703    .ARM.Collect$$libinit$$0000002E  c_w.l(libinit2.o)
    0x080001c6   0x00000000   Code   RO         3705    .ARM.Collect$$libinit$$00000030  c_w.l(libinit2.o)
    0x080001c6   0x00000000   Code   RO         3707    .ARM.Collect$$libinit$$00000032  c_w.l(libinit2.o)
    0x080001c6   0x00000002   Code   RO         3708    .ARM.Collect$$libinit$$00000033  c_w.l(libinit2.o)
    0x080001c8   0x00000002   Code   RO         3736    .ARM.Collect$$libshutdown$$00000000  c_w.l(libshutdown.o)
    0x080001ca   0x00000000   Code   RO         3745    .ARM.Collect$$libshutdown$$00000002  c_w.l(libshutdown2.o)
    0x080001ca   0x00000000   Code   RO         3747    .ARM.Collect$$libshutdown$$00000004  c_w.l(libshutdown2.o)
    0x080001ca   0x00000000   Code   RO         3749    .ARM.Collect$$libshutdown$$00000006  c_w.l(libshutdown2.o)
    0x080001ca   0x00000000   Code   RO         3752    .ARM.Collect$$libshutdown$$00000009  c_w.l(libshutdown2.o)
    0x080001ca   0x00000000   Code   RO         3755    .ARM.Collect$$libshutdown$$0000000C  c_w.l(libshutdown2.o)
    0x080001ca   0x00000000   Code   RO         3757    .ARM.Collect$$libshutdown$$0000000E  c_w.l(libshutdown2.o)
    0x080001ca   0x00000000   Code   RO         3760    .ARM.Collect$$libshutdown$$00000011  c_w.l(libshutdown2.o)
    0x080001ca   0x00000002   Code   RO         3761    .ARM.Collect$$libshutdown$$00000012  c_w.l(libshutdown2.o)
    0x080001cc   0x00000000   Code   RO         3564    .ARM.Collect$$rtentry$$00000000  c_w.l(__rtentry.o)
    0x080001cc   0x00000000   Code   RO         3586    .ARM.Collect$$rtentry$$00000002  c_w.l(__rtentry2.o)
    0x080001cc   0x00000006   Code   RO         3598    .ARM.Collect$$rtentry$$00000004  c_w.l(__rtentry4.o)
    0x080001d2   0x00000000   Code   RO         3588    .ARM.Collect$$rtentry$$00000009  c_w.l(__rtentry2.o)
    0x080001d2   0x00000004   Code   RO         3589    .ARM.Collect$$rtentry$$0000000A  c_w.l(__rtentry2.o)
    0x080001d6   0x00000000   Code   RO         3591    .ARM.Collect$$rtentry$$0000000C  c_w.l(__rtentry2.o)
    0x080001d6   0x00000008   Code   RO         3592    .ARM.Collect$$rtentry$$0000000D  c_w.l(__rtentry2.o)
    0x080001de   0x00000002   Code   RO         3709    .ARM.Collect$$rtexit$$00000000  c_w.l(rtexit.o)
    0x080001e0   0x00000000   Code   RO         3716    .ARM.Collect$$rtexit$$00000002  c_w.l(rtexit2.o)
    0x080001e0   0x00000004   Code   RO         3717    .ARM.Collect$$rtexit$$00000003  c_w.l(rtexit2.o)
    0x080001e4   0x00000006   Code   RO         3718    .ARM.Collect$$rtexit$$00000004  c_w.l(rtexit2.o)
    0x080001ea   0x00000002   PAD
    0x080001ec   0x00000096   Code   RO          240    .emb_text           port.o
    0x08000282   0x00000002   PAD
    0x08000284   0x00000040   Code   RO           20    .text               startup_stm32f10x_hd.o
    0x080002c4   0x00000002   Code   RO         3477    .text               c_w.l(use_no_semi_2.o)
    0x080002c6   0x00000002   PAD
    0x080002c8   0x00000018   Code   RO         3481    .text               c_w.l(noretval__2printf.o)
    0x080002e0   0x00000068   Code   RO         3483    .text               c_w.l(__printf.o)
    0x08000348   0x00000078   Code   RO         3485    .text               c_w.l(_printf_dec.o)
    0x080003c0   0x00000006   Code   RO         3512    .text               c_w.l(heapauxi.o)
    0x080003c6   0x00000002   Code   RO         3562    .text               c_w.l(use_no_semi.o)
    0x080003c8   0x000000b2   Code   RO         3565    .text               c_w.l(_printf_intcommon.o)
    0x0800047a   0x0000041e   Code   RO         3567    .text               c_w.l(_printf_fp_dec.o)
    0x08000898   0x00000024   Code   RO         3569    .text               c_w.l(_printf_char_file.o)
    0x080008bc   0x00000008   Code   RO         3603    .text               c_w.l(rt_locale_intlibspace.o)
    0x080008c4   0x0000008a   Code   RO         3605    .text               c_w.l(lludiv10.o)
    0x0800094e   0x00000002   PAD
    0x08000950   0x00000030   Code   RO         3607    .text               c_w.l(_printf_char_common.o)
    0x08000980   0x00000080   Code   RO         3609    .text               c_w.l(_printf_fp_infnan.o)
    0x08000a00   0x000000e4   Code   RO         3611    .text               c_w.l(bigflt0.o)
    0x08000ae4   0x00000008   Code   RO         3636    .text               c_w.l(ferror.o)
    0x08000aec   0x00000008   Code   RO         3647    .text               c_w.l(libspace.o)
    0x08000af4   0x0000004a   Code   RO         3650    .text               c_w.l(sys_stackheap_outer.o)
    0x08000b3e   0x00000012   Code   RO         3654    .text               c_w.l(exit.o)
    0x08000b50   0x00000080   Code   RO         3656    .text               c_w.l(strcmpv7m.o)
    0x08000bd0   0x0000003e   Code   RO         3614    CL$$btod_d2e        c_w.l(btod.o)
    0x08000c0e   0x00000046   Code   RO         3616    CL$$btod_d2e_denorm_low  c_w.l(btod.o)
    0x08000c54   0x00000060   Code   RO         3615    CL$$btod_d2e_norm_op1  c_w.l(btod.o)
    0x08000cb4   0x00000338   Code   RO         3624    CL$$btod_div_common  c_w.l(btod.o)
    0x08000fec   0x000000dc   Code   RO         3621    CL$$btod_e2e        c_w.l(btod.o)
    0x080010c8   0x0000002a   Code   RO         3618    CL$$btod_ediv       c_w.l(btod.o)
    0x080010f2   0x0000002a   Code   RO         3617    CL$$btod_emul       c_w.l(btod.o)
    0x0800111c   0x00000244   Code   RO         3623    CL$$btod_mult_common  c_w.l(btod.o)
    0x08001360   0x0000002e   Code   RO          717    i.ADC1_Mid_GetAverageValue  adc.o
    0x0800138e   0x00000002   PAD
    0x08001390   0x00000034   Code   RO          718    i.ADC1_Mid_GetValue  adc.o
    0x080013c4   0x00000060   Code   RO          719    i.ADC1_Mid_MapValue  adc.o
    0x08001424   0x00000016   Code   RO         1164    i.ADC_Cmd           stm32f10x_adc.o
    0x0800143a   0x00000002   PAD
    0x0800143c   0x0000005c   Code   RO         1166    i.ADC_DeInit        stm32f10x_adc.o
    0x08001498   0x00000014   Code   RO         1172    i.ADC_GetCalibrationStatus  stm32f10x_adc.o
    0x080014ac   0x00000008   Code   RO         1173    i.ADC_GetConversionValue  stm32f10x_adc.o
    0x080014b4   0x00000012   Code   RO         1175    i.ADC_GetFlagStatus  stm32f10x_adc.o
    0x080014c6   0x00000014   Code   RO         1178    i.ADC_GetResetCalibrationStatus  stm32f10x_adc.o
    0x080014da   0x00000002   PAD
    0x080014dc   0x00000050   Code   RO         1182    i.ADC_Init          stm32f10x_adc.o
    0x0800152c   0x000000b8   Code   RO         1186    i.ADC_RegularChannelConfig  stm32f10x_adc.o
    0x080015e4   0x0000000a   Code   RO         1187    i.ADC_ResetCalibration  stm32f10x_adc.o
    0x080015ee   0x00000016   Code   RO         1189    i.ADC_SoftwareStartConvCmd  stm32f10x_adc.o
    0x08001604   0x0000000a   Code   RO         1191    i.ADC_StartCalibration  stm32f10x_adc.o
    0x0800160e   0x00000002   PAD
    0x08001610   0x000000a4   Code   RO          721    i.Adc1_Init         adc.o
    0x080016b4   0x00000110   Code   RO         3320    i.BEND_Value_Conversion  main.o
    0x080017c4   0x00000004   Code   RO         3390    i.BusFault_Handler  stm32f10x_it.o
    0x080017c8   0x00000002   Code   RO         3391    i.DebugMon_Handler  stm32f10x_it.o
    0x080017ca   0x0000003c   Code   RO         3258    i.GPIO_Config       common.o
    0x08001806   0x00000116   Code   RO         1692    i.GPIO_Init         stm32f10x_gpio.o
    0x0800191c   0x00000004   Code   RO         1699    i.GPIO_ResetBits    stm32f10x_gpio.o
    0x08001920   0x00000004   Code   RO         1700    i.GPIO_SetBits      stm32f10x_gpio.o
    0x08001924   0x00000004   Code   RO         3392    i.HardFault_Handler  stm32f10x_it.o
    0x08001928   0x00000014   Code   RO          964    i.LEDR_CLOSE        LED.o
    0x0800193c   0x00000014   Code   RO          965    i.LEDR_OPEN         LED.o
    0x08001950   0x00000038   Code   RO          966    i.LED_Config        LED.o
    0x08001988   0x00000044   Code   RO         3321    i.Mcu_Init          main.o
    0x080019cc   0x00000004   Code   RO         3393    i.MemManage_Handler  stm32f10x_it.o
    0x080019d0   0x00000002   Code   RO         3394    i.NMI_Handler       stm32f10x_it.o
    0x080019d2   0x0000000c   Code   RO         3201    i.NVIC_Configuration  sys.o
    0x080019de   0x00000002   PAD
    0x080019e0   0x00000070   Code   RO         1122    i.NVIC_Init         misc.o
    0x08001a50   0x00000014   Code   RO         1123    i.NVIC_PriorityGroupConfig  misc.o
    0x08001a64   0x00000030   Code   RO          991    i.OLED_Clear        oled.o
    0x08001a94   0x0000001c   Code   RO          992    i.OLED_ColorTurn    oled.o
    0x08001ab0   0x0000002c   Code   RO          995    i.OLED_DisplayTurn  oled.o
    0x08001adc   0x00000078   Code   RO          998    i.OLED_DrawPoint    oled.o
    0x08001b54   0x00000138   Code   RO          999    i.OLED_Init         oled.o
    0x08001c8c   0x0000004c   Code   RO         1001    i.OLED_Refresh      oled.o
    0x08001cd8   0x0000013c   Code   RO         1003    i.OLED_ShowChar     oled.o
    0x08001e14   0x0000004a   Code   RO         1007    i.OLED_ShowString   oled.o
    0x08001e5e   0x00000002   PAD
    0x08001e60   0x00000078   Code   RO         1008    i.OLED_WR_Byte      oled.o
    0x08001ed8   0x00000018   Code   RO         2004    i.RCC_ADCCLKConfig  stm32f10x_rcc.o
    0x08001ef0   0x00000020   Code   RO         2006    i.RCC_APB1PeriphClockCmd  stm32f10x_rcc.o
    0x08001f10   0x00000020   Code   RO         2008    i.RCC_APB2PeriphClockCmd  stm32f10x_rcc.o
    0x08001f30   0x00000020   Code   RO         2009    i.RCC_APB2PeriphResetCmd  stm32f10x_rcc.o
    0x08001f50   0x000000d4   Code   RO         2016    i.RCC_GetClocksFreq  stm32f10x_rcc.o
    0x08002024   0x00000008   Code   RO         3441    i.SetSysClock       system_stm32f10x.o
    0x0800202c   0x000000e0   Code   RO         3442    i.SetSysClockTo72   system_stm32f10x.o
    0x0800210c   0x00000028   Code   RO         1126    i.SysTick_CLKSourceConfig  misc.o
    0x08002134   0x00000008   Code   RO         3395    i.SysTick_Handler   stm32f10x_it.o
    0x0800213c   0x00000060   Code   RO         3444    i.SystemInit        system_stm32f10x.o
    0x0800219c   0x00000088   Code   RO         3216    i.USART1_IRQHandler  usart.o
    0x08002224   0x00000018   Code   RO         2996    i.USART_Cmd         stm32f10x_usart.o
    0x0800223c   0x00000054   Code   RO         3000    i.USART_GetITStatus  stm32f10x_usart.o
    0x08002290   0x0000004a   Code   RO         3002    i.USART_ITConfig    stm32f10x_usart.o
    0x080022da   0x00000002   PAD
    0x080022dc   0x000000d8   Code   RO         3003    i.USART_Init        stm32f10x_usart.o
    0x080023b4   0x0000000a   Code   RO         3010    i.USART_ReceiveData  stm32f10x_usart.o
    0x080023be   0x00000004   Code   RO         3396    i.UsageFault_Handler  stm32f10x_it.o
    0x080023c2   0x00000028   Code   RO         3645    i.__ARM_fpclassify  m_ws.l(fpclassify.o)
    0x080023ea   0x00000004   Code   RO         3217    i._sys_exit         usart.o
    0x080023ee   0x00000002   PAD
    0x080023f0   0x00000044   Code   RO         3172    i.delay_init        delay.o
    0x08002434   0x0000004c   Code   RO         3173    i.delay_ms          delay.o
    0x08002480   0x0000001c   Code   RO         3218    i.fputc             usart.o
    0x0800249c   0x00000154   Code   RO         3322    i.main              main.o
    0x080025f0   0x00000034   Code   RO          445    i.prvResetNextTaskUnblockTime  tasks.o
    0x08002624   0x000000a0   Code   RO         3219    i.uart_init         usart.o
    0x080026c4   0x00000028   Code   RO          155    i.uxListRemove      list.o
    0x080026ec   0x00000018   Code   RO          159    i.vListInsertEnd    list.o
    0x08002704   0x00000060   Code   RO          466    i.vTaskSwitchContext  tasks.o
    0x08002764   0x00000034   Code   RO          248    i.xPortSysTickHandler  port.o
    0x08002798   0x0000011c   Code   RO          473    i.xTaskIncrementTick  tasks.o
    0x080028b4   0x0000002c   Code   RO         3641    locale$$code        c_w.l(lc_numeric_c.o)
    0x080028e0   0x00000062   Code   RO         3516    x$fpl$d2f           fz_ws.l(d2f.o)
    0x08002942   0x00000002   PAD
    0x08002944   0x00000150   Code   RO         3518    x$fpl$dadd          fz_ws.l(daddsub_clz.o)
    0x08002a94   0x000002b0   Code   RO         3525    x$fpl$ddiv          fz_ws.l(ddiv.o)
    0x08002d44   0x00000154   Code   RO         3536    x$fpl$dmul          fz_ws.l(dmul.o)
    0x08002e98   0x0000009c   Code   RO         3576    x$fpl$dnaninf       fz_ws.l(dnaninf.o)
    0x08002f34   0x0000000c   Code   RO         3578    x$fpl$dretinf       fz_ws.l(dretinf.o)
    0x08002f40   0x000001d4   Code   RO         3520    x$fpl$dsub          fz_ws.l(daddsub_clz.o)
    0x08003114   0x00000056   Code   RO         3538    x$fpl$f2d           fz_ws.l(f2d.o)
    0x0800316a   0x00000002   PAD
    0x0800316c   0x00000184   Code   RO         3541    x$fpl$fdiv          fz_ws.l(fdiv.o)
    0x080032f0   0x00000036   Code   RO         3544    x$fpl$ffix          fz_ws.l(ffix.o)
    0x08003326   0x00000002   PAD
    0x08003328   0x00000030   Code   RO         3553    x$fpl$fflt          fz_ws.l(fflt_clz.o)
    0x08003358   0x00000102   Code   RO         3558    x$fpl$fmul          fz_ws.l(fmul.o)
    0x0800345a   0x0000008c   Code   RO         3580    x$fpl$fnaninf       fz_ws.l(fnaninf.o)
    0x080034e6   0x0000000a   Code   RO         3582    x$fpl$fretinf       fz_ws.l(fretinf.o)
    0x080034f0   0x00000004   Code   RO         3560    x$fpl$printf1       fz_ws.l(printf1.o)
    0x080034f4   0x00000000   Code   RO         3584    x$fpl$usenofp       fz_ws.l(usenofp.o)
    0x080034f4   0x00001e90   Data   RO         1011    .constdata          oled.o
    0x08005384   0x00000094   Data   RO         3612    .constdata          c_w.l(bigflt0.o)
    0x08005418   0x00000020   Data   RO         3786    Region$$Table       anon$$obj.o
    0x08005438   0x0000001c   Data   RO         3640    locale$$data        c_w.l(lc_numeric_c.o)


    Execution Region RW_IRAM1 (Base: 0x20000000, Size: 0x00000cf8, Max: 0x00005000, ABSOLUTE)

    Base Addr    Size         Type   Attr      Idx    E Section Name        Object

    0x20000000   0x0000003c   Data   RW          481    .data               tasks.o
    0x2000003c   0x00000014   Data   RW         2036    .data               stm32f10x_rcc.o
    0x20000050   0x00000004   Data   RW         3175    .data               delay.o
    0x20000054   0x00000006   Data   RW         3221    .data               usart.o
    0x2000005a   0x00000002   PAD
    0x2000005c   0x00000014   Data   RW         3445    .data               system_stm32f10x.o
    0x20000070   0x000000c8   Zero   RW          480    .bss                tasks.o
    0x20000138   0x00000480   Zero   RW         1010    .bss                oled.o
    0x200005b8   0x000000c8   Zero   RW         3220    .bss                usart.o
    0x20000680   0x00000016   Zero   RW         3323    .bss                main.o
    0x20000696   0x00000002   PAD
    0x20000698   0x00000060   Zero   RW         3648    .bss                c_w.l(libspace.o)
    0x200006f8   0x00000200   Zero   RW           18    HEAP                startup_stm32f10x_hd.o
    0x200008f8   0x00000400   Zero   RW           17    STACK               startup_stm32f10x_hd.o


==============================================================================

Image component sizes


      Code (inc. data)   RO Data    RW Data    ZI Data      Debug   Object Name

        96         18          0          0          0       1470   LED.o
       358         20          0          0          0     238339   adc.o
        60          0          0          0          0        478   common.o
         0          0          0          0          0       4540   core_cm3.o
         0          0          0          0          0       7288   croutine.o
       144         22          0          4          0       1300   delay.o
        64          0          0          0          0       1560   list.o
       680        112          0          0         22       3194   main.o
       172         22          0          0          0       2157   misc.o
      1138         56       7824          0       1152       7589   oled.o
       202         18          0          0          0       3866   port.o
        64         26        304          0       1536        828   startup_stm32f10x_hd.o
       486         24          0          0          0       8914   stm32f10x_adc.o
       286          0          0          0          0       3136   stm32f10x_gpio.o
        28          0          0          0          0       3167   stm32f10x_it.o
       332         44          0         20          0       5738   stm32f10x_rcc.o
       408          6          0          0          0       5146   stm32f10x_usart.o
        12          0          0          0          0        489   sys.o
       328         28          0         20          0       2257   system_stm32f10x.o
       432         76          0         60        200      13821   tasks.o
       328         26          0          6        200       4324   usart.o

    ----------------------------------------------------------------------
      5636        498       8160        112       3112     319601   Object Totals
         0          0         32          0          0          0   (incl. Generated)
        18          0          0          2          2          0   (incl. Padding)

    ----------------------------------------------------------------------

      Code (inc. data)   RO Data    RW Data    ZI Data      Debug   Library Member Name

         8          0          0          0          0         68   __main.o
       104          0          0          0          0         84   __printf.o
         0          0          0          0          0          0   __rtentry.o
        12          0          0          0          0          0   __rtentry2.o
         6          0          0          0          0          0   __rtentry4.o
        52          8          0          0          0          0   __scatter.o
        26          0          0          0          0          0   __scatter_copy.o
        28          0          0          0          0          0   __scatter_zi.o
        48          6          0          0          0         96   _printf_char_common.o
        36          4          0          0          0         80   _printf_char_file.o
         6          0          0          0          0          0   _printf_d.o
       120         16          0          0          0         92   _printf_dec.o
         6          0          0          0          0          0   _printf_f.o
      1054          0          0          0          0        216   _printf_fp_dec.o
       128         16          0          0          0         84   _printf_fp_infnan.o
       178          0          0          0          0         88   _printf_intcommon.o
         0          0          0          0          0          0   _printf_percent.o
         4          0          0          0          0          0   _printf_percent_end.o
       228          4        148          0          0         96   bigflt0.o
      1936        128          0          0          0        672   btod.o
        18          0          0          0          0         80   exit.o
         8          0          0          0          0         68   ferror.o
         6          0          0          0          0        152   heapauxi.o
        44         10         28          0          0         76   lc_numeric_c.o
         2          0          0          0          0          0   libinit.o
        18          0          0          0          0          0   libinit2.o
         2          0          0          0          0          0   libshutdown.o
         2          0          0          0          0          0   libshutdown2.o
         8          4          0          0         96         68   libspace.o
       138          0          0          0          0         80   lludiv10.o
        24          4          0          0          0         84   noretval__2printf.o
         8          4          0          0          0         68   rt_locale_intlibspace.o
         2          0          0          0          0          0   rtexit.o
        10          0          0          0          0          0   rtexit2.o
       128          0          0          0          0         68   strcmpv7m.o
        74          0          0          0          0         80   sys_stackheap_outer.o
         2          0          0          0          0         68   use_no_semi.o
         2          0          0          0          0         68   use_no_semi_2.o
        98          4          0          0          0         92   d2f.o
       804         16          0          0          0        272   daddsub_clz.o
       688        140          0          0          0        208   ddiv.o
       340         12          0          0          0        104   dmul.o
       156          4          0          0          0         92   dnaninf.o
        12          0          0          0          0         68   dretinf.o
        86          4          0          0          0         84   f2d.o
       388         76          0          0          0         96   fdiv.o
        54          4          0          0          0         84   ffix.o
        48          0          0          0          0         68   fflt_clz.o
       258          4          0          0          0         84   fmul.o
       140          4          0          0          0         84   fnaninf.o
        10          0          0          0          0         68   fretinf.o
         4          0          0          0          0         68   printf1.o
         0          0          0          0          0          0   usenofp.o
        40          0          0          0          0         68   fpclassify.o

    ----------------------------------------------------------------------
      7616        472        176          0         96       4076   Library Totals
        14          0          0          0          0          0   (incl. Padding)

    ----------------------------------------------------------------------

      Code (inc. data)   RO Data    RW Data    ZI Data      Debug   Library Name

      4476        204        176          0         96       2536   c_w.l
      3086        268          0          0          0       1472   fz_ws.l
        40          0          0          0          0         68   m_ws.l

    ----------------------------------------------------------------------
      7616        472        176          0         96       4076   Library Totals

    ----------------------------------------------------------------------

==============================================================================


      Code (inc. data)   RO Data    RW Data    ZI Data      Debug   

     13252        970       8336        112       3208     318057   Grand Totals
     13252        970       8336        112       3208     318057   ELF Image Totals
     13252        970       8336        112          0          0   ROM Totals

==============================================================================

    Total RO  Size (Code + RO Data)                21588 (  21.08kB)
    Total RW  Size (RW Data + ZI Data)              3320 (   3.24kB)
    Total ROM Size (Code + RO Data + RW Data)      21700 (  21.19kB)

==============================================================================

