<html>
<body>
<pre>
<h1>µVision Build Log</h1>
<h2>Tool Versions:</h2>
IDE-Version: ¦ÌVision V5.33.0.0
Copyright (C) 2020 ARM Ltd and ARM Germany GmbH. All rights reserved.
License Information: hfsdk dfd, fdsf, LIC=PE7DL-0K51V-WF0I7-E3IHK-PT153-9P3M4
 
Tool Versions:
Toolchain:       MDK-ARM Plus  Version: 5.33.0.0
Toolchain Path:  C:\Keil_v5\ARM\ARMCC\Bin
C Compiler:      Armcc.exe V5.06 update 7 (build 960)
Assembler:       Armasm.exe V5.06 update 7 (build 960)
Linker/Locator:  ArmLink.exe V5.06 update 7 (build 960)
Library Manager: ArmAr.exe V5.06 update 7 (build 960)
Hex Converter:   FromElf.exe V5.06 update 7 (build 960)
CPU DLL:         SARMCM3.DLL V5.33.0.0
Dialog DLL:      DARMSTM.DLL V1.68.0.0
Target DLL:      STLink\ST-LINKIII-KEIL_SWO.dll V3.0.8.0
Dialog DLL:      TARMSTM.DLL V1.66.0.0
 
<h2>Project:</h2>
C:\Users\IBM\Desktop\stmf103_PT50\Project\PT50_STM32F103RC.uvprojx
Project File Date:  05/31/2024

<h2>Output:</h2>
*** Using Compiler 'V5.06 update 7 (build 960)', folder: 'C:\Keil_v5\ARM\ARMCC\Bin'
Rebuild target 'PT50_STM32F103RC'
compiling stm32f10x_it.c...
compiling buzzer.c...
compiling LED.c...
compiling adc.c...
compiling battery.c...
..\MyCode\LCD\HT61666_LCD.h(419): warning:  #1295-D: Deprecated declaration LCD_Delay - give arg types
  void LCD_Delay( );
..\MyCode\BATTERY\battery.c(293): warning:  #1-D: last line of file ends without a newline
  #endif
..\MyCode\BATTERY\battery.c(22): warning:  #550-D: variable "Screen_RF_Data2"  was set but never used
  static uint8_t Screen_RF_Data2 = 0;
..\MyCode\BATTERY\battery.c(23): warning:  #550-D: variable "Screen_RF_Data3"  was set but never used
  static uint8_t Screen_RF_Data3 = 0;
..\MyCode\BATTERY\battery.c(24): warning:  #550-D: variable "Screen_RF_Data4"  was set but never used
  static uint8_t Screen_RF_Data4 = 0;
..\MyCode\BATTERY\battery.c: 5 warnings, 0 errors
compiling main.c...
compiling timer.c...
..\MyCode\TIMER\timer.c(224): warning:  #1-D: last line of file ends without a newline
  #endif 
..\MyCode\TIMER\timer.c: 1 warning, 0 errors
compiling oled.c...
compiling misc.c...
compiling stm32f10x_bkp.c...
compiling stm32f10x_adc.c...
compiling stm32f10x_can.c...
compiling stm32f10x_cec.c...
compiling stm32f10x_crc.c...
compiling stm32f10x_dbgmcu.c...
compiling stm32f10x_dac.c...
compiling stm32f10x_dma.c...
compiling stm32f10x_exti.c...
compiling stm32f10x_flash.c...
compiling stm32f10x_fsmc.c...
compiling stm32f10x_gpio.c...
compiling stm32f10x_i2c.c...
compiling stm32f10x_iwdg.c...
compiling stm32f10x_pwr.c...
compiling stm32f10x_rcc.c...
compiling stm32f10x_rtc.c...
compiling stm32f10x_sdio.c...
compiling stm32f10x_spi.c...
assembling startup_stm32f10x_hd.s...
compiling stm32f10x_wwdg.c...
compiling stm32f10x_tim.c...
compiling system_stm32f10x.c...
compiling stm32f10x_usart.c...
compiling delay.c...
compiling sys.c...
compiling usart.c...
linking...
Program Size: Code=4784 RO-data=336 RW-data=56 ZI-data=1240  
FromELF: creating hex file...
After Build - User command #1: C:\Keil_v5\ARM\ARMCC\bin\fromelf.exe    --bin -o  ..\Project\Objects\PT50APP.bin ..\Project\Objects\PT50APP.axf
".\Objects\PT50APP.axf" - 0 Error(s), 6 Warning(s).

<h2>Software Packages used:</h2>

Package Vendor: Keil
                http://www.keil.com/pack/Keil.STM32F1xx_DFP.2.3.0.pack
                Keil.STM32F1xx_DFP.2.3.0
                STMicroelectronics STM32F1 Series Device Support, Drivers and Examples

<h2>Collection of Component include folders:</h2>
  C:\Users\IBM\AppData\Local\Arm\Packs\Keil\STM32F1xx_DFP\2.3.0\Device\Include

<h2>Collection of Component Files used:</h2>
Build Time Elapsed:  00:00:06
</pre>
</body>
</html>
