<html>
<body>
<pre>
<h1>礦ision Build Log</h1>
<h2>Tool Versions:</h2>
IDE-Version: μVision V5.33.0.0
Copyright (C) 2020 ARM Ltd and ARM Germany GmbH. All rights reserved.
License Information: hfsdk dfd, fdsf, LIC=PE7DL-0K51V-WF0I7-E3IHK-PT153-9P3M4
 
Tool Versions:
Toolchain:       MDK-ARM Plus  Version: 5.33.0.0
Toolchain Path:  C:\Keil_v5\ARM\ARMCC\Bin
C Compiler:      Armcc.exe V5.06 update 7 (build 960)
Assembler:       Armasm.exe V5.06 update 7 (build 960)
Linker/Locator:  ArmLink.exe V5.06 update 7 (build 960)
Library Manager: ArmAr.exe V5.06 update 7 (build 960)
Hex Converter:   FromElf.exe V5.06 update 7 (build 960)
CPU DLL:         SARMCM3.DLL V5.33.0.0
Dialog DLL:      DARMSTM.DLL V1.68.0.0
Target DLL:      STLink\ST-LINKIII-KEIL_SWO.dll V3.0.8.0
Dialog DLL:      TARMSTM.DLL V1.66.0.0
 
<h2>Project:</h2>
C:\Users\IBM\Desktop\PT50摩托车四缸平衡仪表\模组驱动\STM32F103coding - V5_mid\USER\main.uvprojx
Project File Date:  05/15/2024

<h2>Output:</h2>
*** Using Compiler 'V5.06 update 7 (build 960)', folder: 'C:\Keil_v5\ARM\ARMCC\Bin'
Rebuild target 'Target 1'
assembling startup_stm32f10x_md.s...
compiling core_cm3.c...
compiling system_stm32f10x.c...
compiling stm32f10x_it.c...
compiling main.c...
compiling adc.c...
compiling HT61666_LCD.c...
..\MyCode\LCD\HT61666_LCD.h(419): warning:  #1295-D: Deprecated declaration LCD_Delay - give arg types
  void LCD_Delay( );
..\MyCode\LCD\HT61666_LCD.c(236): warning:  #177-D: variable "addr"  was declared but never referenced
  	uint8_t addr = 0,i = 0;
..\MyCode\LCD\HT61666_LCD.c: 2 warnings, 0 errors
compiling oled.c...
compiling misc.c...
compiling stm32f10x_gpio.c...
compiling delay.c...
compiling stm32f10x_adc.c...
compiling sys.c...
compiling stm32f10x_usart.c...
compiling stm32f10x_i2c.c...
compiling usart.c...
compiling stm32f10x_rcc.c...
linking...
Program Size: Code=16204 RO-data=8268 RW-data=52 ZI-data=3012  
FromELF: creating hex file...
"..\OBJ\main.axf" - 0 Error(s), 2 Warning(s).

<h2>Software Packages used:</h2>

Package Vendor: Keil
                http://www.keil.com/pack/Keil.STM32F1xx_DFP.2.3.0.pack
                Keil.STM32F1xx_DFP.2.3.0
                STMicroelectronics STM32F1 Series Device Support, Drivers and Examples

<h2>Collection of Component include folders:</h2>
  C:\Users\IBM\AppData\Local\Arm\Packs\Keil\STM32F1xx_DFP\2.3.0\Device\Include

<h2>Collection of Component Files used:</h2>
Build Time Elapsed:  00:00:02
</pre>
</body>
</html>
