Component: ARM Compiler 5.06 update 7 (build 960) Tool: armlink [4d3601]

==============================================================================

Section Cross References

    main.o(i.Mcu_Init) refers to system_stm32f10x.o(i.SystemInit) for SystemInit
    main.o(i.Mcu_Init) refers to delay.o(i.delay_init) for delay_init
    main.o(i.Mcu_Init) refers to sys.o(i.NVIC_Configuration) for NVIC_Configuration
    main.o(i.Mcu_Init) refers to usart.o(i.uart_init) for uart_init
    main.o(i.Mcu_Init) refers to main.o(i.Usb_Init) for Usb_Init
    main.o(i.Mcu_Init) refers to adc.o(i.ADC1_Init) for ADC1_Init
    main.o(i.Mcu_Init) refers to key.o(i.Button_Init) for Button_Init
    main.o(i.Mcu_Init) refers to lcd_ht1623.o(i.One_Backlight) for One_Backlight
    main.o(i.Mcu_Init) refers to timer.o(i.TIM2_Backlight_PWM_Init) for TIM2_Backlight_PWM_Init
    main.o(i.Mcu_Init) refers to buzzer.o(i.Buzzer_Init) for Buzzer_Init
    main.o(i.TurnOnSegment) refers to lcd_ht1623.o(.bss) for LCD_BUF
    main.o(i.UpdateDisplay) refers to lcd_ht1623.o(i.W1623_success) for W1623_success
    main.o(i.UpdateDisplay) refers to lcd_ht1623.o(.bss) for LCD_BUF
    main.o(i.Usb_Init) refers to hw_config.o(i.USB_Port_Set) for USB_Port_Set
    main.o(i.Usb_Init) refers to delay.o(i.delay_ms) for delay_ms
    main.o(i.Usb_Init) refers to hw_config.o(i.Set_USBClock) for Set_USBClock
    main.o(i.Usb_Init) refers to hw_config.o(i.USB_Interrupts_Config) for USB_Interrupts_Config
    main.o(i.Usb_Init) refers to usb_init.o(i.USB_Init) for USB_Init
    main.o(i.main) refers to main.o(i.Mcu_Init) for Mcu_Init
    main.o(i.main) refers to lcd_ht1623.o(i.LCD_GpioInit) for LCD_GpioInit
    main.o(i.main) refers to lcd_ht1623.o(i.LCD_Init) for LCD_Init
    main.o(i.main) refers to lcd_ht1623.o(i.cleandisp) for cleandisp
    main.o(i.main) refers to printf1.o(i.__0printf$1) for __2printf
    main.o(i.main) refers to hw_config.o(i.usb_printf) for usb_printf
    main.o(i.main) refers to key.o(i.Button_Debounce) for Button_Debounce
    main.o(i.main) refers to hw_config.o(i.USB_USART_SendData) for USB_USART_SendData
    main.o(i.main) refers to delay.o(i.delay_ms) for delay_ms
    main.o(i.main) refers to usb_pwr.o(.data) for bDeviceState
    main.o(i.main) refers to hw_config.o(.data) for USB_USART_RX_STA
    main.o(i.main) refers to hw_config.o(.bss) for USB_USART_RX_BUF
    stm32f10x_it.o(i.SysTick_Handler) refers to stm32f10x_it.o(.data) for systemTicks
    adc.o(i.ADC1_Init) refers to stm32f10x_rcc.o(i.RCC_AHBPeriphClockCmd) for RCC_AHBPeriphClockCmd
    adc.o(i.ADC1_Init) refers to stm32f10x_rcc.o(i.RCC_APB2PeriphClockCmd) for RCC_APB2PeriphClockCmd
    adc.o(i.ADC1_Init) refers to stm32f10x_rcc.o(i.RCC_ADCCLKConfig) for RCC_ADCCLKConfig
    adc.o(i.ADC1_Init) refers to stm32f10x_gpio.o(i.GPIO_Init) for GPIO_Init
    adc.o(i.ADC1_Init) refers to stm32f10x_dma.o(i.DMA_DeInit) for DMA_DeInit
    adc.o(i.ADC1_Init) refers to stm32f10x_dma.o(i.DMA_Init) for DMA_Init
    adc.o(i.ADC1_Init) refers to stm32f10x_dma.o(i.DMA_Cmd) for DMA_Cmd
    adc.o(i.ADC1_Init) refers to stm32f10x_adc.o(i.ADC_Init) for ADC_Init
    adc.o(i.ADC1_Init) refers to stm32f10x_adc.o(i.ADC_RegularChannelConfig) for ADC_RegularChannelConfig
    adc.o(i.ADC1_Init) refers to stm32f10x_adc.o(i.ADC_DMACmd) for ADC_DMACmd
    adc.o(i.ADC1_Init) refers to stm32f10x_adc.o(i.ADC_Cmd) for ADC_Cmd
    adc.o(i.ADC1_Init) refers to stm32f10x_adc.o(i.ADC_ResetCalibration) for ADC_ResetCalibration
    adc.o(i.ADC1_Init) refers to stm32f10x_adc.o(i.ADC_GetResetCalibrationStatus) for ADC_GetResetCalibrationStatus
    adc.o(i.ADC1_Init) refers to stm32f10x_adc.o(i.ADC_StartCalibration) for ADC_StartCalibration
    adc.o(i.ADC1_Init) refers to stm32f10x_adc.o(i.ADC_GetCalibrationStatus) for ADC_GetCalibrationStatus
    adc.o(i.ADC1_Init) refers to stm32f10x_adc.o(i.ADC_SoftwareStartConvCmd) for ADC_SoftwareStartConvCmd
    adc.o(i.ADC1_Init) refers to adc.o(.bss) for ADC_ConvertedValue
    adc.o(i.ADC2_GetValue) refers to stm32f10x_adc.o(i.ADC_RegularChannelConfig) for ADC_RegularChannelConfig
    adc.o(i.ADC2_GetValue) refers to stm32f10x_adc.o(i.ADC_SoftwareStartConvCmd) for ADC_SoftwareStartConvCmd
    adc.o(i.ADC2_GetValue) refers to stm32f10x_adc.o(i.ADC_Cmd) for ADC_Cmd
    adc.o(i.ADC2_GetValue) refers to stm32f10x_adc.o(i.ADC_GetFlagStatus) for ADC_GetFlagStatus
    adc.o(i.ADC2_GetValue) refers to stm32f10x_adc.o(i.ADC_GetConversionValue) for ADC_GetConversionValue
    adc.o(i.ADC2_Init) refers to stm32f10x_rcc.o(i.RCC_APB2PeriphClockCmd) for RCC_APB2PeriphClockCmd
    adc.o(i.ADC2_Init) refers to stm32f10x_rcc.o(i.RCC_ADCCLKConfig) for RCC_ADCCLKConfig
    adc.o(i.ADC2_Init) refers to stm32f10x_gpio.o(i.GPIO_Init) for GPIO_Init
    adc.o(i.ADC2_Init) refers to stm32f10x_adc.o(i.ADC_Init) for ADC_Init
    adc.o(i.ADC2_Init) refers to stm32f10x_adc.o(i.ADC_Cmd) for ADC_Cmd
    adc.o(i.ADC2_Init) refers to stm32f10x_adc.o(i.ADC_ResetCalibration) for ADC_ResetCalibration
[...]
    i.Enter_LowPowerMode                     0x08001ab4   Section        0  hw_config.o(i.Enter_LowPowerMode)
    i.GPIO_EXTILineConfig                    0x08001ae4   Section        0  stm32f10x_gpio.o(i.GPIO_EXTILineConfig)
    i.GPIO_Init                              0x08001b24   Section        0  stm32f10x_gpio.o(i.GPIO_Init)
    i.GPIO_PinRemapConfig                    0x08001c3c   Section        0  stm32f10x_gpio.o(i.GPIO_PinRemapConfig)
    i.GPIO_ReadInputDataBit                  0x08001ccc   Section        0  stm32f10x_gpio.o(i.GPIO_ReadInputDataBit)
    i.GPIO_ResetBits                         0x08001cde   Section        0  stm32f10x_gpio.o(i.GPIO_ResetBits)
    i.GPIO_SetBits                           0x08001ce2   Section        0  stm32f10x_gpio.o(i.GPIO_SetBits)
    i.GetEPRxAddr                            0x08001ce8   Section        0  usb_regs.o(i.GetEPRxAddr)
    i.GetEPRxCount                           0x08001d08   Section        0  usb_regs.o(i.GetEPRxCount)
    i.GetEPTxAddr                            0x08001d2c   Section        0  usb_regs.o(i.GetEPTxAddr)
    i.Get_SerialNum                          0x08001d4c   Section        0  hw_config.o(i.Get_SerialNum)
    i.HT1623_SendBit_H                       0x08001d80   Section        0  lcd_ht1623.o(i.HT1623_SendBit_H)
    i.HT1623_SendBit_L                       0x08001dd8   Section        0  lcd_ht1623.o(i.HT1623_SendBit_L)
    i.HardFault_Handler                      0x08001e30   Section        0  stm32f10x_it.o(i.HardFault_Handler)
    i.In0_Process                            0x08001e34   Section        0  usb_core.o(i.In0_Process)
    i.IntToUnicode                           0x08001ea4   Section        0  hw_config.o(i.IntToUnicode)
    i.LCD_CLOSE                              0x08001ee4   Section        0  lcd_ht1623.o(i.LCD_CLOSE)
    i.LCD_GpioInit                           0x08001f00   Section        0  lcd_ht1623.o(i.LCD_GpioInit)
    i.LCD_Init                               0x08001f58   Section        0  lcd_ht1623.o(i.LCD_Init)
    i.Leave_LowPowerMode                     0x08001f74   Section        0  hw_config.o(i.Leave_LowPowerMode)
    i.Mcu_Init                               0x08001fb4   Section        0  main.o(i.Mcu_Init)
    i.MemManage_Handler                      0x08001fe4   Section        0  stm32f10x_it.o(i.MemManage_Handler)
    i.NMI_Handler                            0x08001fe8   Section        0  stm32f10x_it.o(i.NMI_Handler)
    i.NOP_Process                            0x08001fea   Section        0  usb_core.o(i.NOP_Process)
    i.NVIC_Configuration                     0x08001fec   Section        0  sys.o(i.NVIC_Configuration)
    i.NVIC_Init                              0x08001ff8   Section        0  misc.o(i.NVIC_Init)
    i.NVIC_PriorityGroupConfig               0x08002068   Section        0  misc.o(i.NVIC_PriorityGroupConfig)
    i.NoData_Setup0                          0x0800207c   Section        0  usb_core.o(i.NoData_Setup0)
    NoData_Setup0                            0x0800207d   Thumb Code   290  usb_core.o(i.NoData_Setup0)
    i.One_Backlight                          0x080021b4   Section        0  lcd_ht1623.o(i.One_Backlight)
    i.Out0_Process                           0x080021fc   Section        0  usb_core.o(i.Out0_Process)
    i.PMAToUserBufferCopy                    0x0800224c   Section        0  usb_mem.o(i.PMAToUserBufferCopy)
    i.PendSV_Handler                         0x08002274   Section        0  stm32f10x_it.o(i.PendSV_Handler)
    i.Post0_Process                          0x08002278   Section        0  usb_core.o(i.Post0_Process)
    i.PowerOn                                0x080022c0   Section        0  usb_pwr.o(i.PowerOn)
    i.RCC_ADCCLKConfig                       0x08002300   Section        0  stm32f10x_rcc.o(i.RCC_ADCCLKConfig)
    i.RCC_AHBPeriphClockCmd                  0x08002318   Section        0  stm32f10x_rcc.o(i.RCC_AHBPeriphClockCmd)
    i.RCC_APB1PeriphClockCmd                 0x08002338   Section        0  stm32f10x_rcc.o(i.RCC_APB1PeriphClockCmd)
    i.RCC_APB2PeriphClockCmd                 0x08002358   Section        0  stm32f10x_rcc.o(i.RCC_APB2PeriphClockCmd)
    i.RCC_GetClocksFreq                      0x08002378   Section        0  stm32f10x_rcc.o(i.RCC_GetClocksFreq)
    i.RCC_USBCLKConfig                       0x0800244c   Section        0  stm32f10x_rcc.o(i.RCC_USBCLKConfig)
    i.Resume                                 0x08002458   Section        0  usb_pwr.o(i.Resume)
    i.Resume_Init                            0x08002528   Section        0  usb_pwr.o(i.Resume_Init)
    i.SOF_Callback                           0x0800254c   Section        0  usb_endp.o(i.SOF_Callback)
    i.SVC_Handler                            0x0800257c   Section        0  stm32f10x_it.o(i.SVC_Handler)
    i.SendCmd                                0x08002580   Section        0  lcd_ht1623.o(i.SendCmd)
    i.SetBTABLE                              0x080025b0   Section        0  usb_regs.o(i.SetBTABLE)
    i.SetDeviceAddress                       0x080025c0   Section        0  usb_core.o(i.SetDeviceAddress)
    i.SetEPRxAddr                            0x08002610   Section        0  usb_regs.o(i.SetEPRxAddr)
    i.SetEPRxCount                           0x08002634   Section        0  usb_regs.o(i.SetEPRxCount)
    i.SetEPRxStatus                          0x08002680   Section        0  usb_regs.o(i.SetEPRxStatus)
    i.SetEPRxValid                           0x080026c0   Section        0  usb_regs.o(i.SetEPRxValid)
    i.SetEPTxAddr                            0x080026f4   Section        0  usb_regs.o(i.SetEPTxAddr)
    i.SetEPTxCount                           0x08002714   Section        0  usb_regs.o(i.SetEPTxCount)
    i.SetEPTxStatus                          0x08002730   Section        0  usb_regs.o(i.SetEPTxStatus)
    i.SetEPTxValid                           0x08002770   Section        0  usb_regs.o(i.SetEPTxValid)
    i.SetEPType                              0x080027a4   Section        0  usb_regs.o(i.SetEPType)
    i.SetSysClock                            0x080027c8   Section        0  system_stm32f10x.o(i.SetSysClock)
    SetSysClock                              0x080027c9   Thumb Code     8  system_stm32f10x.o(i.SetSysClock)
    i.SetSysClockTo72                        0x080027d0   Section        0  system_stm32f10x.o(i.SetSysClockTo72)
    SetSysClockTo72                          0x080027d1   Thumb Code   214  system_stm32f10x.o(i.SetSysClockTo72)
    i.Set_USBClock                           0x080028b0   Section        0  hw_config.o(i.Set_USBClock)
    i.Setup0_Process                         0x080028c4   Section        0  usb_core.o(i.Setup0_Process)
    i.Standard_ClearFeature                  0x0800297c   Section        0  usb_core.o(i.Standard_ClearFeature)
    i.Standard_GetConfiguration              0x08002ae8   Section        0  usb_core.o(i.Standard_GetConfiguration)
    i.Standard_GetDescriptorData             0x08002b14   Section        0  usb_core.o(i.Standard_GetDescriptorData)
    i.Standard_GetInterface                  0x08002b38   Section        0  usb_core.o(i.Standard_GetInterface)
    i.Standard_GetStatus                     0x08002b64   Section        0  usb_core.o(i.Standard_GetStatus)
    i.Standard_SetConfiguration              0x08002c64   Section        0  usb_core.o(i.Standard_SetConfiguration)
    i.Standard_SetDeviceFeature              0x08002cac   Section        0  usb_core.o(i.Standard_SetDeviceFeature)
    i.Standard_SetEndPointFeature            0x08002cd4   Section        0  usb_core.o(i.Standard_SetEndPointFeature)
    i.Standard_SetInterface                  0x08002da4   Section        0  usb_core.o(i.Standard_SetInterface)
    i.Suspend                                0x08002e10   Section        0  usb_pwr.o(i.Suspend)
    i.SysTick_CLKSourceConfig                0x08002eac   Section        0  misc.o(i.SysTick_CLKSourceConfig)
    i.SysTick_Handler                        0x08002ed4   Section        0  stm32f10x_it.o(i.SysTick_Handler)
    i.SystemInit                             0x08002ee4   Section        0  system_stm32f10x.o(i.SystemInit)
    i.TIM2_Backlight_PWM_Init                0x08002f44   Section        0  timer.o(i.TIM2_Backlight_PWM_Init)
    i.TIM3_IRQHandler                        0x08002fe0   Section        0  timer.o(i.TIM3_IRQHandler)
    i.TIM5_IRQHandler                        0x08003010   Section        0  timer.o(i.TIM5_IRQHandler)
    i.TIM_ARRPreloadConfig                   0x080030d0   Section        0  stm32f10x_tim.o(i.TIM_ARRPreloadConfig)
    i.TIM_ClearITPendingBit                  0x080030e8   Section        0  stm32f10x_tim.o(i.TIM_ClearITPendingBit)
    i.TIM_Cmd                                0x080030ee   Section        0  stm32f10x_tim.o(i.TIM_Cmd)
    i.TIM_GetCapture1                        0x08003106   Section        0  stm32f10x_tim.o(i.TIM_GetCapture1)
    i.TIM_GetITStatus                        0x0800310c   Section        0  stm32f10x_tim.o(i.TIM_GetITStatus)
    i.TIM_OC1Init                            0x08003130   Section        0  stm32f10x_tim.o(i.TIM_OC1Init)
    i.TIM_OC1PolarityConfig                  0x080031c8   Section        0  stm32f10x_tim.o(i.TIM_OC1PolarityConfig)
    i.TIM_OC2Init                            0x080031dc   Section        0  stm32f10x_tim.o(i.TIM_OC2Init)
    i.TIM_OC2PreloadConfig                   0x08003280   Section        0  stm32f10x_tim.o(i.TIM_OC2PreloadConfig)
    i.TIM_SetAutoreload                      0x0800329a   Section        0  stm32f10x_tim.o(i.TIM_SetAutoreload)
    i.TIM_SetCompare1                        0x0800329e   Section        0  stm32f10x_tim.o(i.TIM_SetCompare1)
    i.TIM_SetCounter                         0x080032a2   Section        0  stm32f10x_tim.o(i.TIM_SetCounter)
    i.TIM_TimeBaseInit                       0x080032a8   Section        0  stm32f10x_tim.o(i.TIM_TimeBaseInit)
    i.Toggle_Power                           0x0800334c   Section        0  key.o(i.Toggle_Power)
    i.USART1_IRQHandler                      0x0800337c   Section        0  usart.o(i.USART1_IRQHandler)
    i.USART_ClearITPendingBit                0x08003420   Section        0  stm32f10x_usart.o(i.USART_ClearITPendingBit)
    i.USART_Cmd                              0x0800343e   Section        0  stm32f10x_usart.o(i.USART_Cmd)
    i.USART_Config                           0x08003458   Section        0  hw_config.o(i.USART_Config)
    i.USART_GetITStatus                      0x0800350c   Section        0  stm32f10x_usart.o(i.USART_GetITStatus)
    i.USART_ITConfig                         0x08003560   Section        0  stm32f10x_usart.o(i.USART_ITConfig)
    i.USART_Init                             0x080035ac   Section        0  stm32f10x_usart.o(i.USART_Init)
    i.USART_ReceiveData                      0x08003684   Section        0  stm32f10x_usart.o(i.USART_ReceiveData)
    i.USART_SendData                         0x0800368e   Section        0  stm32f10x_usart.o(i.USART_SendData)
    i.USBWakeUp_IRQHandler                   0x08003696   Section        0  hw_config.o(i.USBWakeUp_IRQHandler)
    i.USB_Cable_Config                       0x080036a4   Section        0  hw_config.o(i.USB_Cable_Config)
    i.USB_Init                               0x080036ec   Section        0  usb_init.o(i.USB_Init)
    i.USB_Interrupts_Config                  0x08003728   Section        0  hw_config.o(i.USB_Interrupts_Config)
    i.USB_Istr                               0x0800377c   Section        0  usb_istr.o(i.USB_Istr)
    i.USB_LP_CAN1_RX0_IRQHandler             0x0800394c   Section        0  hw_config.o(i.USB_LP_CAN1_RX0_IRQHandler)
    i.USB_Port_Set                           0x08003954   Section        0  hw_config.o(i.USB_Port_Set)
    i.USB_SIL_Init                           0x080039ac   Section        0  usb_sil.o(i.USB_SIL_Init)
    i.USB_SIL_Read                           0x080039d0   Section        0  usb_sil.o(i.USB_SIL_Read)
    i.USB_To_USART_Send_Data                 0x08003a00   Section        0  hw_config.o(i.USB_To_USART_Send_Data)
    i.USB_USART_SendData                     0x08003a80   Section        0  hw_config.o(i.USB_USART_SendData)
    i.UsageFault_Handler                     0x08003ab0   Section        0  stm32f10x_it.o(i.UsageFault_Handler)
    i.Usb_Init                               0x08003ab4   Section        0  main.o(i.Usb_Init)
    i.UserToPMABufferCopy                    0x08003ad8   Section        0  usb_mem.o(i.UserToPMABufferCopy)
    i.Virtual_Com_Port_Data_Setup            0x08003b10   Section        0  usb_prop.o(i.Virtual_Com_Port_Data_Setup)
    i.Virtual_Com_Port_GetConfigDescriptor   0x08003b74   Section        0  usb_prop.o(i.Virtual_Com_Port_GetConfigDescriptor)
    i.Virtual_Com_Port_GetDeviceDescriptor   0x08003b88   Section        0  usb_prop.o(i.Virtual_Com_Port_GetDeviceDescriptor)
    i.Virtual_Com_Port_GetLineCoding         0x08003b9c   Section        0  usb_prop.o(i.Virtual_Com_Port_GetLineCoding)
    i.Virtual_Com_Port_GetStringDescriptor   0x08003bb8   Section        0  usb_prop.o(i.Virtual_Com_Port_GetStringDescriptor)
    i.Virtual_Com_Port_Get_Interface_Setting 0x08003be0   Section        0  usb_prop.o(i.Virtual_Com_Port_Get_Interface_Setting)
    i.Virtual_Com_Port_NoData_Setup          0x08003bf8   Section        0  usb_prop.o(i.Virtual_Com_Port_NoData_Setup)
    i.Virtual_Com_Port_Reset                 0x08003c20   Section        0  usb_prop.o(i.Virtual_Com_Port_Reset)
    i.Virtual_Com_Port_SetConfiguration      0x08003d08   Section        0  usb_prop.o(i.Virtual_Com_Port_SetConfiguration)
    i.Virtual_Com_Port_SetDeviceAddress      0x08003d20   Section        0  usb_prop.o(i.Virtual_Com_Port_SetDeviceAddress)
    i.Virtual_Com_Port_SetLineCoding         0x08003d2c   Section        0  usb_prop.o(i.Virtual_Com_Port_SetLineCoding)
    i.Virtual_Com_Port_Status_In             0x08003d48   Section        0  usb_prop.o(i.Virtual_Com_Port_Status_In)
    i.Virtual_Com_Port_Status_Out            0x08003d64   Section        0  usb_prop.o(i.Virtual_Com_Port_Status_Out)
    i.Virtual_Com_Port_init                  0x08003d68   Section        0  usb_prop.o(i.Virtual_Com_Port_init)
    i.__0printf$1                            0x08003d90   Section        0  printf1.o(i.__0printf$1)
    i.__0vsprintf                            0x08003db0   Section        0  printfa.o(i.__0vsprintf)
    i.__scatterload_copy                     0x08003dd4   Section       14  handlers.o(i.__scatterload_copy)
    i.__scatterload_null                     0x08003de2   Section        2  handlers.o(i.__scatterload_null)
    i.__scatterload_zeroinit                 0x08003de4   Section       14  handlers.o(i.__scatterload_zeroinit)
    i._fp_digits                             0x08003df4   Section        0  printfa.o(i._fp_digits)
    _fp_digits                               0x08003df5   Thumb Code   366  printfa.o(i._fp_digits)
    i._printf_core                           0x08003f78   Section        0  printf1.o(i._printf_core)
    _printf_core                             0x08003f79   Thumb Code   336  printf1.o(i._printf_core)
    i._printf_core                           0x080040cc   Section        0  printfa.o(i._printf_core)
    _printf_core                             0x080040cd   Thumb Code  1704  printfa.o(i._printf_core)
    i._printf_post_padding                   0x08004780   Section        0  printfa.o(i._printf_post_padding)
    _printf_post_padding                     0x08004781   Thumb Code    36  printfa.o(i._printf_post_padding)
    i._printf_pre_padding                    0x080047a4   Section        0  printfa.o(i._printf_pre_padding)
    _printf_pre_padding                      0x080047a5   Thumb Code    46  printfa.o(i._printf_pre_padding)
    i._sputc                                 0x080047d2   Section        0  printfa.o(i._sputc)
    _sputc                                   0x080047d3   Thumb Code    10  printfa.o(i._sputc)
    i.cleandisp                              0x080047dc   Section        0  lcd_ht1623.o(i.cleandisp)
    i.delay_init                             0x0800483c   Section        0  delay.o(i.delay_init)
    i.delay_ms                               0x08004880   Section        0  delay.o(i.delay_ms)
    i.delay_us                               0x080048cc   Section        0  delay.o(i.delay_us)
    i.disp_All                               0x08004918   Section        0  lcd_ht1623.o(i.disp_All)
    i.fputc                                  0x08004978   Section        0  usart.o(i.fputc)
    i.main                                   0x08004994   Section        0  main.o(i.main)
    i.uart_init                              0x08004ad8   Section        0  usart.o(i.uart_init)
    i.usb_printf                             0x08004b78   Section        0  hw_config.o(i.usb_printf)
    .constdata                               0x08004bb4   Section      177  usb_desc.o(.constdata)
    .data                                    0x20000000   Section        4  stm32f10x_it.o(.data)
    .data                                    0x20000004   Section        4  timer.o(.data)
    .data                                    0x20000008   Section       84  key.o(.data)
    backlightState                           0x20000058   Data           1  key.o(.data)
    soundState                               0x20000059   Data           1  key.o(.data)
    lockState                                0x2000005a   Data           1  key.o(.data)
    powerState                               0x2000005b   Data           1  key.o(.data)
    .data                                    0x2000005c   Section       20  stm32f10x_rcc.o(.data)
    APBAHBPrescTable                         0x2000005c   Data          16  stm32f10x_rcc.o(.data)
    ADCPrescTable                            0x2000006c   Data           4  stm32f10x_rcc.o(.data)
    .data                                    0x20000070   Section       20  system_stm32f10x.o(.data)
    .data                                    0x20000084   Section        4  delay.o(.data)
    fac_us                                   0x20000084   Data           1  delay.o(.data)
    fac_ms                                   0x20000086   Data           2  delay.o(.data)
    .data                                    0x20000088   Section        6  usart.o(.data)
    .data                                    0x2000008e   Section        3  usb_core.o(.data)
    .data                                    0x20000094   Section       20  usb_init.o(.data)
    .data                                    0x200000a8   Section        4  usb_int.o(.data)
    .data                                    0x200000ac   Section        2  hw_config.o(.data)
    .data                                    0x200000ae   Section       26  usb_desc.o(.data)
    .data                                    0x200000c8   Section        4  usb_endp.o(.data)
    FrameCount                               0x200000c8   Data           4  usb_endp.o(.data)
    .data                                    0x200000cc   Section       68  usb_istr.o(.data)
    .data                                    0x20000110   Section      148  usb_prop.o(.data)
    .data                                    0x200001a4   Section       12  usb_pwr.o(.data)
    .bss                                     0x200001b0   Section      160  adc.o(.bss)
    .bss                                     0x20000250   Section       48  lcd_ht1623.o(.bss)
    .bss                                     0x20000280   Section      200  usart.o(.bss)
    .bss                                     0x20000348   Section       28  usb_init.o(.bss)
    .bss                                     0x20000364   Section     1428  hw_config.o(.bss)
    .bss                                     0x200008f8   Section       64  usb_endp.o(.bss)
    .bss                                     0x20000938   Section       32  usb_pwr.o(.bss)
    STACK                                    0x20000958   Section     1024  startup_stm32f10x_hd.o(STACK)

    Global Symbols

    Symbol Name                              Value     Ov Type        Size  Object(Section)

    BuildAttributes$$THM_ISAv4$P$D$K$B$S$PE$A:L22UL41UL21$X:L11$S22US41US21$IEEE1$IW$USESV6$~STKCKD$USESV7$~SHL$OTIME$ROPI$EBA8$MICROLIB$REQ8$PRES8$EABIv2 0x00000000   Number         0  anon$$obj.o ABSOLUTE
    __ARM_use_no_argv                        0x00000000   Number         0  main.o ABSOLUTE
    __use_no_errno                           0x00000000   Number         0  useno.o ABSOLUTE
    __use_no_exception_handling              0x00000000   Number         0  useno.o ABSOLUTE
    __use_no_fp                              0x00000000   Number         0  useno.o ABSOLUTE
    __use_no_heap                            0x00000000   Number         0  useno.o ABSOLUTE
    __use_no_heap_region                     0x00000000   Number         0  useno.o ABSOLUTE
    __use_no_semihosting                     0x00000000   Number         0  useno.o ABSOLUTE
    __use_no_semihosting_swi                 0x00000000   Number         0  useno.o ABSOLUTE
    __use_no_signal_handling                 0x00000000   Number         0  useno.o ABSOLUTE
    _printf_a                                0x00000000   Number         0  stubs.o ABSOLUTE
    _printf_c                                0x00000000   Number         0  stubs.o ABSOLUTE
    _printf_charcount                        0x00000000   Number         0  stubs.o ABSOLUTE
    _printf_d                                0x00000000   Number         0  stubs.o ABSOLUTE
    _printf_e                                0x00000000   Number         0  stubs.o ABSOLUTE
    _printf_f                                0x00000000   Number         0  stubs.o ABSOLUTE
    _printf_flags                            0x00000000   Number         0  stubs.o ABSOLUTE
    _printf_fp_dec                           0x00000000   Number         0  stubs.o ABSOLUTE
    _printf_fp_hex                           0x00000000   Number         0  stubs.o ABSOLUTE
    _printf_g                                0x00000000   Number         0  stubs.o ABSOLUTE
    _printf_i                                0x00000000   Number         0  stubs.o ABSOLUTE
    _printf_int_dec                          0x00000000   Number         0  stubs.o ABSOLUTE
    _printf_l                                0x00000000   Number         0  stubs.o ABSOLUTE
    _printf_lc                               0x00000000   Number         0  stubs.o ABSOLUTE
    _printf_ll                               0x00000000   Number         0  stubs.o ABSOLUTE
    _printf_lld                              0x00000000   Number         0  stubs.o ABSOLUTE
    _printf_lli                              0x00000000   Number         0  stubs.o ABSOLUTE
    _printf_llo                              0x00000000   Number         0  stubs.o ABSOLUTE
    _printf_llu                              0x00000000   Number         0  stubs.o ABSOLUTE
    _printf_llx                              0x00000000   Number         0  stubs.o ABSOLUTE
    _printf_longlong_dec                     0x00000000   Number         0  stubs.o ABSOLUTE
    _printf_longlong_hex                     0x00000000   Number         0  stubs.o ABSOLUTE
    _printf_longlong_oct                     0x00000000   Number         0  stubs.o ABSOLUTE
    _printf_ls                               0x00000000   Number         0  stubs.o ABSOLUTE
    _printf_mbtowc                           0x00000000   Number         0  stubs.o ABSOLUTE
    _printf_n                                0x00000000   Number         0  stubs.o ABSOLUTE
    _printf_o                                0x00000000   Number         0  stubs.o ABSOLUTE
    _printf_p                                0x00000000   Number         0  stubs.o ABSOLUTE
    _printf_percent                          0x00000000   Number         0  stubs.o ABSOLUTE
    _printf_pre_padding                      0x00000000   Number         0  stubs.o ABSOLUTE
    _printf_return_value                     0x00000000   Number         0  stubs.o ABSOLUTE
    _printf_s                                0x00000000   Number         0  stubs.o ABSOLUTE
    _printf_sizespec                         0x00000000   Number         0  stubs.o ABSOLUTE
    _printf_str                              0x00000000   Number         0  stubs.o ABSOLUTE
    _printf_truncate_signed                  0x00000000   Number         0  stubs.o ABSOLUTE
    _printf_truncate_unsigned                0x00000000   Number         0  stubs.o ABSOLUTE
    _printf_u                                0x00000000   Number         0  stubs.o ABSOLUTE
    _printf_wc                               0x00000000   Number         0  stubs.o ABSOLUTE
    _printf_wctomb                           0x00000000   Number         0  stubs.o ABSOLUTE
    _printf_widthprec                        0x00000000   Number         0  stubs.o ABSOLUTE
    _printf_x                                0x00000000   Number         0  stubs.o ABSOLUTE
    __arm_fini_                               - Undefined Weak Reference
    __cpp_initialize__aeabi_                  - Undefined Weak Reference
    __cxa_finalize                            - Undefined Weak Reference
    _clock_init                               - Undefined Weak Reference
    _microlib_exit                            - Undefined Weak Reference
    __Vectors_Size                           0x00000130   Number         0  startup_stm32f10x_hd.o ABSOLUTE
    __Vectors                                0x08000000   Data           4  startup_stm32f10x_hd.o(RESET)
    __Vectors_End                            0x08000130   Data           0  startup_stm32f10x_hd.o(RESET)
    __main                                   0x08000131   Thumb Code     0  entry.o(.ARM.Collect$$$$00000000)
    _main_stk                                0x08000131   Thumb Code     0  entry2.o(.ARM.Collect$$$$00000001)
    _main_scatterload                        0x08000135   Thumb Code     0  entry5.o(.ARM.Collect$$$$00000004)
    __main_after_scatterload                 0x08000139   Thumb Code     0  entry5.o(.ARM.Collect$$$$00000004)
    _main_clock                              0x08000139   Thumb Code     0  entry7b.o(.ARM.Collect$$$$00000008)
    _main_cpp_init                           0x08000139   Thumb Code     0  entry8b.o(.ARM.Collect$$$$0000000A)
    _main_init                               0x08000139   Thumb Code     0  entry9a.o(.ARM.Collect$$$$0000000B)
    __rt_lib_shutdown_fini                   0x08000141   Thumb Code     0  entry12b.o(.ARM.Collect$$$$0000000E)
    __rt_final_cpp                           0x08000145   Thumb Code     0  entry10a.o(.ARM.Collect$$$$0000000F)
    __rt_final_exit                          0x08000145   Thumb Code     0  entry11a.o(.ARM.Collect$$$$00000011)
    Reset_Handler                            0x08000149   Thumb Code     8  startup_stm32f10x_hd.o(.text)
    ADC1_2_IRQHandler                        0x08000163   Thumb Code     0  startup_stm32f10x_hd.o(.text)
    ADC3_IRQHandler                          0x08000163   Thumb Code     0  startup_stm32f10x_hd.o(.text)
    CAN1_RX1_IRQHandler                      0x08000163   Thumb Code     0  startup_stm32f10x_hd.o(.text)
    CAN1_SCE_IRQHandler                      0x08000163   Thumb Code     0  startup_stm32f10x_hd.o(.text)
    DMA1_Channel1_IRQHandler                 0x08000163   Thumb Code     0  startup_stm32f10x_hd.o(.text)
    DMA1_Channel2_IRQHandler                 0x08000163   Thumb Code     0  startup_stm32f10x_hd.o(.text)
    DMA1_Channel3_IRQHandler                 0x08000163   Thumb Code     0  startup_stm32f10x_hd.o(.text)
    DMA1_Channel4_IRQHandler                 0x08000163   Thumb Code     0  startup_stm32f10x_hd.o(.text)
    DMA1_Channel5_IRQHandler                 0x08000163   Thumb Code     0  startup_stm32f10x_hd.o(.text)
    DMA1_Channel6_IRQHandler                 0x08000163   Thumb Code     0  startup_stm32f10x_hd.o(.text)
    DMA1_Channel7_IRQHandler                 0x08000163   Thumb Code     0  startup_stm32f10x_hd.o(.text)
    DMA2_Channel1_IRQHandler                 0x08000163   Thumb Code     0  startup_stm32f10x_hd.o(.text)
    DMA2_Channel2_IRQHandler                 0x08000163   Thumb Code     0  startup_stm32f10x_hd.o(.text)
    DMA2_Channel3_IRQHandler                 0x08000163   Thumb Code     0  startup_stm32f10x_hd.o(.text)
    DMA2_Channel4_5_IRQHandler               0x08000163   Thumb Code     0  startup_stm32f10x_hd.o(.text)
    EXTI15_10_IRQHandler                     0x08000163   Thumb Code     0  startup_stm32f10x_hd.o(.text)
    FLASH_IRQHandler                         0x08000163   Thumb Code     0  startup_stm32f10x_hd.o(.text)
    FSMC_IRQHandler                          0x08000163   Thumb Code     0  startup_stm32f10x_hd.o(.text)
    I2C1_ER_IRQHandler                       0x08000163   Thumb Code     0  startup_stm32f10x_hd.o(.text)
    I2C1_EV_IRQHandler                       0x08000163   Thumb Code     0  startup_stm32f10x_hd.o(.text)
    I2C2_ER_IRQHandler                       0x08000163   Thumb Code     0  startup_stm32f10x_hd.o(.text)
    I2C2_EV_IRQHandler                       0x08000163   Thumb Code     0  startup_stm32f10x_hd.o(.text)
    PVD_IRQHandler                           0x08000163   Thumb Code     0  startup_stm32f10x_hd.o(.text)
    RCC_IRQHandler                           0x08000163   Thumb Code     0  startup_stm32f10x_hd.o(.text)
    RTCAlarm_IRQHandler                      0x08000163   Thumb Code     0  startup_stm32f10x_hd.o(.text)
    RTC_IRQHandler                           0x08000163   Thumb Code     0  startup_stm32f10x_hd.o(.text)
    SDIO_IRQHandler                          0x08000163   Thumb Code     0  startup_stm32f10x_hd.o(.text)
    SPI1_IRQHandler                          0x08000163   Thumb Code     0  startup_stm32f10x_hd.o(.text)
    SPI2_IRQHandler                          0x08000163   Thumb Code     0  startup_stm32f10x_hd.o(.text)
    SPI3_IRQHandler                          0x08000163   Thumb Code     0  startup_stm32f10x_hd.o(.text)
    TAMPER_IRQHandler                        0x08000163   Thumb Code     0  startup_stm32f10x_hd.o(.text)
    TIM1_BRK_IRQHandler                      0x08000163   Thumb Code     0  startup_stm32f10x_hd.o(.text)
    TIM1_CC_IRQHandler                       0x08000163   Thumb Code     0  startup_stm32f10x_hd.o(.text)
    TIM1_TRG_COM_IRQHandler                  0x08000163   Thumb Code     0  startup_stm32f10x_hd.o(.text)
    TIM1_UP_IRQHandler                       0x08000163   Thumb Code     0  startup_stm32f10x_hd.o(.text)
    TIM2_IRQHandler                          0x08000163   Thumb Code     0  startup_stm32f10x_hd.o(.text)
    TIM4_IRQHandler                          0x08000163   Thumb Code     0  startup_stm32f10x_hd.o(.text)
    TIM6_IRQHandler                          0x08000163   Thumb Code     0  startup_stm32f10x_hd.o(.text)
    TIM7_IRQHandler                          0x08000163   Thumb Code     0  startup_stm32f10x_hd.o(.text)
    TIM8_BRK_IRQHandler                      0x08000163   Thumb Code     0  startup_stm32f10x_hd.o(.text)
    TIM8_CC_IRQHandler                       0x08000163   Thumb Code     0  startup_stm32f10x_hd.o(.text)
    TIM8_TRG_COM_IRQHandler                  0x08000163   Thumb Code     0  startup_stm32f10x_hd.o(.text)
    TIM8_UP_IRQHandler                       0x08000163   Thumb Code     0  startup_stm32f10x_hd.o(.text)
    UART4_IRQHandler                         0x08000163   Thumb Code     0  startup_stm32f10x_hd.o(.text)
    UART5_IRQHandler                         0x08000163   Thumb Code     0  startup_stm32f10x_hd.o(.text)
    USART2_IRQHandler                        0x08000163   Thumb Code     0  startup_stm32f10x_hd.o(.text)
    USART3_IRQHandler                        0x08000163   Thumb Code     0  startup_stm32f10x_hd.o(.text)
    USB_HP_CAN1_TX_IRQHandler                0x08000163   Thumb Code     0  startup_stm32f10x_hd.o(.text)
    WWDG_IRQHandler                          0x08000163   Thumb Code     0  startup_stm32f10x_hd.o(.text)
    strlen                                   0x0800016d   Thumb Code    14  strlen.o(.text)
    __aeabi_dmul                             0x0800017b   Thumb Code   228  dmul.o(.text)
    __aeabi_ddiv                             0x0800025f   Thumb Code   222  ddiv.o(.text)
    __aeabi_uidiv                            0x0800033d   Thumb Code     0  uidiv.o(.text)
    __aeabi_uidivmod                         0x0800033d   Thumb Code    44  uidiv.o(.text)
    __aeabi_uldivmod                         0x08000369   Thumb Code    98  uldiv.o(.text)
    __I$use$fp                               0x080003cb   Thumb Code     0  iusefp.o(.text)
    _double_round                            0x080003cb   Thumb Code    30  depilogue.o(.text)
    _double_epilogue                         0x080003e9   Thumb Code   156  depilogue.o(.text)
    __aeabi_dadd                             0x08000485   Thumb Code   322  dadd.o(.text)
    __aeabi_dsub                             0x080005c7   Thumb Code     6  dadd.o(.text)
    __aeabi_drsub                            0x080005cd   Thumb Code     6  dadd.o(.text)
    __aeabi_d2ulz                            0x080005d3   Thumb Code    48  dfixul.o(.text)
    __aeabi_cdrcmple                         0x08000605   Thumb Code    48  cdrcmple.o(.text)
    __scatterload                            0x08000635   Thumb Code    28  init.o(.text)
    __scatterload_rt2                        0x08000635   Thumb Code     0  init.o(.text)
    __aeabi_llsl                             0x08000659   Thumb Code    30  llshl.o(.text)
    _ll_shift_l                              0x08000659   Thumb Code     0  llshl.o(.text)
    __aeabi_llsr                             0x08000677   Thumb Code    32  llushr.o(.text)
    _ll_ushift_r                             0x08000677   Thumb Code     0  llushr.o(.text)
    __aeabi_lasr                             0x08000697   Thumb Code    36  llsshr.o(.text)
    _ll_sshift_r                             0x08000697   Thumb Code     0  llsshr.o(.text)
    __decompress                             0x080006bb   Thumb Code     0  __dczerorl2.o(.text)
    __decompress1                            0x080006bb   Thumb Code    86  __dczerorl2.o(.text)
    ADC1_Init                                0x08000711   Thumb Code   298  adc.o(i.ADC1_Init)
    ADC_Cmd                                  0x0800084d   Thumb Code    22  stm32f10x_adc.o(i.ADC_Cmd)
    ADC_DMACmd                               0x08000863   Thumb Code    22  stm32f10x_adc.o(i.ADC_DMACmd)
    ADC_GetCalibrationStatus                 0x08000879   Thumb Code    20  stm32f10x_adc.o(i.ADC_GetCalibrationStatus)
    ADC_GetResetCalibrationStatus            0x0800088d   Thumb Code    20  stm32f10x_adc.o(i.ADC_GetResetCalibrationStatus)
    ADC_Init                                 0x080008a1   Thumb Code    70  stm32f10x_adc.o(i.ADC_Init)
    ADC_RegularChannelConfig                 0x080008f1   Thumb Code   184  stm32f10x_adc.o(i.ADC_RegularChannelConfig)
    ADC_ResetCalibration                     0x080009a9   Thumb Code    10  stm32f10x_adc.o(i.ADC_ResetCalibration)
    ADC_SoftwareStartConvCmd                 0x080009b3   Thumb Code    22  stm32f10x_adc.o(i.ADC_SoftwareStartConvCmd)
    ADC_StartCalibration                     0x080009c9   Thumb Code    10  stm32f10x_adc.o(i.ADC_StartCalibration)
    BusFault_Handler                         0x080009d3   Thumb Code     4  stm32f10x_it.o(i.BusFault_Handler)
    Button_Debounce                          0x080009d9   Thumb Code   492  key.o(i.Button_Debounce)
    Button_Init                              0x08000c95   Thumb Code   220  key.o(i.Button_Init)
    Buzzer_Init                              0x08000d79   Thumb Code   144  buzzer.o(i.Buzzer_Init)
    Buzzer_Off                               0x08000e11   Thumb Code    14  buzzer.o(i.Buzzer_Off)
    Buzzer_On                                0x08000e1f   Thumb Code    14  buzzer.o(i.Buzzer_On)
    Buzzer_SetFrequency                      0x08000e2d   Thumb Code    54  buzzer.o(i.Buzzer_SetFrequency)
    ByteSwap                                 0x08000e69   Thumb Code    12  usb_regs.o(i.ByteSwap)
    Bz_Key                                   0x08000e75   Thumb Code    44  buzzer.o(i.Bz_Key)
    CTR_LP                                   0x08000ea1   Thumb Code   616  usb_int.o(i.CTR_LP)
    ClearDTOG_RX                             0x08001129   Thumb Code    48  usb_regs.o(i.ClearDTOG_RX)
    ClearDTOG_TX                             0x0800115d   Thumb Code    48  usb_regs.o(i.ClearDTOG_TX)
    Clear_Status_Out                         0x08001191   Thumb Code    34  usb_regs.o(i.Clear_Status_Out)
    DMA_Cmd                                  0x080011b9   Thumb Code    24  stm32f10x_dma.o(i.DMA_Cmd)
    DMA_DeInit                               0x080011d1   Thumb Code   324  stm32f10x_dma.o(i.DMA_DeInit)
    DMA_Init                                 0x0800131d   Thumb Code    60  stm32f10x_dma.o(i.DMA_Init)
    DebugMon_Handler                         0x0800176d   Thumb Code     2  stm32f10x_it.o(i.DebugMon_Handler)
    EP1_IN_Callback                          0x08001771   Thumb Code   138  usb_endp.o(i.EP1_IN_Callback)
    EP3_OUT_Callback                         0x08001801   Thumb Code    28  usb_endp.o(i.EP3_OUT_Callback)
    EXTI0_IRQHandler                         0x08001821   Thumb Code    44  key.o(i.EXTI0_IRQHandler)
    EXTI1_IRQHandler                         0x0800186d   Thumb Code    44  key.o(i.EXTI1_IRQHandler)
    EXTI2_IRQHandler                         0x080018b5   Thumb Code    48  key.o(i.EXTI2_IRQHandler)
    EXTI3_IRQHandler                         0x08001905   Thumb Code    48  key.o(i.EXTI3_IRQHandler)
    EXTI4_IRQHandler                         0x08001955   Thumb Code    44  key.o(i.EXTI4_IRQHandler)
    EXTI9_5_IRQHandler                       0x080019a1   Thumb Code    44  key.o(i.EXTI9_5_IRQHandler)
    EXTI_ClearITPendingBit                   0x080019ed   Thumb Code     6  stm32f10x_exti.o(i.EXTI_ClearITPendingBit)
    EXTI_GetITStatus                         0x080019f9   Thumb Code    34  stm32f10x_exti.o(i.EXTI_GetITStatus)
    EXTI_Init                                0x08001a21   Thumb Code   142  stm32f10x_exti.o(i.EXTI_Init)
    Enter_LowPowerMode                       0x08001ab5   Thumb Code    16  hw_config.o(i.Enter_LowPowerMode)
    GPIO_EXTILineConfig                      0x08001ae5   Thumb Code    60  stm32f10x_gpio.o(i.GPIO_EXTILineConfig)
    GPIO_Init                                0x08001b25   Thumb Code   278  stm32f10x_gpio.o(i.GPIO_Init)
    GPIO_PinRemapConfig                      0x08001c3d   Thumb Code   138  stm32f10x_gpio.o(i.GPIO_PinRemapConfig)
    GPIO_ReadInputDataBit                    0x08001ccd   Thumb Code    18  stm32f10x_gpio.o(i.GPIO_ReadInputDataBit)
    GPIO_ResetBits                           0x08001cdf   Thumb Code     4  stm32f10x_gpio.o(i.GPIO_ResetBits)
    GPIO_SetBits                             0x08001ce3   Thumb Code     4  stm32f10x_gpio.o(i.GPIO_SetBits)
    GetEPRxAddr                              0x08001ce9   Thumb Code    24  usb_regs.o(i.GetEPRxAddr)
    GetEPRxCount                             0x08001d09   Thumb Code    26  usb_regs.o(i.GetEPRxCount)
    GetEPTxAddr                              0x08001d2d   Thumb Code    22  usb_regs.o(i.GetEPTxAddr)
    Get_SerialNum                            0x08001d4d   Thumb Code    42  hw_config.o(i.Get_SerialNum)
    HT1623_SendBit_H                         0x08001d81   Thumb Code    84  lcd_ht1623.o(i.HT1623_SendBit_H)
    HT1623_SendBit_L                         0x08001dd9   Thumb Code    82  lcd_ht1623.o(i.HT1623_SendBit_L)
    HardFault_Handler                        0x08001e31   Thumb Code     4  stm32f10x_it.o(i.HardFault_Handler)
    In0_Process                              0x08001e35   Thumb Code    98  usb_core.o(i.In0_Process)
    IntToUnicode                             0x08001ea5   Thumb Code    62  hw_config.o(i.IntToUnicode)
    LCD_CLOSE                                0x08001ee5   Thumb Code    24  lcd_ht1623.o(i.LCD_CLOSE)
    LCD_GpioInit                             0x08001f01   Thumb Code    84  lcd_ht1623.o(i.LCD_GpioInit)
    LCD_Init                                 0x08001f59   Thumb Code    24  lcd_ht1623.o(i.LCD_Init)
    Leave_LowPowerMode                       0x08001f75   Thumb Code    30  hw_config.o(i.Leave_LowPowerMode)
    Mcu_Init                                 0x08001fb5   Thumb Code    48  main.o(i.Mcu_Init)
    MemManage_Handler                        0x08001fe5   Thumb Code     4  stm32f10x_it.o(i.MemManage_Handler)
    NMI_Handler                              0x08001fe9   Thumb Code     2  stm32f10x_it.o(i.NMI_Handler)
    NOP_Process                              0x08001feb   Thumb Code     2  usb_core.o(i.NOP_Process)
    NVIC_Configuration                       0x08001fed   Thumb Code    12  sys.o(i.NVIC_Configuration)
    NVIC_Init                                0x08001ff9   Thumb Code   100  misc.o(i.NVIC_Init)
    NVIC_PriorityGroupConfig                 0x08002069   Thumb Code    10  misc.o(i.NVIC_PriorityGroupConfig)
    One_Backlight                            0x080021b5   Thumb Code    62  lcd_ht1623.o(i.One_Backlight)
    Out0_Process                             0x080021fd   Thumb Code    70  usb_core.o(i.Out0_Process)
    PMAToUserBufferCopy                      0x0800224d   Thumb Code    34  usb_mem.o(i.PMAToUserBufferCopy)
    PendSV_Handler                           0x08002275   Thumb Code     2  stm32f10x_it.o(i.PendSV_Handler)
    Post0_Process                            0x08002279   Thumb Code    54  usb_core.o(i.Post0_Process)
    PowerOn                                  0x080022c1   Thumb Code    54  usb_pwr.o(i.PowerOn)
    RCC_ADCCLKConfig                         0x08002301   Thumb Code    18  stm32f10x_rcc.o(i.RCC_ADCCLKConfig)
    RCC_AHBPeriphClockCmd                    0x08002319   Thumb Code    26  stm32f10x_rcc.o(i.RCC_AHBPeriphClockCmd)
    RCC_APB1PeriphClockCmd                   0x08002339   Thumb Code    26  stm32f10x_rcc.o(i.RCC_APB1PeriphClockCmd)
    RCC_APB2PeriphClockCmd                   0x08002359   Thumb Code    26  stm32f10x_rcc.o(i.RCC_APB2PeriphClockCmd)
    RCC_GetClocksFreq                        0x08002379   Thumb Code   192  stm32f10x_rcc.o(i.RCC_GetClocksFreq)
    RCC_USBCLKConfig                         0x0800244d   Thumb Code     6  stm32f10x_rcc.o(i.RCC_USBCLKConfig)
    Resume                                   0x08002459   Thumb Code   194  usb_pwr.o(i.Resume)
    Resume_Init                              0x08002529   Thumb Code    30  usb_pwr.o(i.Resume_Init)
    SOF_Callback                             0x0800254d   Thumb Code    38  usb_endp.o(i.SOF_Callback)
    SVC_Handler                              0x0800257d   Thumb Code     2  stm32f10x_it.o(i.SVC_Handler)
    SendCmd                                  0x08002581   Thumb Code    42  lcd_ht1623.o(i.SendCmd)
    SetBTABLE                                0x080025b1   Thumb Code    12  usb_regs.o(i.SetBTABLE)
    SetDeviceAddress                         0x080025c1   Thumb Code    68  usb_core.o(i.SetDeviceAddress)
    SetEPRxAddr                              0x08002611   Thumb Code    26  usb_regs.o(i.SetEPRxAddr)
    SetEPRxCount                             0x08002635   Thumb Code    68  usb_regs.o(i.SetEPRxCount)
    SetEPRxStatus                            0x08002681   Thumb Code    60  usb_regs.o(i.SetEPRxStatus)
    SetEPRxValid                             0x080026c1   Thumb Code    48  usb_regs.o(i.SetEPRxValid)
    SetEPTxAddr                              0x080026f5   Thumb Code    24  usb_regs.o(i.SetEPTxAddr)
    SetEPTxCount                             0x08002715   Thumb Code    20  usb_regs.o(i.SetEPTxCount)
    SetEPTxStatus                            0x08002731   Thumb Code    60  usb_regs.o(i.SetEPTxStatus)
    SetEPTxValid                             0x08002771   Thumb Code    48  usb_regs.o(i.SetEPTxValid)
    SetEPType                                0x080027a5   Thumb Code    32  usb_regs.o(i.SetEPType)
    Set_USBClock                             0x080028b1   Thumb Code    18  hw_config.o(i.Set_USBClock)
    Setup0_Process                           0x080028c5   Thumb Code   170  usb_core.o(i.Setup0_Process)
    Standard_ClearFeature                    0x0800297d   Thumb Code   342  usb_core.o(i.Standard_ClearFeature)
    Standard_GetConfiguration                0x08002ae9   Thumb Code    34  usb_core.o(i.Standard_GetConfiguration)
    Standard_GetDescriptorData               0x08002b15   Thumb Code    32  usb_core.o(i.Standard_GetDescriptorData)
    Standard_GetInterface                    0x08002b39   Thumb Code    34  usb_core.o(i.Standard_GetInterface)
    Standard_GetStatus                       0x08002b65   Thumb Code   238  usb_core.o(i.Standard_GetStatus)
    Standard_SetConfiguration                0x08002c65   Thumb Code    60  usb_core.o(i.Standard_SetConfiguration)
    Standard_SetDeviceFeature                0x08002cad   Thumb Code    30  usb_core.o(i.Standard_SetDeviceFeature)
    Standard_SetEndPointFeature              0x08002cd5   Thumb Code   192  usb_core.o(i.Standard_SetEndPointFeature)
    Standard_SetInterface                    0x08002da5   Thumb Code    96  usb_core.o(i.Standard_SetInterface)
    Suspend                                  0x08002e11   Thumb Code   142  usb_pwr.o(i.Suspend)
    SysTick_CLKSourceConfig                  0x08002ead   Thumb Code    40  misc.o(i.SysTick_CLKSourceConfig)
    SysTick_Handler                          0x08002ed5   Thumb Code    12  stm32f10x_it.o(i.SysTick_Handler)
    SystemInit                               0x08002ee5   Thumb Code    78  system_stm32f10x.o(i.SystemInit)
    TIM2_Backlight_PWM_Init                  0x08002f45   Thumb Code   148  timer.o(i.TIM2_Backlight_PWM_Init)
    TIM3_IRQHandler                          0x08002fe1   Thumb Code    38  timer.o(i.TIM3_IRQHandler)
    TIM5_IRQHandler                          0x08003011   Thumb Code   178  timer.o(i.TIM5_IRQHandler)
    TIM_ARRPreloadConfig                     0x080030d1   Thumb Code    24  stm32f10x_tim.o(i.TIM_ARRPreloadConfig)
    TIM_ClearITPendingBit                    0x080030e9   Thumb Code     6  stm32f10x_tim.o(i.TIM_ClearITPendingBit)
    TIM_Cmd                                  0x080030ef   Thumb Code    24  stm32f10x_tim.o(i.TIM_Cmd)
    TIM_GetCapture1                          0x08003107   Thumb Code     6  stm32f10x_tim.o(i.TIM_GetCapture1)
    TIM_GetITStatus                          0x0800310d   Thumb Code    34  stm32f10x_tim.o(i.TIM_GetITStatus)
    TIM_OC1Init                              0x08003131   Thumb Code   132  stm32f10x_tim.o(i.TIM_OC1Init)
    TIM_OC1PolarityConfig                    0x080031c9   Thumb Code    18  stm32f10x_tim.o(i.TIM_OC1PolarityConfig)
    TIM_OC2Init                              0x080031dd   Thumb Code   154  stm32f10x_tim.o(i.TIM_OC2Init)
    TIM_OC2PreloadConfig                     0x08003281   Thumb Code    26  stm32f10x_tim.o(i.TIM_OC2PreloadConfig)
    TIM_SetAutoreload                        0x0800329b   Thumb Code     4  stm32f10x_tim.o(i.TIM_SetAutoreload)
    TIM_SetCompare1                          0x0800329f   Thumb Code     4  stm32f10x_tim.o(i.TIM_SetCompare1)
    TIM_SetCounter                           0x080032a3   Thumb Code     4  stm32f10x_tim.o(i.TIM_SetCounter)
    TIM_TimeBaseInit                         0x080032a9   Thumb Code   122  stm32f10x_tim.o(i.TIM_TimeBaseInit)
    Toggle_Power                             0x0800334d   Thumb Code    40  key.o(i.Toggle_Power)
    USART1_IRQHandler                        0x0800337d   Thumb Code   150  usart.o(i.USART1_IRQHandler)
    USART_ClearITPendingBit                  0x08003421   Thumb Code    30  stm32f10x_usart.o(i.USART_ClearITPendingBit)
    USART_Cmd                                0x0800343f   Thumb Code    24  stm32f10x_usart.o(i.USART_Cmd)
    USART_Config                             0x08003459   Thumb Code    62  hw_config.o(i.USART_Config)
    USART_GetITStatus                        0x0800350d   Thumb Code    84  stm32f10x_usart.o(i.USART_GetITStatus)
    USART_ITConfig                           0x08003561   Thumb Code    74  stm32f10x_usart.o(i.USART_ITConfig)
    USART_Init                               0x080035ad   Thumb Code   210  stm32f10x_usart.o(i.USART_Init)
    USART_ReceiveData                        0x08003685   Thumb Code    10  stm32f10x_usart.o(i.USART_ReceiveData)
    USART_SendData                           0x0800368f   Thumb Code     8  stm32f10x_usart.o(i.USART_SendData)
    USBWakeUp_IRQHandler                     0x08003697   Thumb Code    12  hw_config.o(i.USBWakeUp_IRQHandler)
    USB_Cable_Config                         0x080036a5   Thumb Code    22  hw_config.o(i.USB_Cable_Config)
    USB_Init                                 0x080036ed   Thumb Code    36  usb_init.o(i.USB_Init)
    USB_Interrupts_Config                    0x08003729   Thumb Code    84  hw_config.o(i.USB_Interrupts_Config)
    USB_Istr                                 0x0800377d   Thumb Code   426  usb_istr.o(i.USB_Istr)
    USB_LP_CAN1_RX0_IRQHandler               0x0800394d   Thumb Code     8  hw_config.o(i.USB_LP_CAN1_RX0_IRQHandler)
    USB_Port_Set                             0x08003955   Thumb Code    74  hw_config.o(i.USB_Port_Set)
    USB_SIL_Init                             0x080039ad   Thumb Code    28  usb_sil.o(i.USB_SIL_Init)
    USB_SIL_Read                             0x080039d1   Thumb Code    46  usb_sil.o(i.USB_SIL_Read)
    USB_To_USART_Send_Data                   0x08003a01   Thumb Code   120  hw_config.o(i.USB_To_USART_Send_Data)
    USB_USART_SendData                       0x08003a81   Thumb Code    42  hw_config.o(i.USB_USART_SendData)
    UsageFault_Handler                       0x08003ab1   Thumb Code     4  stm32f10x_it.o(i.UsageFault_Handler)
    Usb_Init                                 0x08003ab5   Thumb Code    36  main.o(i.Usb_Init)
    UserToPMABufferCopy                      0x08003ad9   Thumb Code    52  usb_mem.o(i.UserToPMABufferCopy)
    Virtual_Com_Port_Data_Setup              0x08003b11   Thumb Code    82  usb_prop.o(i.Virtual_Com_Port_Data_Setup)
    Virtual_Com_Port_GetConfigDescriptor     0x08003b75   Thumb Code    14  usb_prop.o(i.Virtual_Com_Port_GetConfigDescriptor)
    Virtual_Com_Port_GetDeviceDescriptor     0x08003b89   Thumb Code    14  usb_prop.o(i.Virtual_Com_Port_GetDeviceDescriptor)
    Virtual_Com_Port_GetLineCoding           0x08003b9d   Thumb Code    20  usb_prop.o(i.Virtual_Com_Port_GetLineCoding)
    Virtual_Com_Port_GetStringDescriptor     0x08003bb9   Thumb Code    32  usb_prop.o(i.Virtual_Com_Port_GetStringDescriptor)
    Virtual_Com_Port_Get_Interface_Setting   0x08003be1   Thumb Code    22  usb_prop.o(i.Virtual_Com_Port_Get_Interface_Setting)
    Virtual_Com_Port_NoData_Setup            0x08003bf9   Thumb Code    36  usb_prop.o(i.Virtual_Com_Port_NoData_Setup)
    Virtual_Com_Port_Reset                   0x08003c21   Thumb Code   216  usb_prop.o(i.Virtual_Com_Port_Reset)
    Virtual_Com_Port_SetConfiguration        0x08003d09   Thumb Code    14  usb_prop.o(i.Virtual_Com_Port_SetConfiguration)
    Virtual_Com_Port_SetDeviceAddress        0x08003d21   Thumb Code     8  usb_prop.o(i.Virtual_Com_Port_SetDeviceAddress)
    Virtual_Com_Port_SetLineCoding           0x08003d2d   Thumb Code    20  usb_prop.o(i.Virtual_Com_Port_SetLineCoding)
    Virtual_Com_Port_Status_In               0x08003d49   Thumb Code    22  usb_prop.o(i.Virtual_Com_Port_Status_In)
    Virtual_Com_Port_Status_Out              0x08003d65   Thumb Code     2  usb_prop.o(i.Virtual_Com_Port_Status_Out)
    Virtual_Com_Port_init                    0x08003d69   Thumb Code    30  usb_prop.o(i.Virtual_Com_Port_init)
    __0printf$1                              0x08003d91   Thumb Code    22  printf1.o(i.__0printf$1)
    __1printf$1                              0x08003d91   Thumb Code     0  printf1.o(i.__0printf$1)
    __2printf                                0x08003d91   Thumb Code     0  printf1.o(i.__0printf$1)
    __0vsprintf                              0x08003db1   Thumb Code    30  printfa.o(i.__0vsprintf)
    __1vsprintf                              0x08003db1   Thumb Code     0  printfa.o(i.__0vsprintf)
    __2vsprintf                              0x08003db1   Thumb Code     0  printfa.o(i.__0vsprintf)
    __c89vsprintf                            0x08003db1   Thumb Code     0  printfa.o(i.__0vsprintf)
    vsprintf                                 0x08003db1   Thumb Code     0  printfa.o(i.__0vsprintf)
    __scatterload_copy                       0x08003dd5   Thumb Code    14  handlers.o(i.__scatterload_copy)
    __scatterload_null                       0x08003de3   Thumb Code     2  handlers.o(i.__scatterload_null)
    __scatterload_zeroinit                   0x08003de5   Thumb Code    14  handlers.o(i.__scatterload_zeroinit)
    cleandisp                                0x080047dd   Thumb Code    86  lcd_ht1623.o(i.cleandisp)
    delay_init                               0x0800483d   Thumb Code    50  delay.o(i.delay_init)
    delay_ms                                 0x08004881   Thumb Code    72  delay.o(i.delay_ms)
    delay_us                                 0x080048cd   Thumb Code    72  delay.o(i.delay_us)
    disp_All                                 0x08004919   Thumb Code    86  lcd_ht1623.o(i.disp_All)
    fputc                                    0x08004979   Thumb Code    24  usart.o(i.fputc)
    main                                     0x08004995   Thumb Code   166  main.o(i.main)
    uart_init                                0x08004ad9   Thumb Code   152  usart.o(i.uart_init)
    usb_printf                               0x08004b79   Thumb Code    56  hw_config.o(i.usb_printf)
    Virtual_Com_Port_DeviceDescriptor        0x08004bb4   Data          18  usb_desc.o(.constdata)
    Virtual_Com_Port_ConfigDescriptor        0x08004bc6   Data          67  usb_desc.o(.constdata)
    Virtual_Com_Port_StringLangID            0x08004c09   Data           4  usb_desc.o(.constdata)
    Virtual_Com_Port_StringVendor            0x08004c0d   Data          38  usb_desc.o(.constdata)
    Virtual_Com_Port_StringProduct           0x08004c33   Data          50  usb_desc.o(.constdata)
    Region$$Table$$Base                      0x08004c68   Number         0  anon$$obj.o(Region$$Table)
    Region$$Table$$Limit                     0x08004c88   Number         0  anon$$obj.o(Region$$Table)
    systemTicks                              0x20000000   Data           4  stm32f10x_it.o(.data)
    TIM5CH1_CAPTURE_STA                      0x20000004   Data           1  timer.o(.data)
    TIM5CH1_CAPTURE_VAL                      0x20000006   Data           2  timer.o(.data)
    button1State                             0x20000008   Data           1  key.o(.data)
    button2State                             0x20000009   Data           1  key.o(.data)
    button3State                             0x2000000a   Data           1  key.o(.data)
    button4State                             0x2000000b   Data           1  key.o(.data)
    button5State                             0x2000000c   Data           1  key.o(.data)
    button6State                             0x2000000d   Data           1  key.o(.data)
    button1PressTime                         0x20000010   Data           4  key.o(.data)
    button2PressTime                         0x20000014   Data           4  key.o(.data)
    button3PressTime                         0x20000018   Data           4  key.o(.data)
    button4PressTime                         0x2000001c   Data           4  key.o(.data)
    button5PressTime                         0x20000020   Data           4  key.o(.data)
    button6PressTime                         0x20000024   Data           4  key.o(.data)
    button1ReleaseTime                       0x20000028   Data           4  key.o(.data)
    button2ReleaseTime                       0x2000002c   Data           4  key.o(.data)
    button3ReleaseTime                       0x20000030   Data           4  key.o(.data)
    button4ReleaseTime                       0x20000034   Data           4  key.o(.data)
    button5ReleaseTime                       0x20000038   Data           4  key.o(.data)
    button6ReleaseTime                       0x2000003c   Data           4  key.o(.data)
    button1LastClickTime                     0x20000040   Data           4  key.o(.data)
    button2LastClickTime                     0x20000044   Data           4  key.o(.data)
    button3LastClickTime                     0x20000048   Data           4  key.o(.data)
    button4LastClickTime                     0x2000004c   Data           4  key.o(.data)
    button5LastClickTime                     0x20000050   Data           4  key.o(.data)
    button6LastClickTime                     0x20000054   Data           4  key.o(.data)
    SystemCoreClock                          0x20000070   Data           4  system_stm32f10x.o(.data)
    AHBPrescTable                            0x20000074   Data          16  system_stm32f10x.o(.data)
    __stdout                                 0x20000088   Data           4  usart.o(.data)
    USART_RX_STA                             0x2000008c   Data           2  usart.o(.data)
    StatusInfo                               0x2000008e   Data           2  usb_core.o(.data)
    Data_Mul_MaxPacketSize                   0x20000090   Data           1  usb_core.o(.data)
    EPindex                                  0x20000094   Data           1  usb_init.o(.data)
    pInformation                             0x20000098   Data           4  usb_init.o(.data)
    pProperty                                0x2000009c   Data           4  usb_init.o(.data)
    SaveState                                0x200000a0   Data           2  usb_init.o(.data)
    wInterrupt_Mask                          0x200000a2   Data           2  usb_init.o(.data)
    pUser_Standard_Requests                  0x200000a4   Data           4  usb_init.o(.data)
    SaveRState                               0x200000a8   Data           2  usb_int.o(.data)
    SaveTState                               0x200000aa   Data           2  usb_int.o(.data)
    USB_USART_RX_STA                         0x200000ac   Data           2  hw_config.o(.data)
    Virtual_Com_Port_StringSerial            0x200000ae   Data          26  usb_desc.o(.data)
    wIstr                                    0x200000cc   Data           2  usb_istr.o(.data)
    bIntPackSOF                              0x200000ce   Data           1  usb_istr.o(.data)
    esof_counter                             0x200000d0   Data           4  usb_istr.o(.data)
    wCNTR                                    0x200000d4   Data           4  usb_istr.o(.data)
    pEpInt_IN                                0x200000d8   Data          28  usb_istr.o(.data)
    pEpInt_OUT                               0x200000f4   Data          28  usb_istr.o(.data)
    Request                                  0x20000110   Data           1  usb_prop.o(.data)
    linecoding                               0x20000114   Data           8  usb_prop.o(.data)
    Device_Table                             0x2000011c   Data           2  usb_prop.o(.data)
    Device_Property                          0x20000120   Data          48  usb_prop.o(.data)
    User_Standard_Requests                   0x20000150   Data          36  usb_prop.o(.data)
    Device_Descriptor                        0x20000174   Data           8  usb_prop.o(.data)
    Config_Descriptor                        0x2000017c   Data           8  usb_prop.o(.data)
    String_Descriptor                        0x20000184   Data          32  usb_prop.o(.data)
    bDeviceState                             0x200001a4   Data           4  usb_pwr.o(.data)
    fSuspendEnabled                          0x200001a8   Data           1  usb_pwr.o(.data)
    ResumeS                                  0x200001a9   Data           2  usb_pwr.o(.data)
    remotewakeupon                           0x200001ac   Data           4  usb_pwr.o(.data)
    ADC_ConvertedValue                       0x200001b0   Data         160  adc.o(.bss)
    LCD_BUF                                  0x20000250   Data          48  lcd_ht1623.o(.bss)
    USART_RX_BUF                             0x20000280   Data         200  usart.o(.bss)
    Device_Info                              0x20000348   Data          28  usb_init.o(.bss)
    uu_txfifo                                0x20000364   Data        1028  hw_config.o(.bss)
    USART_PRINTF_Buffer                      0x20000768   Data         200  hw_config.o(.bss)
    USB_USART_RX_BUF                         0x20000830   Data         200  hw_config.o(.bss)
    USB_Rx_Buffer                            0x200008f8   Data          64  usb_endp.o(.bss)
    EP                                       0x20000938   Data          32  usb_pwr.o(.bss)
    __initial_sp                             0x20000d58   Data           0  startup_stm32f10x_hd.o(STACK)



==============================================================================

Memory Map of the image

  Image Entry point : 0x08000131

  Load Region LR_IROM1 (Base: 0x08000000, Size: 0x00004e38, Max: 0x00040000, ABSOLUTE, COMPRESSED[0x00004d1c])

    Execution Region ER_IROM1 (Exec base: 0x08000000, Load base: 0x08000000, Size: 0x00004c88, Max: 0x00040000, ABSOLUTE)

    Exec Addr    Load Addr    Size         Type   Attr      Idx    E Section Name        Object

    0x08000000   0x08000000   0x00000130   Data   RO         3851    RESET               startup_stm32f10x_hd.o
    0x08000130   0x08000130   0x00000000   Code   RO         4839  * .ARM.Collect$$$$00000000  mc_w.l(entry.o)
    0x08000130   0x08000130   0x00000004   Code   RO         5123    .ARM.Collect$$$$00000001  mc_w.l(entry2.o)
    0x08000134   0x08000134   0x00000004   Code   RO         5126    .ARM.Collect$$$$00000004  mc_w.l(entry5.o)
    0x08000138   0x08000138   0x00000000   Code   RO         5128    .ARM.Collect$$$$00000008  mc_w.l(entry7b.o)
    0x08000138   0x08000138   0x00000000   Code   RO         5130    .ARM.Collect$$$$0000000A  mc_w.l(entry8b.o)
    0x08000138   0x08000138   0x00000008   Code   RO         5131    .ARM.Collect$$$$0000000B  mc_w.l(entry9a.o)
    0x08000140   0x08000140   0x00000004   Code   RO         5138    .ARM.Collect$$$$0000000E  mc_w.l(entry12b.o)
    0x08000144   0x08000144   0x00000000   Code   RO         5133    .ARM.Collect$$$$0000000F  mc_w.l(entry10a.o)
    0x08000144   0x08000144   0x00000000   Code   RO         5135    .ARM.Collect$$$$00000011  mc_w.l(entry11a.o)
    0x08000144   0x08000144   0x00000004   Code   RO         5124    .ARM.Collect$$$$00002712  mc_w.l(entry2.o)
    0x08000148   0x08000148   0x00000024   Code   RO         3852    .text               startup_stm32f10x_hd.o
    0x0800016c   0x0800016c   0x0000000e   Code   RO         4842    .text               mc_w.l(strlen.o)
    0x0800017a   0x0800017a   0x000000e4   Code   RO         5107    .text               mf_w.l(dmul.o)
    0x0800025e   0x0800025e   0x000000de   Code   RO         5109    .text               mf_w.l(ddiv.o)
    0x0800033c   0x0800033c   0x0000002c   Code   RO         5139    .text               mc_w.l(uidiv.o)
    0x08000368   0x08000368   0x00000062   Code   RO         5141    .text               mc_w.l(uldiv.o)
    0x080003ca   0x080003ca   0x00000000   Code   RO         5143    .text               mc_w.l(iusefp.o)
    0x080003ca   0x080003ca   0x000000ba   Code   RO         5146    .text               mf_w.l(depilogue.o)
    0x08000484   0x08000484   0x0000014e   Code   RO         5148    .text               mf_w.l(dadd.o)
    0x080005d2   0x080005d2   0x00000030   Code   RO         5150    .text               mf_w.l(dfixul.o)
    0x08000602   0x08000602   0x00000002   PAD
    0x08000604   0x08000604   0x00000030   Code   RO         5152    .text               mf_w.l(cdrcmple.o)
    0x08000634   0x08000634   0x00000024   Code   RO         5154    .text               mc_w.l(init.o)
    0x08000658   0x08000658   0x0000001e   Code   RO         5156    .text               mc_w.l(llshl.o)
    0x08000676   0x08000676   0x00000020   Code   RO         5158    .text               mc_w.l(llushr.o)
    0x08000696   0x08000696   0x00000024   Code   RO         5160    .text               mc_w.l(llsshr.o)
    0x080006ba   0x080006ba   0x00000056   Code   RO         5170    .text               mc_w.l(__dczerorl2.o)
    0x08000710   0x08000710   0x0000013c   Code   RO          279    i.ADC1_Init         adc.o
    0x0800084c   0x0800084c   0x00000016   Code   RO          890    i.ADC_Cmd           stm32f10x_adc.o
    0x08000862   0x08000862   0x00000016   Code   RO          891    i.ADC_DMACmd        stm32f10x_adc.o
    0x08000878   0x08000878   0x00000014   Code   RO          898    i.ADC_GetCalibrationStatus  stm32f10x_adc.o
    0x0800088c   0x0800088c   0x00000014   Code   RO          904    i.ADC_GetResetCalibrationStatus  stm32f10x_adc.o
    0x080008a0   0x080008a0   0x00000050   Code   RO          908    i.ADC_Init          stm32f10x_adc.o
    0x080008f0   0x080008f0   0x000000b8   Code   RO          912    i.ADC_RegularChannelConfig  stm32f10x_adc.o
    0x080009a8   0x080009a8   0x0000000a   Code   RO          913    i.ADC_ResetCalibration  stm32f10x_adc.o
    0x080009b2   0x080009b2   0x00000016   Code   RO          915    i.ADC_SoftwareStartConvCmd  stm32f10x_adc.o
    0x080009c8   0x080009c8   0x0000000a   Code   RO          917    i.ADC_StartCalibration  stm32f10x_adc.o
    0x080009d2   0x080009d2   0x00000004   Code   RO          213    i.BusFault_Handler  stm32f10x_it.o
    0x080009d6   0x080009d6   0x00000002   PAD
    0x080009d8   0x080009d8   0x000002bc   Code   RO          464    i.Button_Debounce   key.o
    0x08000c94   0x08000c94   0x000000e4   Code   RO          465    i.Button_Init       key.o
    0x08000d78   0x08000d78   0x00000098   Code   RO          316    i.Buzzer_Init       buzzer.o
    0x08000e10   0x08000e10   0x0000000e   Code   RO          317    i.Buzzer_Off        buzzer.o
    0x08000e1e   0x08000e1e   0x0000000e   Code   RO          318    i.Buzzer_On         buzzer.o
    0x08000e2c   0x08000e2c   0x0000003c   Code   RO          319    i.Buzzer_SetFrequency  buzzer.o
    0x08000e68   0x08000e68   0x0000000c   Code   RO         4133    i.ByteSwap          usb_regs.o
    0x08000e74   0x08000e74   0x0000002c   Code   RO          320    i.Bz_Key            buzzer.o
    0x08000ea0   0x08000ea0   0x00000288   Code   RO         4086    i.CTR_LP            usb_int.o
    0x08001128   0x08001128   0x00000034   Code   RO         4134    i.ClearDTOG_RX      usb_regs.o
    0x0800115c   0x0800115c   0x00000034   Code   RO         4135    i.ClearDTOG_TX      usb_regs.o
    0x08001190   0x08001190   0x00000028   Code   RO         4140    i.Clear_Status_Out  usb_regs.o
    0x080011b8   0x080011b8   0x00000018   Code   RO         1575    i.DMA_Cmd           stm32f10x_dma.o
    0x080011d0   0x080011d0   0x0000014c   Code   RO         1576    i.DMA_DeInit        stm32f10x_dma.o
    0x0800131c   0x0800131c   0x0000003c   Code   RO         1581    i.DMA_Init          stm32f10x_dma.o
    0x08001358   0x08001358   0x000000c0   Code   RO         3936    i.DataStageIn       usb_core.o
    0x08001418   0x08001418   0x000000bc   Code   RO         3937    i.DataStageOut      usb_core.o
    0x080014d4   0x080014d4   0x00000298   Code   RO         3938    i.Data_Setup0       usb_core.o
    0x0800176c   0x0800176c   0x00000002   Code   RO          214    i.DebugMon_Handler  stm32f10x_it.o
    0x0800176e   0x0800176e   0x00000002   PAD
    0x08001770   0x08001770   0x00000090   Code   RO         4649    i.EP1_IN_Callback   usb_endp.o
    0x08001800   0x08001800   0x00000020   Code   RO         4650    i.EP3_OUT_Callback  usb_endp.o
    0x08001820   0x08001820   0x0000004c   Code   RO          473    i.EXTI0_IRQHandler  key.o
    0x0800186c   0x0800186c   0x00000048   Code   RO          474    i.EXTI1_IRQHandler  key.o
    0x080018b4   0x080018b4   0x00000050   Code   RO          475    i.EXTI2_IRQHandler  key.o
    0x08001904   0x08001904   0x00000050   Code   RO          476    i.EXTI3_IRQHandler  key.o
    0x08001954   0x08001954   0x0000004c   Code   RO          477    i.EXTI4_IRQHandler  key.o
    0x080019a0   0x080019a0   0x0000004c   Code   RO          478    i.EXTI9_5_IRQHandler  key.o
    0x080019ec   0x080019ec   0x0000000c   Code   RO         1646    i.EXTI_ClearITPendingBit  stm32f10x_exti.o
    0x080019f8   0x080019f8   0x00000028   Code   RO         1650    i.EXTI_GetITStatus  stm32f10x_exti.o
    0x08001a20   0x08001a20   0x00000094   Code   RO         1651    i.EXTI_Init         stm32f10x_exti.o
    0x08001ab4   0x08001ab4   0x00000030   Code   RO         4517    i.Enter_LowPowerMode  hw_config.o
    0x08001ae4   0x08001ae4   0x00000040   Code   RO         1996    i.GPIO_EXTILineConfig  stm32f10x_gpio.o
    0x08001b24   0x08001b24   0x00000116   Code   RO         1999    i.GPIO_Init         stm32f10x_gpio.o
    0x08001c3a   0x08001c3a   0x00000002   PAD
    0x08001c3c   0x08001c3c   0x00000090   Code   RO         2001    i.GPIO_PinRemapConfig  stm32f10x_gpio.o
    0x08001ccc   0x08001ccc   0x00000012   Code   RO         2003    i.GPIO_ReadInputDataBit  stm32f10x_gpio.o
    0x08001cde   0x08001cde   0x00000004   Code   RO         2006    i.GPIO_ResetBits    stm32f10x_gpio.o
    0x08001ce2   0x08001ce2   0x00000004   Code   RO         2007    i.GPIO_SetBits      stm32f10x_gpio.o
    0x08001ce6   0x08001ce6   0x00000002   PAD
    0x08001ce8   0x08001ce8   0x00000020   Code   RO         4152    i.GetEPRxAddr       usb_regs.o
    0x08001d08   0x08001d08   0x00000024   Code   RO         4153    i.GetEPRxCount      usb_regs.o
    0x08001d2c   0x08001d2c   0x00000020   Code   RO         4155    i.GetEPTxAddr       usb_regs.o
    0x08001d4c   0x08001d4c   0x00000034   Code   RO         4518    i.Get_SerialNum     hw_config.o
    0x08001d80   0x08001d80   0x00000058   Code   RO          691    i.HT1623_SendBit_H  lcd_ht1623.o
    0x08001dd8   0x08001dd8   0x00000058   Code   RO          692    i.HT1623_SendBit_L  lcd_ht1623.o
    0x08001e30   0x08001e30   0x00000004   Code   RO          215    i.HardFault_Handler  stm32f10x_it.o
    0x08001e34   0x08001e34   0x00000070   Code   RO         3939    i.In0_Process       usb_core.o
    0x08001ea4   0x08001ea4   0x0000003e   Code   RO         4519    i.IntToUnicode      hw_config.o
    0x08001ee2   0x08001ee2   0x00000002   PAD
    0x08001ee4   0x08001ee4   0x0000001c   Code   RO          693    i.LCD_CLOSE         lcd_ht1623.o
    0x08001f00   0x08001f00   0x00000058   Code   RO          695    i.LCD_GpioInit      lcd_ht1623.o
    0x08001f58   0x08001f58   0x0000001c   Code   RO          696    i.LCD_Init          lcd_ht1623.o
    0x08001f74   0x08001f74   0x00000040   Code   RO         4520    i.Leave_LowPowerMode  hw_config.o
    0x08001fb4   0x08001fb4   0x00000030   Code   RO            1    i.Mcu_Init          main.o
    0x08001fe4   0x08001fe4   0x00000004   Code   RO          216    i.MemManage_Handler  stm32f10x_it.o
    0x08001fe8   0x08001fe8   0x00000002   Code   RO          217    i.NMI_Handler       stm32f10x_it.o
    0x08001fea   0x08001fea   0x00000002   Code   RO         3940    i.NOP_Process       usb_core.o
    0x08001fec   0x08001fec   0x0000000c   Code   RO         3883    i.NVIC_Configuration  sys.o
    0x08001ff8   0x08001ff8   0x00000070   Code   RO          848    i.NVIC_Init         misc.o
    0x08002068   0x08002068   0x00000014   Code   RO          849    i.NVIC_PriorityGroupConfig  misc.o
    0x0800207c   0x0800207c   0x00000138   Code   RO         3941    i.NoData_Setup0     usb_core.o
    0x080021b4   0x080021b4   0x00000048   Code   RO          697    i.One_Backlight     lcd_ht1623.o
    0x080021fc   0x080021fc   0x00000050   Code   RO         3942    i.Out0_Process      usb_core.o
    0x0800224c   0x0800224c   0x00000028   Code   RO         4115    i.PMAToUserBufferCopy  usb_mem.o
    0x08002274   0x08002274   0x00000002   Code   RO          218    i.PendSV_Handler    stm32f10x_it.o
    0x08002276   0x08002276   0x00000002   PAD
    0x08002278   0x08002278   0x00000048   Code   RO         3943    i.Post0_Process     usb_core.o
    0x080022c0   0x080022c0   0x00000040   Code   RO         4797    i.PowerOn           usb_pwr.o
    0x08002300   0x08002300   0x00000018   Code   RO         2413    i.RCC_ADCCLKConfig  stm32f10x_rcc.o
    0x08002318   0x08002318   0x00000020   Code   RO         2414    i.RCC_AHBPeriphClockCmd  stm32f10x_rcc.o
    0x08002338   0x08002338   0x00000020   Code   RO         2415    i.RCC_APB1PeriphClockCmd  stm32f10x_rcc.o
    0x08002358   0x08002358   0x00000020   Code   RO         2417    i.RCC_APB2PeriphClockCmd  stm32f10x_rcc.o
    0x08002378   0x08002378   0x000000d4   Code   RO         2425    i.RCC_GetClocksFreq  stm32f10x_rcc.o
    0x0800244c   0x0800244c   0x0000000c   Code   RO         2443    i.RCC_USBCLKConfig  stm32f10x_rcc.o
    0x08002458   0x08002458   0x000000d0   Code   RO         4798    i.Resume            usb_pwr.o
    0x08002528   0x08002528   0x00000024   Code   RO         4799    i.Resume_Init       usb_pwr.o
    0x0800254c   0x0800254c   0x00000030   Code   RO         4651    i.SOF_Callback      usb_endp.o
    0x0800257c   0x0800257c   0x00000002   Code   RO          219    i.SVC_Handler       stm32f10x_it.o
    0x0800257e   0x0800257e   0x00000002   PAD
    0x08002580   0x08002580   0x00000030   Code   RO          698    i.SendCmd           lcd_ht1623.o
    0x080025b0   0x080025b0   0x00000010   Code   RO         4163    i.SetBTABLE         usb_regs.o
    0x080025c0   0x080025c0   0x00000050   Code   RO         3944    i.SetDeviceAddress  usb_core.o
    0x08002610   0x08002610   0x00000024   Code   RO         4177    i.SetEPRxAddr       usb_regs.o
    0x08002634   0x08002634   0x0000004c   Code   RO         4178    i.SetEPRxCount      usb_regs.o
    0x08002680   0x08002680   0x00000040   Code   RO         4179    i.SetEPRxStatus     usb_regs.o
    0x080026c0   0x080026c0   0x00000034   Code   RO         4180    i.SetEPRxValid      usb_regs.o
    0x080026f4   0x080026f4   0x00000020   Code   RO         4181    i.SetEPTxAddr       usb_regs.o
    0x08002714   0x08002714   0x0000001c   Code   RO         4182    i.SetEPTxCount      usb_regs.o
    0x08002730   0x08002730   0x00000040   Code   RO         4183    i.SetEPTxStatus     usb_regs.o
    0x08002770   0x08002770   0x00000034   Code   RO         4184    i.SetEPTxValid      usb_regs.o
    0x080027a4   0x080027a4   0x00000024   Code   RO         4185    i.SetEPType         usb_regs.o
    0x080027c8   0x080027c8   0x00000008   Code   RO         3815    i.SetSysClock       system_stm32f10x.o
    0x080027d0   0x080027d0   0x000000e0   Code   RO         3816    i.SetSysClockTo72   system_stm32f10x.o
    0x080028b0   0x080028b0   0x00000012   Code   RO         4521    i.Set_USBClock      hw_config.o
    0x080028c2   0x080028c2   0x00000002   PAD
    0x080028c4   0x080028c4   0x000000b8   Code   RO         3945    i.Setup0_Process    usb_core.o
    0x0800297c   0x0800297c   0x0000016c   Code   RO         3946    i.Standard_ClearFeature  usb_core.o
    0x08002ae8   0x08002ae8   0x0000002c   Code   RO         3947    i.Standard_GetConfiguration  usb_core.o
    0x08002b14   0x08002b14   0x00000024   Code   RO         3948    i.Standard_GetDescriptorData  usb_core.o
    0x08002b38   0x08002b38   0x0000002c   Code   RO         3949    i.Standard_GetInterface  usb_core.o
    0x08002b64   0x08002b64   0x00000100   Code   RO         3950    i.Standard_GetStatus  usb_core.o
    0x08002c64   0x08002c64   0x00000048   Code   RO         3951    i.Standard_SetConfiguration  usb_core.o
    0x08002cac   0x08002cac   0x00000028   Code   RO         3952    i.Standard_SetDeviceFeature  usb_core.o
    0x08002cd4   0x08002cd4   0x000000d0   Code   RO         3953    i.Standard_SetEndPointFeature  usb_core.o
    0x08002da4   0x08002da4   0x0000006c   Code   RO         3954    i.Standard_SetInterface  usb_core.o
    0x08002e10   0x08002e10   0x0000009c   Code   RO         4800    i.Suspend           usb_pwr.o
    0x08002eac   0x08002eac   0x00000028   Code   RO          852    i.SysTick_CLKSourceConfig  misc.o
    0x08002ed4   0x08002ed4   0x00000010   Code   RO          220    i.SysTick_Handler   stm32f10x_it.o
    0x08002ee4   0x08002ee4   0x00000060   Code   RO         3818    i.SystemInit        system_stm32f10x.o
    0x08002f44   0x08002f44   0x0000009c   Code   RO          408    i.TIM2_Backlight_PWM_Init  timer.o
    0x08002fe0   0x08002fe0   0x00000030   Code   RO          409    i.TIM3_IRQHandler   timer.o
    0x08003010   0x08003010   0x000000c0   Code   RO          413    i.TIM5_IRQHandler   timer.o
    0x080030d0   0x080030d0   0x00000018   Code   RO         3037    i.TIM_ARRPreloadConfig  stm32f10x_tim.o
    0x080030e8   0x080030e8   0x00000006   Code   RO         3044    i.TIM_ClearITPendingBit  stm32f10x_tim.o
    0x080030ee   0x080030ee   0x00000018   Code   RO         3049    i.TIM_Cmd           stm32f10x_tim.o
    0x08003106   0x08003106   0x00000006   Code   RO         3064    i.TIM_GetCapture1   stm32f10x_tim.o
    0x0800310c   0x0800310c   0x00000022   Code   RO         3070    i.TIM_GetITStatus   stm32f10x_tim.o
    0x0800312e   0x0800312e   0x00000002   PAD
    0x08003130   0x08003130   0x00000098   Code   RO         3078    i.TIM_OC1Init       stm32f10x_tim.o
    0x080031c8   0x080031c8   0x00000012   Code   RO         3080    i.TIM_OC1PolarityConfig  stm32f10x_tim.o
    0x080031da   0x080031da   0x00000002   PAD
    0x080031dc   0x080031dc   0x000000a4   Code   RO         3083    i.TIM_OC2Init       stm32f10x_tim.o
    0x08003280   0x08003280   0x0000001a   Code   RO         3086    i.TIM_OC2PreloadConfig  stm32f10x_tim.o
    0x0800329a   0x0800329a   0x00000004   Code   RO         3108    i.TIM_SetAutoreload  stm32f10x_tim.o
    0x0800329e   0x0800329e   0x00000004   Code   RO         3110    i.TIM_SetCompare1   stm32f10x_tim.o
    0x080032a2   0x080032a2   0x00000004   Code   RO         3114    i.TIM_SetCounter    stm32f10x_tim.o
    0x080032a6   0x080032a6   0x00000002   PAD
    0x080032a8   0x080032a8   0x000000a4   Code   RO         3120    i.TIM_TimeBaseInit  stm32f10x_tim.o
    0x0800334c   0x0800334c   0x00000030   Code   RO          494    i.Toggle_Power      key.o
    0x0800337c   0x0800337c   0x000000a4   Code   RO         3895    i.USART1_IRQHandler  usart.o
    0x08003420   0x08003420   0x0000001e   Code   RO         3582    i.USART_ClearITPendingBit  stm32f10x_usart.o
    0x0800343e   0x0800343e   0x00000018   Code   RO         3585    i.USART_Cmd         stm32f10x_usart.o
    0x08003456   0x08003456   0x00000002   PAD
    0x08003458   0x08003458   0x000000b4   Code   RO         4522    i.USART_Config      hw_config.o
    0x0800350c   0x0800350c   0x00000054   Code   RO         3589    i.USART_GetITStatus  stm32f10x_usart.o
    0x08003560   0x08003560   0x0000004a   Code   RO         3591    i.USART_ITConfig    stm32f10x_usart.o
    0x080035aa   0x080035aa   0x00000002   PAD
    0x080035ac   0x080035ac   0x000000d8   Code   RO         3592    i.USART_Init        stm32f10x_usart.o
    0x08003684   0x08003684   0x0000000a   Code   RO         3599    i.USART_ReceiveData  stm32f10x_usart.o
    0x0800368e   0x0800368e   0x00000008   Code   RO         3602    i.USART_SendData    stm32f10x_usart.o
    0x08003696   0x08003696   0x0000000c   Code   RO         4523    i.USBWakeUp_IRQHandler  hw_config.o
    0x080036a2   0x080036a2   0x00000002   PAD
    0x080036a4   0x080036a4   0x00000048   Code   RO         4524    i.USB_Cable_Config  hw_config.o
    0x080036ec   0x080036ec   0x0000003c   Code   RO         4062    i.USB_Init          usb_init.o
    0x08003728   0x08003728   0x00000054   Code   RO         4525    i.USB_Interrupts_Config  hw_config.o
    0x0800377c   0x0800377c   0x000001d0   Code   RO         4677    i.USB_Istr          usb_istr.o
    0x0800394c   0x0800394c   0x00000008   Code   RO         4526    i.USB_LP_CAN1_RX0_IRQHandler  hw_config.o
    0x08003954   0x08003954   0x00000058   Code   RO         4527    i.USB_Port_Set      hw_config.o
    0x080039ac   0x080039ac   0x00000024   Code   RO         4493    i.USB_SIL_Init      usb_sil.o
    0x080039d0   0x080039d0   0x0000002e   Code   RO         4494    i.USB_SIL_Read      usb_sil.o
    0x080039fe   0x080039fe   0x00000002   PAD
    0x08003a00   0x08003a00   0x00000080   Code   RO         4528    i.USB_To_USART_Send_Data  hw_config.o
    0x08003a80   0x08003a80   0x00000030   Code   RO         4529    i.USB_USART_SendData  hw_config.o
    0x08003ab0   0x08003ab0   0x00000004   Code   RO          221    i.UsageFault_Handler  stm32f10x_it.o
    0x08003ab4   0x08003ab4   0x00000024   Code   RO            4    i.Usb_Init          main.o
    0x08003ad8   0x08003ad8   0x00000038   Code   RO         4116    i.UserToPMABufferCopy  usb_mem.o
    0x08003b10   0x08003b10   0x00000064   Code   RO         4695    i.Virtual_Com_Port_Data_Setup  usb_prop.o
    0x08003b74   0x08003b74   0x00000014   Code   RO         4696    i.Virtual_Com_Port_GetConfigDescriptor  usb_prop.o
    0x08003b88   0x08003b88   0x00000014   Code   RO         4697    i.Virtual_Com_Port_GetDeviceDescriptor  usb_prop.o
    0x08003b9c   0x08003b9c   0x0000001c   Code   RO         4698    i.Virtual_Com_Port_GetLineCoding  usb_prop.o
    0x08003bb8   0x08003bb8   0x00000028   Code   RO         4699    i.Virtual_Com_Port_GetStringDescriptor  usb_prop.o
    0x08003be0   0x08003be0   0x00000016   Code   RO         4700    i.Virtual_Com_Port_Get_Interface_Setting  usb_prop.o
    0x08003bf6   0x08003bf6   0x00000002   PAD
    0x08003bf8   0x08003bf8   0x00000028   Code   RO         4701    i.Virtual_Com_Port_NoData_Setup  usb_prop.o
    0x08003c20   0x08003c20   0x000000e8   Code   RO         4702    i.Virtual_Com_Port_Reset  usb_prop.o
    0x08003d08   0x08003d08   0x00000018   Code   RO         4703    i.Virtual_Com_Port_SetConfiguration  usb_prop.o
    0x08003d20   0x08003d20   0x0000000c   Code   RO         4704    i.Virtual_Com_Port_SetDeviceAddress  usb_prop.o
    0x08003d2c   0x08003d2c   0x0000001c   Code   RO         4705    i.Virtual_Com_Port_SetLineCoding  usb_prop.o
    0x08003d48   0x08003d48   0x0000001c   Code   RO         4706    i.Virtual_Com_Port_Status_In  usb_prop.o
    0x08003d64   0x08003d64   0x00000002   Code   RO         4707    i.Virtual_Com_Port_Status_Out  usb_prop.o
    0x08003d66   0x08003d66   0x00000002   PAD
    0x08003d68   0x08003d68   0x00000028   Code   RO         4708    i.Virtual_Com_Port_init  usb_prop.o
    0x08003d90   0x08003d90   0x00000020   Code   RO         4889    i.__0printf$1       mc_w.l(printf1.o)
    0x08003db0   0x08003db0   0x00000024   Code   RO         5083    i.__0vsprintf       mc_w.l(printfa.o)
    0x08003dd4   0x08003dd4   0x0000000e   Code   RO         5164    i.__scatterload_copy  mc_w.l(handlers.o)
    0x08003de2   0x08003de2   0x00000002   Code   RO         5165    i.__scatterload_null  mc_w.l(handlers.o)
    0x08003de4   0x08003de4   0x0000000e   Code   RO         5166    i.__scatterload_zeroinit  mc_w.l(handlers.o)
    0x08003df2   0x08003df2   0x00000002   PAD
    0x08003df4   0x08003df4   0x00000184   Code   RO         5084    i._fp_digits        mc_w.l(printfa.o)
    0x08003f78   0x08003f78   0x00000154   Code   RO         4896    i._printf_core      mc_w.l(printf1.o)
    0x080040cc   0x080040cc   0x000006b4   Code   RO         5085    i._printf_core      mc_w.l(printfa.o)
    0x08004780   0x08004780   0x00000024   Code   RO         5086    i._printf_post_padding  mc_w.l(printfa.o)
    0x080047a4   0x080047a4   0x0000002e   Code   RO         5087    i._printf_pre_padding  mc_w.l(printfa.o)
    0x080047d2   0x080047d2   0x0000000a   Code   RO         5089    i._sputc            mc_w.l(printfa.o)
    0x080047dc   0x080047dc   0x00000060   Code   RO          702    i.cleandisp         lcd_ht1623.o
    0x0800483c   0x0800483c   0x00000044   Code   RO         3857    i.delay_init        delay.o
    0x08004880   0x08004880   0x0000004c   Code   RO         3858    i.delay_ms          delay.o
    0x080048cc   0x080048cc   0x0000004c   Code   RO         3859    i.delay_us          delay.o
    0x08004918   0x08004918   0x00000060   Code   RO          705    i.disp_All          lcd_ht1623.o
    0x08004978   0x08004978   0x0000001c   Code   RO         3897    i.fputc             usart.o
    0x08004994   0x08004994   0x00000144   Code   RO            5    i.main              main.o
    0x08004ad8   0x08004ad8   0x000000a0   Code   RO         3898    i.uart_init         usart.o
    0x08004b78   0x08004b78   0x0000003c   Code   RO         4530    i.usb_printf        hw_config.o
    0x08004bb4   0x08004bb4   0x000000b1   Data   RO         4636    .constdata          usb_desc.o
    0x08004c65   0x08004c65   0x00000003   PAD
    0x08004c68   0x08004c68   0x00000020   Data   RO         5162    Region$$Table       anon$$obj.o


    Execution Region RW_IRAM1 (Exec base: 0x20000000, Load base: 0x08004c88, Size: 0x00000d58, Max: 0x0000c000, ABSOLUTE, COMPRESSED[0x00000094])

    Exec Addr    Load Addr    Size         Type   Attr      Idx    E Section Name        Object

    0x20000000   COMPRESSED   0x00000004   Data   RW          222    .data               stm32f10x_it.o
    0x20000004   COMPRESSED   0x00000004   Data   RW          415    .data               timer.o
    0x20000008   COMPRESSED   0x00000054   Data   RW          498    .data               key.o
    0x2000005c   COMPRESSED   0x00000014   Data   RW         2445    .data               stm32f10x_rcc.o
    0x20000070   COMPRESSED   0x00000014   Data   RW         3819    .data               system_stm32f10x.o
    0x20000084   COMPRESSED   0x00000004   Data   RW         3860    .data               delay.o
    0x20000088   COMPRESSED   0x00000006   Data   RW         3900    .data               usart.o
    0x2000008e   COMPRESSED   0x00000003   Data   RW         3955    .data               usb_core.o
    0x20000091   COMPRESSED   0x00000003   PAD
    0x20000094   COMPRESSED   0x00000014   Data   RW         4064    .data               usb_init.o
    0x200000a8   COMPRESSED   0x00000004   Data   RW         4087    .data               usb_int.o
    0x200000ac   COMPRESSED   0x00000002   Data   RW         4532    .data               hw_config.o
    0x200000ae   COMPRESSED   0x0000001a   Data   RW         4637    .data               usb_desc.o
    0x200000c8   COMPRESSED   0x00000004   Data   RW         4653    .data               usb_endp.o
    0x200000cc   COMPRESSED   0x00000044   Data   RW         4678    .data               usb_istr.o
    0x20000110   COMPRESSED   0x00000094   Data   RW         4709    .data               usb_prop.o
    0x200001a4   COMPRESSED   0x0000000c   Data   RW         4802    .data               usb_pwr.o
    0x200001b0        -       0x000000a0   Zero   RW          283    .bss                adc.o
    0x20000250        -       0x00000030   Zero   RW          709    .bss                lcd_ht1623.o
    0x20000280        -       0x000000c8   Zero   RW         3899    .bss                usart.o
    0x20000348        -       0x0000001c   Zero   RW         4063    .bss                usb_init.o
    0x20000364        -       0x00000594   Zero   RW         4531    .bss                hw_config.o
    0x200008f8        -       0x00000040   Zero   RW         4652    .bss                usb_endp.o
    0x20000938        -       0x00000020   Zero   RW         4801    .bss                usb_pwr.o
    0x20000958        -       0x00000400   Zero   RW         3849    STACK               startup_stm32f10x_hd.o


==============================================================================

Image component sizes


      Code (inc. data)   RO Data    RW Data    ZI Data      Debug   Object Name

       316         18          0          0        160       1525   adc.o
       284         14          0          0          0       2774   buzzer.o
       220         26          0          4          0       1855   delay.o
       924        276          0          2       1428      11219   hw_config.o
      1436        412          0         84          0       9006   key.o
       632         58          0          0         48       6487   lcd_ht1623.o
       408        158          0          0          0     279481   main.o
       172         22          0          0          0       2377   misc.o
        36          8        304          0       1024        956   startup_stm32f10x_hd.o
       390         10          0          0          0       8185   stm32f10x_adc.o
       416          8          0          0          0       3742   stm32f10x_dma.o
       200         18          0          0          0       2436   stm32f10x_exti.o
       512         10          0          0          0       5668   stm32f10x_gpio.o
        40          4          0          4          0       4760   stm32f10x_it.o
       344         50          0         20          0       6672   stm32f10x_rcc.o
       630         72          0          0          0       9410   stm32f10x_tim.o
       446          6          0          0          0       6813   stm32f10x_usart.o
        12          0          0          0          0        489   sys.o
       328         28          0         20          0       2753   system_stm32f10x.o
       396         32          0          4          0       2189   timer.o
       352         26          0          6        200       3832   usart.o
      3058        288          0          3          0      16079   usb_core.o
         0          0        177         26          0       1155   usb_desc.o
       224         20          0          4         64       2468   usb_endp.o
        60         24          0         20         28       4330   usb_init.o
       648         32          0          4          0       1904   usb_int.o
       464         38          0         68          0       1727   usb_istr.o
        96         10          0          0          0       1948   usb_mem.o
       636        104          0        148          0      12221   usb_prop.o
       464         52          0         12         32       3884   usb_pwr.o
       712        100          0          0          0      10811   usb_regs.o
        82          8          0          0          0       1642   usb_sil.o

    ----------------------------------------------------------------------
     14972       1932        516        432       2984     430798   Object Totals
         0          0         32          0          0          0   (incl. Generated)
        34          0          3          3          0          0   (incl. Padding)

    ----------------------------------------------------------------------

      Code (inc. data)   RO Data    RW Data    ZI Data      Debug   Library Member Name

        86          0          0          0          0          0   __dczerorl2.o
         0          0          0          0          0          0   entry.o
         0          0          0          0          0          0   entry10a.o
         0          0          0          0          0          0   entry11a.o
         4          0          0          0          0          0   entry12b.o
         8          4          0          0          0          0   entry2.o
         4          0          0          0          0          0   entry5.o
         0          0          0          0          0          0   entry7b.o
         0          0          0          0          0          0   entry8b.o
         8          4          0          0          0          0   entry9a.o
        30          0          0          0          0          0   handlers.o
        36          8          0          0          0         68   init.o
         0          0          0          0          0          0   iusefp.o
        30          0          0          0          0         68   llshl.o
        36          0          0          0          0         68   llsshr.o
        32          0          0          0          0         68   llushr.o
       372         14          0          0          0        184   printf1.o
      2232         86          0          0          0        528   printfa.o
        14          0          0          0          0         68   strlen.o
        44          0          0          0          0         80   uidiv.o
        98          0          0          0          0         92   uldiv.o
        48          0          0          0          0         68   cdrcmple.o
       334          0          0          0          0        148   dadd.o
       222          0          0          0          0        100   ddiv.o
       186          0          0          0          0        176   depilogue.o
        48          0          0          0          0         68   dfixul.o
       228          0          0          0          0         96   dmul.o

    ----------------------------------------------------------------------
      4104        116          0          0          0       1880   Library Totals
         4          0          0          0          0          0   (incl. Padding)

    ----------------------------------------------------------------------

      Code (inc. data)   RO Data    RW Data    ZI Data      Debug   Library Name

      3034        116          0          0          0       1224   mc_w.l
      1066          0          0          0          0        656   mf_w.l

    ----------------------------------------------------------------------
      4104        116          0          0          0       1880   Library Totals

    ----------------------------------------------------------------------

==============================================================================


      Code (inc. data)   RO Data    RW Data    ZI Data      Debug   

     19076       2048        516        432       2984     422926   Grand Totals
     19076       2048        516        148       2984     422926   ELF Image Totals (compressed)
     19076       2048        516        148          0          0   ROM Totals

==============================================================================

    Total RO  Size (Code + RO Data)                19592 (  19.13kB)
    Total RW  Size (RW Data + ZI Data)              3416 (   3.34kB)
    Total ROM Size (Code + RO Data + RW Data)      19740 (  19.28kB)

==============================================================================

